I/GCoreUlr( 1720): WorldUpdater received intent Intent { act=com.google.android.location.reporting.ACTION_UPDATE_WORLD cmp=com.google.android.gms/com.google.android.location.reporting.service.DispatchingService (has extras) } with receiverAction com.google.android.location.internal.server.ACTION_RESTARTED
D/GCoreUlr( 1720): Throttling analytics event: db, clear_old:attempt, 1
E/dalvikvm( 1720): Could not find class 'android.app.AppOpsManager', referenced from method buw.a
W/dalvikvm( 1720): VFY: unable to resolve check-cast 301 (Landroid/app/AppOpsManager;) in Lbuw;
D/dalvikvm( 1720): VFY: replacing opcode 0x1f at 0x000e
W/dalvikvm( 1720): Unable to resolve superclass of Ljfn; (1827)
W/dalvikvm( 1720): Link of class 'Ljfn;' failed
W/dalvikvm( 1720): VFY: unable to find class referenced in signature (Ljfn;)
D/GCoreUlr( 1720): Throttling analytics event: db, clear_old:attempt, 1
D/GeofencerStateMachine( 1720): Creating GeofencerStateMachine
W/dalvikvm( 1720): Unable to resolve superclass of Ljfn; (1827)
W/dalvikvm( 1720): Link of class 'Ljfn;' failed
W/dalvikvm( 1720): VFY: unable to find class referenced in signature (Ljfn;)
W/dalvikvm( 1720): Unable to resolve superclass of Ljfn; (1827)
W/dalvikvm( 1720): Link of class 'Ljfn;' failed
W/dalvikvm( 1720): VFY: unable to find class referenced in signature (Ljfn;)
W/dalvikvm( 1720): Unable to resolve superclass of Ljfn; (1827)
W/dalvikvm( 1720): Link of class 'Ljfn;' failed
W/dalvikvm( 1720): VFY: unable to find class referenced in signature (Ljfn;)
D/dalvikvm( 1720): GC_CONCURRENT freed 340K, 7% free 9234K/9860K, paused 3ms+4ms, total 26ms
W/dalvikvm( 1720): Unable to resolve superclass of Ljfn; (1827)
W/dalvikvm( 1720): Link of class 'Ljfn;' failed
I/dalvikvm( 1720): Could not find method jfn.a, referenced from method jew.<init>
W/dalvikvm( 1720): VFY: unable to resolve static method 28691: Ljfn;.a ()Ljfn;
D/dalvikvm( 1720): VFY: replacing opcode 0x71 at 0x001c
W/dalvikvm( 1720): Unable to resolve superclass of Ljfn; (1827)
W/dalvikvm( 1720): Link of class 'Ljfn;' failed
W/dalvikvm( 1720): Unable to resolve superclass of Ljfn; (1827)
W/dalvikvm( 1720): Link of class 'Ljfn;' failed
W/dalvikvm( 1720): Unable to resolve superclass of Ljfn; (1827)
W/dalvikvm( 1720): Link of class 'Ljfn;' failed
W/dalvikvm( 1720): Unable to resolve superclass of Ljfn; (1827)
W/dalvikvm( 1720): Link of class 'Ljfn;' failed
W/dalvikvm( 1720): Unable to resolve superclass of Ljfn; (1827)
W/dalvikvm( 1720): Link of class 'Ljfn;' failed
I/dalvikvm( 1720): Could not find method jfn.b, referenced from method jew.g
W/dalvikvm( 1720): VFY: unable to resolve virtual method 28692: Ljfn;.b ()Ljes;
D/dalvikvm( 1720): VFY: replacing opcode 0x6e at 0x000d
D/GCoreUlr( 1720): Throttling analytics event: db, clear_old:attempt, 1
I/dalvikvm( 1720): Could not find method android.accounts.AccountManager.getAccountsByTypeForPackage, referenced from method buu.c
W/dalvikvm( 1720): VFY: unable to resolve virtual method 1178: Landroid/accounts/AccountManager;.getAccountsByTypeForPackage (Ljava/lang/String;Ljava/lang/String;)[Landroid/accounts/Account;
D/dalvikvm( 1720): VFY: replacing opcode 0x6e at 0x000c
I/dalvikvm( 1720): Could not find method android.os.UserManager.getApplicationRestrictions, referenced from method buu.c
W/dalvikvm( 1720): VFY: unable to resolve virtual method 2635: Landroid/os/UserManager;.getApplicationRestrictions (Ljava/lang/String;)Landroid/os/Bundle;
D/dalvikvm( 1720): VFY: replacing opcode 0x6e at 0x0012
I/dalvikvm( 1720): Could not find method android.os.UserManager.getUserRestrictions, referenced from method buu.e
W/dalvikvm( 1720): VFY: unable to resolve virtual method 2637: Landroid/os/UserManager;.getUserRestrictions ()Landroid/os/Bundle;
D/dalvikvm( 1720): VFY: replacing opcode 0x6e at 0x000f
E/GCoreUlr( 1720): Error deleting /data/data/com.google.android.gms/files/flog
E/GCoreUlr( 1720): Error deleting /data/data/com.google.android.gms/files/flog
V/GeofencerHelper( 1720): Initializing geofence's system cache.
V/PSManager( 1720): Initializing PlaceSubscriptionManager's system cache.
D/dalvikvm( 1720): GC_CONCURRENT freed 250K, 5% free 9417K/9860K, paused 4ms+4ms, total 46ms
D/GCoreUlr( 1720): Throttling analytics event: db, restrict_to:attempt, 1
D/GeofenceStateCache( 1720): Recovered 0 geofences.
D/GCoreUlr( 1720): Throttling analytics event: db, restrict_to:attempt, 1
D/GCoreUlr( 1720): Throttling analytics event: db, restrict_to:attempt, 1
I/GCoreUlr( 1720): Ensuring that reporting is stopped because of reasons: {account#-7#=[InactiveReason{mVersionCode=0, mIdentifier=6, mName='ReportingNotSelected'}], account#11#=[InactiveReason{mVersionCode=0, mIdentifier=6, mName='ReportingNotSelected'}]}
D/GCoreFlp( 1720): Unknown pending intent to remove.
I/GCoreUlr( 1720): Unbound from all location providers
D/dalvikvm( 1720): GC_FOR_ALLOC freed 193K, 4% free 9592K/9896K, paused 20ms, total 20ms
D/dalvikvm( 1720): GC_FOR_ALLOC freed 106K, 5% free 9646K/10064K, paused 20ms, total 20ms
I/dalvikvm-heap( 1720): Grow heap (frag case) to 9.622MB for 186718-byte allocation
D/dalvikvm( 1720): GC_FOR_ALLOC freed <1K, 5% free 9828K/10248K, paused 22ms, total 22ms
D/dalvikvm( 1720): GC_CONCURRENT freed 494K, 6% free 9829K/10356K, paused 4ms+4ms, total 36ms
D/dalvikvm( 1720): GC_CONCURRENT freed 634K, 8% free 9584K/10356K, paused 2ms+4ms, total 27ms
I/GCoreUlr( 1720): Received powerMode change from NLP: com.google.android.location.activity.LOW_POWER_MODE_ENABLED
I/GCoreUlr( 1720): Starting service, intent=Intent { act=com.google.android.location.reporting.ACTION_UPDATE_ACTIVE_STATE cmp=com.google.android.gms/com.google.android.location.reporting.service.DispatchingService }, extras=null
I/GCoreUlr( 1720): Starting service, intent=Intent { act=com.google.android.location.reporting.ACTION_UPDATE_WORLD cmp=com.google.android.gms/com.google.android.location.reporting.service.DispatchingService (has extras) }, extras=Bundle[{receiverAction=com.google.android.location.internal.server.ACTION_RESTARTED}]
W/Settings( 1720): Setting airplane_mode_on has moved from android.provider.Settings.System to android.provider.Settings.Global, returning read-only value.
D/GCoreUlr( 1720): Throttling analytics event: db, restrict_to:attempt, 1
D/GCoreUlr( 1720): Throttling analytics event: db, restrict_to:attempt, 1
D/GCoreUlr( 1720): Throttling analytics event: db, restrict_to:attempt, 1
I/GCoreUlr( 1720): Ensuring that reporting is stopped because of reasons: {account#-7#=[InactiveReason{mVersionCode=0, mIdentifier=6, mName='ReportingNotSelected'}], account#11#=[InactiveReason{mVersionCode=0, mIdentifier=6, mName='ReportingNotSelected'}]}
D/dalvikvm(  379): GC_EXPLICIT freed 2066K, 13% free 18668K/21432K, paused 4ms+9ms, total 111ms
D/GCoreFlp( 1720): Unknown pending intent to remove.
W/Settings( 1720): Setting airplane_mode_on has moved from android.provider.Settings.System to android.provider.Settings.Global, returning read-only value.
I/GCoreUlr( 1720): Unbound from all location providers
I/GCoreUlr( 1720): WorldUpdater received intent Intent { act=com.google.android.location.reporting.ACTION_UPDATE_WORLD cmp=com.google.android.gms/com.google.android.location.reporting.service.DispatchingService (has extras) } with receiverAction com.google.android.location.internal.server.ACTION_RESTARTED
D/GCoreUlr( 1720): Throttling analytics event: db, clear_old:attempt, 1
D/GCoreUlr( 1720): Throttling analytics event: db, clear_old:attempt, 1
D/GCoreUlr( 1720): Throttling analytics event: db, clear_old:attempt, 1
W/CellInfoLte(  569): writeToParcel(Parcel, int): CellInfoLte: mRegistered=NO mTimeStampType=unknown mTimeStamp=9223372036854775807ns, LteCellIdentitiy:android.telephony.CellIdentityLte@7fffff65 mMcc=2147483647 mMnc=2147483647 mCi=2147483647 mPci=2147483647 mTac=2147483647, CellSignalStrengthLte: ss=2147483647 rsrp=2147483647 rsrq=2147483647 rssnr=2147483647 cqi=2147483647 ta=2147483647
W/CellInfoLte( 1720): CellInfoLte(Parcel): CellInfoLte: mRegistered=NO mTimeStampType=unknown mTimeStamp=9223372036854775807ns, LteCellIdentitiy:android.telephony.CellIdentityLte@7fffff65 mMcc=2147483647 mMnc=2147483647 mCi=2147483647 mPci=2147483647 mTac=2147483647, CellSignalStrengthLte: ss=2147483647 rsrp=2147483647 rsrq=2147483647 rssnr=2147483647 cqi=2147483647 ta=2147483647
W/CellInfoLte( 1720): getCellIdentity: LteCellIdentitiy:android.telephony.CellIdentityLte@7fffff65 mMcc=2147483647 mMnc=2147483647 mCi=2147483647 mPci=2147483647 mTac=2147483647
W/CellInfoLte(  569): writeToParcel(Parcel, int): CellInfoLte: mRegistered=NO mTimeStampType=unknown mTimeStamp=9223372036854775807ns, LteCellIdentitiy:android.telephony.CellIdentityLte@7fffff65 mMcc=2147483647 mMnc=2147483647 mCi=2147483647 mPci=2147483647 mTac=2147483647, CellSignalStrengthLte: ss=2147483647 rsrp=2147483647 rsrq=2147483647 rssnr=2147483647 cqi=2147483647 ta=2147483647
W/CellInfoLte( 1720): CellInfoLte(Parcel): CellInfoLte: mRegistered=NO mTimeStampType=unknown mTimeStamp=9223372036854775807ns, LteCellIdentitiy:android.telephony.CellIdentityLte@7fffff65 mMcc=2147483647 mMnc=2147483647 mCi=2147483647 mPci=2147483647 mTac=2147483647, CellSignalStrengthLte: ss=2147483647 rsrp=2147483647 rsrq=2147483647 rssnr=2147483647 cqi=2147483647 ta=2147483647
W/CellInfoLte( 1720): getCellIdentity: LteCellIdentitiy:android.telephony.CellIdentityLte@7fffff65 mMcc=2147483647 mMnc=2147483647 mCi=2147483647 mPci=2147483647 mTac=2147483647
D/dalvikvm( 1720): GC_CONCURRENT freed 285K, 7% free 9724K/10356K, paused 4ms+3ms, total 40ms
E/GCoreUlr( 1720): Error deleting /data/data/com.google.android.gms/files/flog
E/GCoreUlr( 1720): Error deleting /data/data/com.google.android.gms/files/flog
D/GCoreUlr( 1720): Throttling analytics event: db, restrict_to:attempt, 1
D/GCoreUlr( 1720): Throttling analytics event: db, restrict_to:attempt, 1
D/GCoreUlr( 1720): Throttling analytics event: db, restrict_to:attempt, 1
I/GCoreUlr( 1720): Ensuring that reporting is stopped because of reasons: {account#-7#=[InactiveReason{mVersionCode=0, mIdentifier=6, mName='ReportingNotSelected'}], account#11#=[InactiveReason{mVersionCode=0, mIdentifier=6, mName='ReportingNotSelected'}]}
D/GCoreFlp( 1720): Unknown pending intent to remove.
I/GCoreUlr( 1720): Unbound from all location providers
E/.AppDataSearchProvider( 1461): Could not connect to AppDataSearchClient for onTableChanged, error 12
E/.AppDataSearchProvider( 1461): Could not connect to AppDataSearchClient for onTableChanged, error 12
E/.AppDataSearchProvider( 1461): Could not connect to AppDataSearchClient for onTableChanged, error 12
E/.AppDataSearchProvider( 1461): Could not connect to AppDataSearchClient for onTableChanged, error 12
D/dalvikvm( 1286): GC_CONCURRENT freed 154K, 3% free 9553K/9844K, paused 3ms+3ms, total 26ms
D/Finsky  ( 1286): [1] 5.onFinished: Installation state replication succeeded.
W/ThrottleService(  379): unable to find stats for iface rmnet0
W/SocketClient(  123): write error (Broken pipe)
W/ProcessStats(  379): Skipping unknown process pid 1995
W/ProcessStats(  379): Skipping unknown process pid 1996
W/ProcessStats(  379): Skipping unknown process pid 1997
W/ProcessStats(  379): Skipping unknown process pid 1998
D/dalvikvm(  893): GC_CONCURRENT freed 193K, 3% free 8927K/9152K, paused 3ms+3ms, total 25ms
I/PowerManagerService(  379): Waking up from sleep...
I/WindowManager(  379): Lock screen displayed!
D/PowerManagerService-JNI(  379): Excessive delay in autosuspend_disable() while turning screen on: 354ms
D/SurfaceFlinger(  126): Screen acquired, type=0 flinger=0x4149d318
D/LightsService(  379): Excessive delay setting light: 83ms
I/PowerManagerService(  379): Going to sleep by user request...
D/LightsService(  379): Excessive delay setting light: 60ms
D/SurfaceFlinger(  126): Screen released, type=0 flinger=0x4149d318
D/dalvikvm(  379): GC_FOR_ALLOC freed 933K, 9% free 19503K/21432K, paused 89ms, total 92ms
E/PlayEventLogger( 1286): Upload failed class java.net.UnknownHostException(Unable to resolve host "play.googleapis.com": No address associated with hostname)
W/Finsky  ( 1286): [1] LibraryUpdateListener.onErrorResponse: Library replication failed: com.android.volley.NoConnectionError: java.net.UnknownHostException: Unable to resolve host "android.clients.google.com": No address associated with hostname
W/Finsky  ( 1286): [1] LibraryUpdateListener.onErrorResponse: Library replication failed: com.android.volley.NoConnectionError: java.net.UnknownHostException: Unable to resolve host "android.clients.google.com": No address associated with hostname
D/Finsky  ( 1286): [1] CheckWifiAndAutoUpdate.cancelCheck: Cancelling auto-update wifi check.
D/dalvikvm( 1286): GC_CONCURRENT freed 560K, 6% free 9504K/10092K, paused 2ms+4ms, total 25ms
D/dalvikvm( 1286): WAIT_FOR_CONCURRENT_GC blocked 16ms
W/Finsky  ( 1286): [1] 2.onErrorResponse: Update check failed: com.android.volley.NoConnectionError: java.net.UnknownHostException: Unable to resolve host "android.clients.google.com": No address associated with hostname
D/Finsky  ( 1286): [1] DailyHygiene.flushEventLogsAndContinue: Flushing event logs for [NXc-S7wTgYh6NHr0HeW1L0cNTKc]
D/dalvikvm( 1344): GC_CONCURRENT freed 325K, 4% free 8709K/9060K, paused 3ms+2ms, total 30ms
D/Finsky  ( 1286): [1] DailyHygiene.flushEventLogsAndContinue: Flushing event logs for [WEiJMfq6N1ycN70wWT5X0WvPgwI]
D/Finsky  ( 1286): [1] DailyHygiene.reschedule: Scheduling new run in 29 minutes (failures=2)
D/dalvikvm( 1286): GC_CONCURRENT freed 560K, 7% free 9455K/10092K, paused 3ms+4ms, total 357ms
D/dalvikvm( 1286): WAIT_FOR_CONCURRENT_GC blocked 337ms
D/Finsky  ( 1286): [1] 5.onFinished: Installation state replication succeeded.
E/PlayEventLogger( 1286): Upload failed class java.net.UnknownHostException(Unable to resolve host "play.googleapis.com": No address associated with hostname)
W/ThrottleService(  379): unable to find stats for iface rmnet0
W/SocketClient(  123): write error (Broken pipe)
D/dalvikvm( 1286): GC_CONCURRENT freed 537K, 8% free 9362K/10092K, paused 4ms+10ms, total 39ms
E/PlayEventLogger( 1286): Upload failed class java.net.UnknownHostException(Unable to resolve host "play.googleapis.com": No address associated with hostname)
I/dalvikvm(  379): Jit: resizing JitTable from 8192 to 16384
E/PlayEventLogger( 1286): Upload failed class java.net.UnknownHostException(Unable to resolve host "play.googleapis.com": No address associated with hostname)
W/ThrottleService(  379): unable to find stats for iface rmnet0
E/PlayEventLogger( 1286): Upload failed class java.net.UnknownHostException(Unable to resolve host "play.googleapis.com": No address associated with hostname)
D/dalvikvm(  911): GC_CONCURRENT freed 316K, 4% free 9749K/10096K, paused 6ms+3ms, total 34ms
I/PowerManagerService(  379): Waking up from sleep...
I/WindowManager(  379): Lock screen displayed!
D/dalvikvm(  379): GC_CONCURRENT freed 3674K, 17% free 18446K/22156K, paused 5ms+12ms, total 129ms
D/PowerManagerService-JNI(  379): Excessive delay in autosuspend_disable() while turning screen on: 350ms
D/SurfaceFlinger(  126): Screen acquired, type=0 flinger=0x4149d318
D/LightsService(  379): Excessive delay setting light: 84ms
D/LightsService(  379): Excessive delay setting light: 67ms
I/PowerManagerService(  379): Going to sleep by user request...
D/SurfaceFlinger(  126): Screen released, type=0 flinger=0x4149d318
D/dalvikvm(  569): GC_CONCURRENT freed 370K, 5% free 8998K/9392K, paused 2ms+12ms, total 395ms
I/Choreographer(  379): Skipped 30 frames!  The application may be doing too much work on its main thread.
I/EventLogService( 1637): Aggregate from 950339280473 (log), 950339280473 (data)
D/dalvikvm( 1637): GC_CONCURRENT freed 286K, 6% free 9073K/9572K, paused 4ms+4ms, total 32ms
I/ServiceDumpSys( 1637): dumping service [account]
I/ActivityManager(  379): No longer want com.google.android.apps.plus (pid 1570): empty for 1807s
I/ActivityManager(  379): No longer want com.google.android.gallery3d (pid 1536): empty for 1808s
I/ActivityManager(  379): No longer want android.process.acore (pid 695): empty for 1808s
I/ActivityManager(  379): No longer want com.android.chrome (pid 1593): empty for 1808s
I/ActivityManager(  379): No longer want com.google.android.apps.uploader (pid 1554): empty for 1808s
I/ActivityManager(  379): No longer want com.google.android.music:main (pid 1461): empty for 1808s
I/ActivityManager(  379): No longer want android.process.media (pid 621): empty for 1810s
I/ActivityManager(  379): No longer want com.google.android.calendar (pid 1364): empty for 1827s
I/ActivityManager(  379): No longer want com.google.android.gm (pid 1327): empty for 1827s
I/ActivityManager(  379): No longer want com.android.settings (pid 1442): empty for 1828s
I/ActivityManager(  379): No longer want com.google.android.apps.googlevoice (pid 1426): empty for 1828s
I/ActivityManager(  379): No longer want com.google.android.talk (pid 1383): empty for 1830s
I/ActivityManager(  379): No longer want com.samsung.syncservice (pid 1201): empty for 1833s
I/ActivityManager(  379): No longer want com.android.bip (pid 1016): empty for 1835s
W/ActivityManager(  379): Scheduling restart of crashed service com.samsung.syncservice/.SyncmlService in 5000ms
W/ActivityManager(  379): Scheduling restart of crashed service com.android.bip/.BIPService in 14998ms
W/ActivityManager(  379): Scheduling restart of crashed service com.android.providers.downloads/.DownloadService in 24980ms
E/PlayEventLogger( 1286): Upload failed class java.net.UnknownHostException(Unable to resolve host "play.googleapis.com": No address associated with hostname)
I/ActivityManager(  379): Start proc com.samsung.syncservice for service com.samsung.syncservice/.SyncmlService: pid=7154 uid=1000 gids={41000, 1015, 1028, 3002, 3001, 3003, 3007}
I/ActivityManager(  379): No longer want com.android.providers.calendar (pid 1473): empty for 1800s
I/SyncmlService( 7154): onCreate 
I/        ( 7154): dm_register_ext_handler_connector
W/ContextImpl( 7154): Calling a method in the system process without a qualified user: android.app.ContextImpl.startService:1352 android.content.ContextWrapper.startService:450 com.samsung.dmexthandler.SyncmlDMExtHandlerConnector.<init>:134 com.samsung.syncservice.SyncmlService.onCreate:160 android.app.ActivityThread.handleCreateService:2529 
W/ContextImpl( 7154): Calling a method in the system process without a qualified user: android.app.ContextImpl.bindService:1406 android.content.ContextWrapper.bindService:473 com.samsung.dmexthandler.SyncmlDMExtHandlerConnector.<init>:135 com.samsung.syncservice.SyncmlService.onCreate:160 android.app.ActivityThread.handleCreateService:2529 
W/ContextImpl( 7154): Calling a method in the system process without a qualified user: android.app.ContextImpl.bindService:1406 android.content.ContextWrapper.bindService:473 com.samsung.syncservice.SyncmlService.onCreate:173 android.app.ActivityThread.handleCreateService:2529 android.app.ActivityThread.access$1600:141 
I/ActivityManager(  379): Start proc com.android.bip for service com.android.bip/.BIPService: pid=7219 uid=10001 gids={50001, 3003, 1028}
I/ActivityManager(  379): Start proc android.process.media for service com.android.providers.downloads/.DownloadService: pid=7248 uid=10015 gids={50015, 1015, 1023, 1024, 1028, 2001, 3003, 3007}
D/dalvikvm(  127): GC_EXPLICIT freed 41K, 1% free 8625K/8692K, paused 2ms+3ms, total 32ms
D/dalvikvm(  127): GC_EXPLICIT freed <1K, 1% free 8625K/8692K, paused 2ms+3ms, total 30ms
D/dalvikvm(  127): GC_EXPLICIT freed <1K, 1% free 8625K/8692K, paused 2ms+3ms, total 28ms
I/DownloadManager( 7248): in removeSpuriousFiles
D/dalvikvm( 7248): GC_CONCURRENT freed 240K, 3% free 8807K/9076K, paused 4ms+2ms, total 38ms
W/ThrottleService(  379): unable to find stats for iface rmnet0
I/PowerManagerService(  379): Waking up from sleep...
I/ActivityManager(  379): Start proc com.google.android.music:main for broadcast com.google.android.music/.leanback.AutoCacheSchedulingService$ActionReceiver: pid=7321 uid=10039 gids={50039, 3003, 1015, 1028}
I/WindowManager(  379): Lock screen displayed!
I/MusicStore( 7321): Database version: 90
D/dalvikvm( 7321): GC_CONCURRENT freed 188K, 3% free 8851K/9068K, paused 5ms+3ms, total 29ms
D/dalvikvm( 1622): GC_EXPLICIT freed 553K, 7% free 8996K/9576K, paused 2ms+5ms, total 37ms
I/dalvikvm( 7321): Could not find method android.content.Context.getExternalFilesDirs, referenced from method com.google.android.music.download.cache.CacheLocationManager.deviceHasExternalStorage
W/dalvikvm( 7321): VFY: unable to resolve virtual method 511: Landroid/content/Context;.getExternalFilesDirs (Ljava/lang/String;)[Ljava/io/File;
D/dalvikvm( 7321): VFY: replacing opcode 0x6e at 0x008f
I/dalvikvm( 7321): Could not find method android.content.Context.getExternalFilesDirs, referenced from method com.google.android.music.download.cache.StorageProbeUtils.getLocationsWithKitKatApis
W/dalvikvm( 7321): VFY: unable to resolve virtual method 511: Landroid/content/Context;.getExternalFilesDirs (Ljava/lang/String;)[Ljava/io/File;
D/dalvikvm( 7321): VFY: replacing opcode 0x6e at 0x0015
D/PowerManagerService-JNI(  379): Excessive delay in autosuspend_disable() while turning screen on: 347ms
D/SurfaceFlinger(  126): Screen acquired, type=0 flinger=0x4149d318
D/LightsService(  379): Excessive delay setting light: 51ms
I/MediaRouter( 7321): Found default route: MediaRouter.RouteInfo{ uniqueId=android/.support.v7.media.SystemMediaRouteProvider:DEFAULT_ROUTE, name=Phone, description=null, enabled=true, connecting=false, playbackType=0, playbackStream=3, volumeHandling=1, volume=15, volumeMax=15, presentationDisplayId=-1, extras=null, providerPackageName=android }
D/dalvikvm( 7321): GC_CONCURRENT freed 281K, 4% free 9003K/9312K, paused 3ms+3ms, total 24ms
D/LightsService(  379): Excessive delay setting light: 66ms
I/ActivityManager(  379): Start proc com.google.android.gallery3d for broadcast com.google.android.gallery3d/com.google.android.picasasync.BatteryReceiver: pid=7343 uid=10019 gids={50019, 1006, 3003, 1015, 1028}
I/ConfigStore( 7321): Config Database version: 1
I/MusicLeanback( 7321): Stop autocaching.
I/MusicLeanback( 7321): Stop autocaching.
I/CastUtils( 7321): Removing provider: MediaRouter.RouteProviderInfo{ packageName=com.google.android.gms }
D/CacheService( 7321): onCreate
D/CacheService( 7321): onBind
I/MusicLeanback( 7321): Stop autocaching.
I/MusicLeanback( 7321): Stop autocaching.
D/dalvikvm( 7343): GC_CONCURRENT freed 415K, 5% free 8756K/9160K, paused 3ms+3ms, total 36ms
I/dalvikvm( 7321): Could not find method android.app.ActivityManager.isLowRamDevice, referenced from method com.google.android.music.utils.SystemUtils.isLowMemory
W/dalvikvm( 7321): VFY: unable to resolve virtual method 274: Landroid/app/ActivityManager;.isLowRamDevice ()Z
D/dalvikvm( 7321): VFY: replacing opcode 0x6e at 0x000e
I/MusicLeanback( 7321): Conditions not met for autocaching.
I/MusicLeanback( 7321): Stop autocaching.
D/dalvikvm( 7343): GC_CONCURRENT freed 526K, 6% free 8744K/9296K, paused 3ms+2ms, total 21ms
D/dalvikvm( 7343): WAIT_FOR_CONCURRENT_GC blocked 3ms
D/CacheService( 7321): onDestroy
I/ActivityManager(  379): Start proc com.google.android.apps.uploader for broadcast com.google.android.apps.uploader/com.google.android.picasasync.BatteryReceiver: pid=7366 uid=10037 gids={50037, 3003, 1015, 1028}
D/UploadsManager( 7343):    wifiOnlyVideo changed to true
D/UploadsManager( 7343):    syncOnBattery changed to true
D/PicasaSync( 7343): sync account database
D/PicasaSync( 7343): accounts in DB=2
D/PicasaSyncManager( 7343): background data: true
D/PicasaSyncManager( 7343): reject PrefetchAlbumCover (***************************) because master auto sync is off
D/PicasaSyncManager( 7343): reject PrefetchAlbumCover (***************************) because master auto sync is off
D/PicasaSyncManager( 7343): reject PrefetchScreenNail (***************************) because master auto sync is off
D/PicasaSyncManager( 7343): reject PrefetchScreenNail (***************************) because master auto sync is off
D/PicasaSyncManager( 7343): battery info: false
D/dalvikvm( 7366): GC_CONCURRENT freed 470K, 6% free 8667K/9164K, paused 3ms+2ms, total 20ms
D/dalvikvm( 7366): WAIT_FOR_CONCURRENT_GC blocked 5ms
D/PicasaUploader( 7366):    wifiOnlyPhoto changed to true
D/PicasaUploader( 7366):    wifiOnlyVideo changed to true
D/PicasaUploader( 7366):    syncOnBattery changed to true
I/ActivityManager(  379): Start proc com.google.android.apps.plus for broadcast com.google.android.apps.plus/.iu.InstantUploadEnvironment$BatteryReceiver: pid=7381 uid=10047 gids={50047, 3003, 3002, 1015, 1006, 1028}
D/PicasaUploaderSync( 7366): sync account database
D/PicasaUploaderSync( 7366): accounts in DB=2
D/PicasaUploaderSyncManager( 7366): background data: true
D/PicasaUploaderSyncManager( 7366): battery info: false
D/dalvikvm( 7381): Trying to load lib /data/app-lib/com.google.android.apps.plus-2/libcrashreporter.so 0x41492908
D/dalvikvm( 7381): Added shared lib /data/app-lib/com.google.android.apps.plus-2/libcrashreporter.so 0x41492908
D/dalvikvm( 7381): GC_CONCURRENT freed 309K, 4% free 8796K/9132K, paused 3ms+3ms, total 27ms
I/iu.Environment( 7381): update battery state; isPlugged? false
I/iu.Environment( 7381): update connectivity state; isNetworkMetered? false, isRoaming? false, isBackgroundDataAllowed? false
I/iu.Environment( 7381): update battery state; isPlugged? false
I/iu.UploadsManager( 7381): #reloadSettings(); account: loua94@gmail.com; pageID: none; IU: enabled; IS: disabled; photoWiFi: false; videoWiFi: true; roam: false; battery: true; size: FULL; maxMobile: 157286400
D/dalvikvm( 7381): GC_CONCURRENT freed 282K, 4% free 8934K/9260K, paused 4ms+2ms, total 21ms
I/ActivityManager(  379): Start proc com.android.chrome for broadcast com.android.chrome/com.google.android.apps.chrome.precache.PrecacheServiceLauncher: pid=7405 uid=10096 gids={50096, 1006, 3003, 1015, 1028}
I/iu.UploadsManager( 7381): storage changed; old: -1, new: -1
D/dalvikvm(  379): GC_EXPLICIT freed 1114K, 14% free 19063K/22156K, paused 2ms+13ms, total 110ms
I/ActivityManager(  379): Start proc android.process.acore for content provider com.android.providers.contacts/.ContactsProvider2: pid=7419 uid=10000 gids={50000, 3003, 1015, 1028}
D/PicasaSyncManager( 7343): reject PrefetchAlbumCover (***************************) because master auto sync is off
D/PicasaSyncManager( 7343): reject PrefetchAlbumCover (***************************) because master auto sync is off
D/PicasaSyncManager( 7343): reject PrefetchScreenNail (***************************) because master auto sync is off
D/PicasaSyncManager( 7343): reject PrefetchScreenNail (***************************) because master auto sync is off
D/dalvikvm( 7419): GC_CONCURRENT freed 183K, 3% free 8855K/9068K, paused 4ms+3ms, total 23ms
I/iu.UploadsManager( 7381): End new media; added: 0, uploading: 0, time: 84 ms
I/iu.FingerprintManager( 7381): Start processing all media
I/iu.FingerprintManager( 7381): Start processing media store URI: content://media/external/images/media
D/dalvikvm( 7381): GC_CONCURRENT freed 286K, 4% free 9043K/9356K, paused 3ms+4ms, total 21ms
I/iu.FingerprintManager( 7381): Start processing media store URI: content://media/external/video/media
I/iu.FingerprintManager( 7381): Start processing media store URI: content://media/phoneStorage/images/media
I/iu.FingerprintManager( 7381): Start processing media store URI: content://media/phoneStorage/video/media
I/iu.FingerprintManager( 7381): Finished generating fingerprints; 0.103 seconds
I/iu.FingerprintManager( 7381):   numSeen=258 numGenerated=0 numDeleted=0 numFailed=0
D/dalvikvm( 7419): GC_CONCURRENT freed 163K, 3% free 9084K/9276K, paused 2ms+3ms, total 23ms
D/MtpService( 7248): updating state; isCurrentUser=true, mMtpLocked=true
D/MtpService( 7248): updating state; isCurrentUser=true, mMtpLocked=true
D/dalvikvm( 7248): GC_CONCURRENT freed 256K, 4% free 8957K/9240K, paused 2ms+3ms, total 43ms
D/MtpService( 7248): starting MTP server in MTP mode
D/CacheService( 7321): onCreate
D/CacheService( 7321): onBind
I/MusicLeanback( 7321): Conditions not met for autocaching.
I/MusicLeanback( 7321): Stop autocaching.
D/CacheService( 7321): onDestroy
W/PowerUI (  490): unknown intent: Intent { act=android.intent.action.ACTION_POWER_CONNECTED flg=0x8000010 }
D/PicasaSyncManager( 7343): battery info: true
D/PicasaUploaderSyncManager( 7366): battery info: true
I/iu.Environment( 7381): update battery state; isPlugged? true*
I/iu.SyncManager( 7381): SYNC; picasa accounts
I/iu.FingerprintManager( 7381): Start processing all media
D/CacheService( 7321): onCreate
D/CacheService( 7321): onBind
I/MusicLeanback( 7321): Conditions not met for autocaching.
I/MusicLeanback( 7321): Stop autocaching.
D/CacheService( 7321): onDestroy
I/iu.FingerprintManager( 7381): Start processing media store URI: content://media/external/images/media
D/dalvikvm( 7343): GC_CONCURRENT freed 250K, 5% free 8898K/9296K, paused 5ms+3ms, total 29ms
D/PicasaSyncManager( 7343): reject PrefetchAlbumCover (***************************) because master auto sync is off
D/PicasaSyncManager( 7343): reject PrefetchAlbumCover (***************************) because master auto sync is off
I/iu.UploadsManager( 7381): num queued entries: 0
D/PicasaSyncManager( 7343): reject PrefetchScreenNail (***************************) because master auto sync is off
D/PicasaSyncManager( 7343): reject PrefetchScreenNail (***************************) because master auto sync is off
I/iu.UploadsManager( 7381): num updated entries: 0
I/iu.SyncManager( 7381): NEXT; no task
I/iu.FingerprintManager( 7381): Start processing media store URI: content://media/external/video/media
D/dalvikvm( 7381): GC_CONCURRENT freed 447K, 6% free 9015K/9492K, paused 2ms+1ms, total 16ms
I/iu.FingerprintManager( 7381): Start processing media store URI: content://media/phoneStorage/images/media
I/iu.FingerprintManager( 7381): Start processing media store URI: content://media/phoneStorage/video/media
I/iu.FingerprintManager( 7381): Finished generating fingerprints; 0.100 seconds
I/iu.FingerprintManager( 7381):   numSeen=258 numGenerated=0 numDeleted=0 numFailed=0
I/GAV2    ( 7381): Thread[GAThread,5,main]: No campaign data found.
I/keystore(  132): uid: 1000 action: p -> 1 state: 2 -> 1 retry: 4
D/PhoneStatusBar(  490): disable: < expand* icons alerts ticker* system_info BACK HOME recent* clock search >
D/MtpService( 7248): addStorageLocked 65537 /storage/emulated/0
D/PhoneStatusBar(  490): disable: < expand icons alerts ticker system_info back* home* recent clock search >
V/TAG     (  379): bug 7643792: fitSystemWindows([0,50][0,0])
W/LocationOracleImpl(  911): Best location was null
I/Velvet.VelvetNetworkClient(  911): Network connection not availble
W/EntriesRefreshIntentService(  911): Error sending request to the server
I/ActivityManager(  379): No longer want com.vzw.hss.myverizonged (pid 893): empty for 1806s
D/PicasaSyncManager( 7343): battery info: false
D/PicasaUploaderSyncManager( 7366): battery info: false
I/iu.Environment( 7381): update battery state; isPlugged? false*
I/iu.UploadsManager( 7381): num queued entries: 0
I/iu.UploadsManager( 7381): num updated entries: 0
I/iu.SyncManager( 7381): NEXT; no task
D/CacheService( 7321): onCreate
D/CacheService( 7321): onBind
I/MusicLeanback( 7321): Conditions not met for autocaching.
I/MusicLeanback( 7321): Stop autocaching.
D/dalvikvm( 7321): GC_CONCURRENT freed 270K, 4% free 9125K/9424K, paused 6ms+2ms, total 34ms
D/CacheService( 7321): onDestroy
D/PicasaSyncManager( 7343): reject PrefetchAlbumCover (***************************) because master auto sync is off
D/PicasaSyncManager( 7343): reject PrefetchAlbumCover (***************************) because master auto sync is off
D/PicasaSyncManager( 7343): reject PrefetchScreenNail (***************************) because master auto sync is off
D/PicasaSyncManager( 7343): reject PrefetchScreenNail (***************************) because master auto sync is off
D/MtpService( 7248): updating state; isCurrentUser=true, mMtpLocked=false
D/MtpService( 7248): addStorageLocked 65537 /storage/emulated/0
D/MtpService( 7248): updating state; isCurrentUser=true, mMtpLocked=false
D/MtpService( 7248): starting MTP server in MTP mode
D/MtpService( 7248): addStorageLocked 65537 /storage/emulated/0
W/PowerUI (  490): unknown intent: Intent { act=android.intent.action.ACTION_POWER_CONNECTED flg=0x8000010 }
D/PicasaSyncManager( 7343): battery info: true
D/PicasaUploaderSyncManager( 7366): battery info: true
I/iu.Environment( 7381): update battery state; isPlugged? true*
D/CacheService( 7321): onCreate
D/CacheService( 7321): onBind
I/MusicLeanback( 7321): Conditions not met for autocaching.
I/MusicLeanback( 7321): Stop autocaching.
I/iu.FingerprintManager( 7381): Start processing all media
D/CacheService( 7321): onDestroy
I/iu.UploadsManager( 7381): num queued entries: 0
I/iu.UploadsManager( 7381): num updated entries: 0
I/iu.FingerprintManager( 7381): Start processing media store URI: content://media/external/images/media
I/iu.SyncManager( 7381): NEXT; no task
D/PicasaSyncManager( 7343): reject PrefetchAlbumCover (***************************) because master auto sync is off
D/PicasaSyncManager( 7343): reject PrefetchAlbumCover (***************************) because master auto sync is off
D/PicasaSyncManager( 7343): reject PrefetchScreenNail (***************************) because master auto sync is off
D/PicasaSyncManager( 7343): reject PrefetchScreenNail (***************************) because master auto sync is off
I/iu.FingerprintManager( 7381): Start processing media store URI: content://media/external/video/media
I/iu.FingerprintManager( 7381): Start processing media store URI: content://media/phoneStorage/images/media
I/iu.FingerprintManager( 7381): Start processing media store URI: content://media/phoneStorage/video/media
I/iu.FingerprintManager( 7381): Finished generating fingerprints; 0.109 seconds
I/iu.FingerprintManager( 7381):   numSeen=258 numGenerated=0 numDeleted=0 numFailed=0
D/dalvikvm(  490): GC_CONCURRENT freed 3157K, 14% free 19731K/22912K, paused 10ms+9ms, total 47ms
D/LightsService(  379): Excessive delay setting light: 67ms
D/dalvikvm( 7248): GC_FOR_ALLOC freed 103K, 4% free 9137K/9480K, paused 17ms, total 17ms
D/dalvikvm( 7248): GC_FOR_ALLOC freed <1K, 4% free 9256K/9600K, paused 16ms, total 16ms
I/dalvikvm-heap( 7248): Grow heap (frag case) to 9.295MB for 243816-byte allocation
D/dalvikvm( 7248): GC_FOR_ALLOC freed 0K, 4% free 9494K/9840K, paused 17ms, total 17ms
D/dalvikvm(  379): GC_EXPLICIT freed 1780K, 19% free 18028K/22156K, paused 3ms+7ms, total 86ms
D/dalvikvm( 7248): GC_CONCURRENT freed 117K, 2% free 9778K/9960K, paused 3ms+3ms, total 28ms
D/dalvikvm(  379): GC_EXPLICIT freed 838K, 22% free 17302K/22156K, paused 3ms+6ms, total 80ms
D/dalvikvm(  379): GC_EXPLICIT freed 112K, 22% free 17302K/22156K, paused 2ms+8ms, total 86ms
D/dalvikvm( 7248): GC_CONCURRENT freed 306K, 4% free 9869K/10204K, paused 3ms+4ms, total 28ms
D/dalvikvm(  379): GC_EXPLICIT freed 111K, 22% free 17303K/22156K, paused 3ms+7ms, total 77ms
D/dalvikvm( 7248): GC_CONCURRENT freed 381K, 4% free 9887K/10296K, paused 3ms+6ms, total 23ms
D/dalvikvm(  379): GC_EXPLICIT freed 112K, 22% free 17302K/22156K, paused 2ms+6ms, total 76ms
D/dalvikvm(  379): GC_EXPLICIT freed 113K, 22% free 17302K/22156K, paused 3ms+6ms, total 75ms
D/dalvikvm( 7248): GC_CONCURRENT freed 377K, 4% free 9905K/10312K, paused 3ms+5ms, total 30ms
D/dalvikvm(  379): GC_EXPLICIT freed 112K, 22% free 17303K/22156K, paused 3ms+6ms, total 75ms
D/dalvikvm( 7248): GC_CONCURRENT freed 382K, 4% free 9922K/10332K, paused 2ms+5ms, total 22ms
D/dalvikvm(  379): GC_EXPLICIT freed 112K, 22% free 17302K/22156K, paused 3ms+7ms, total 86ms
D/dalvikvm(  379): GC_EXPLICIT freed 112K, 22% free 17303K/22156K, paused 3ms+7ms, total 77ms
D/dalvikvm( 7248): GC_CONCURRENT freed 378K, 4% free 9943K/10348K, paused 2ms+5ms, total 23ms
D/dalvikvm(  379): GC_EXPLICIT freed 112K, 22% free 17302K/22156K, paused 3ms+6ms, total 74ms
D/dalvikvm( 7248): GC_CONCURRENT freed 385K, 4% free 9956K/10368K, paused 3ms+4ms, total 24ms
D/dalvikvm(  611): GC_FOR_ALLOC freed 714K, 12% free 14878K/16772K, paused 19ms, total 19ms
D/dalvikvm(  379): GC_EXPLICIT freed 112K, 22% free 17302K/22156K, paused 3ms+6ms, total 85ms
D/dalvikvm( 7248): null clazz in OP_INSTANCE_OF, single-stepping
D/dalvikvm(  379): GC_EXPLICIT freed 112K, 22% free 17303K/22156K, paused 2ms+7ms, total 90ms
D/dalvikvm( 7248): GC_CONCURRENT freed 378K, 4% free 9979K/10384K, paused 4ms+8ms, total 44ms
D/dalvikvm(  379): GC_EXPLICIT freed 113K, 22% free 17302K/22156K, paused 4ms+6ms, total 99ms
D/dalvikvm( 7248): GC_CONCURRENT freed 388K, 4% free 9993K/10408K, paused 2ms+5ms, total 29ms
D/dalvikvm(  379): GC_EXPLICIT freed 112K, 22% free 17303K/22156K, paused 2ms+6ms, total 82ms
D/dalvikvm(  379): GC_EXPLICIT freed 113K, 22% free 17302K/22156K, paused 3ms+7ms, total 86ms
D/dalvikvm( 7248): GC_CONCURRENT freed 378K, 4% free 10017K/10424K, paused 3ms+6ms, total 38ms
D/dalvikvm(  379): GC_EXPLICIT freed 112K, 22% free 17303K/22156K, paused 3ms+8ms, total 87ms
D/dalvikvm( 7248): GC_CONCURRENT freed 391K, 4% free 10030K/10448K, paused 2ms+5ms, total 24ms
D/dalvikvm(  379): GC_EXPLICIT freed 112K, 22% free 17302K/22156K, paused 3ms+6ms, total 78ms
D/dalvikvm(  379): GC_EXPLICIT freed 113K, 22% free 17302K/22156K, paused 3ms+6ms, total 80ms
D/dalvikvm( 7248): GC_CONCURRENT freed 379K, 4% free 10047K/10456K, paused 1ms+6ms, total 28ms
D/dalvikvm(  379): GC_EXPLICIT freed 113K, 22% free 17302K/22156K, paused 2ms+8ms, total 85ms
D/dalvikvm( 7248): GC_CONCURRENT freed 383K, 4% free 10067K/10476K, paused 3ms+5ms, total 29ms
D/dalvikvm(  379): GC_EXPLICIT freed 112K, 22% free 17302K/22156K, paused 3ms+6ms, total 84ms
D/dalvikvm(  379): GC_EXPLICIT freed 113K, 22% free 17302K/22156K, paused 3ms+7ms, total 84ms
D/dalvikvm( 7248): GC_CONCURRENT freed 374K, 4% free 10077K/10480K, paused 3ms+4ms, total 24ms
D/dalvikvm(  379): GC_EXPLICIT freed 111K, 22% free 17303K/22156K, paused 4ms+10ms, total 105ms
D/dalvikvm( 7248): GC_CONCURRENT freed 376K, 4% free 10098K/10504K, paused 3ms+4ms, total 29ms
D/dalvikvm(  379): GC_EXPLICIT freed 111K, 22% free 17302K/22156K, paused 3ms+6ms, total 72ms
D/dalvikvm(  379): GC_EXPLICIT freed 113K, 22% free 17302K/22156K, paused 3ms+6ms, total 75ms
D/dalvikvm( 7248): GC_CONCURRENT freed 376K, 4% free 10118K/10524K, paused 3ms+6ms, total 31ms
D/dalvikvm(  379): GC_EXPLICIT freed 112K, 22% free 17302K/22156K, paused 3ms+6ms, total 76ms
D/dalvikvm( 7248): GC_CONCURRENT freed 384K, 4% free 10133K/10544K, paused 3ms+5ms, total 39ms
D/dalvikvm(  379): GC_EXPLICIT freed 112K, 22% free 17302K/22156K, paused 3ms+9ms, total 104ms
D/dalvikvm(  379): GC_EXPLICIT freed 113K, 22% free 17302K/22156K, paused 4ms+11ms, total 108ms
D/dalvikvm( 7248): GC_CONCURRENT freed 374K, 4% free 10164K/10556K, paused 2ms+5ms, total 34ms
D/dalvikvm(  379): GC_EXPLICIT freed 112K, 22% free 17303K/22156K, paused 3ms+6ms, total 80ms
D/dalvikvm( 7248): GC_CONCURRENT freed 390K, 4% free 10182K/10600K, paused 2ms+4ms, total 24ms
D/dalvikvm(  379): GC_EXPLICIT freed 112K, 22% free 17302K/22156K, paused 3ms+6ms, total 76ms
D/dalvikvm(  379): GC_EXPLICIT freed 113K, 22% free 17302K/22156K, paused 2ms+7ms, total 76ms
D/dalvikvm( 7248): GC_CONCURRENT freed 393K, 4% free 10199K/10624K, paused 3ms+6ms, total 29ms
D/dalvikvm(  379): GC_EXPLICIT freed 111K, 22% free 17302K/22156K, paused 4ms+10ms, total 105ms
D/dalvikvm(  379): GC_EXPLICIT freed 113K, 22% free 17302K/22156K, paused 3ms+7ms, total 86ms
D/dalvikvm( 7248): GC_CONCURRENT freed 397K, 5% free 10220K/10648K, paused 1ms+7ms, total 31ms
D/dalvikvm(  379): GC_EXPLICIT freed 112K, 22% free 17303K/22156K, paused 3ms+6ms, total 76ms
D/dalvikvm( 7248): GC_CONCURRENT freed 405K, 5% free 10238K/10672K, paused 2ms+4ms, total 24ms
D/dalvikvm(  379): GC_EXPLICIT freed 112K, 22% free 17302K/22156K, paused 2ms+6ms, total 77ms
D/dalvikvm(  379): GC_EXPLICIT freed 112K, 22% free 17302K/22156K, paused 3ms+6ms, total 76ms
D/dalvikvm( 7248): GC_CONCURRENT freed 403K, 5% free 10266K/10700K, paused 2ms+5ms, total 25ms
D/dalvikvm(  379): GC_EXPLICIT freed 110K, 22% free 17302K/22156K, paused 4ms+6ms, total 86ms
D/dalvikvm( 7248): GC_CONCURRENT freed 415K, 5% free 10294K/10740K, paused 2ms+5ms, total 25ms
D/dalvikvm(  379): GC_EXPLICIT freed 112K, 22% free 17302K/22156K, paused 2ms+9ms, total 87ms
D/dalvikvm(  379): GC_EXPLICIT freed 111K, 22% free 17303K/22156K, paused 3ms+6ms, total 85ms
D/dalvikvm( 7248): GC_CONCURRENT freed 411K, 5% free 10332K/10772K, paused 1ms+6ms, total 23ms
D/dalvikvm(  379): GC_EXPLICIT freed 112K, 22% free 17302K/22156K, paused 2ms+6ms, total 71ms
D/dalvikvm(  379): GC_EXPLICIT freed 112K, 22% free 17302K/22156K, paused 2ms+7ms, total 72ms
D/dalvikvm( 7248): GC_CONCURRENT freed 437K, 5% free 10356K/10824K, paused 3ms+5ms, total 24ms
D/dalvikvm(  379): GC_EXPLICIT freed 112K, 22% free 17302K/22156K, paused 2ms+6ms, total 72ms
D/dalvikvm(  379): GC_EXPLICIT freed 113K, 22% free 17302K/22156K, paused 2ms+6ms, total 72ms
D/dalvikvm( 7248): GC_CONCURRENT freed 448K, 5% free 10378K/10856K, paused 1ms+5ms, total 23ms
D/dalvikvm(  379): GC_EXPLICIT freed 111K, 22% free 17302K/22156K, paused 2ms+6ms, total 72ms
D/dalvikvm( 7248): GC_CONCURRENT freed 450K, 5% free 10403K/10884K, paused 2ms+4ms, total 22ms
D/dalvikvm(  379): GC_EXPLICIT freed 113K, 22% free 17302K/22156K, paused 2ms+6ms, total 72ms
D/dalvikvm(  379): GC_EXPLICIT freed 112K, 22% free 17302K/22156K, paused 2ms+6ms, total 72ms
D/dalvikvm( 7248): GC_CONCURRENT freed 451K, 5% free 10435K/10916K, paused 1ms+5ms, total 24ms
D/dalvikvm(  379): GC_EXPLICIT freed 112K, 22% free 17302K/22156K, paused 2ms+6ms, total 71ms
D/dalvikvm(  379): GC_EXPLICIT freed 112K, 22% free 17302K/22156K, paused 2ms+6ms, total 71ms
D/dalvikvm( 7248): GC_CONCURRENT freed 471K, 5% free 10459K/10964K, paused 1ms+6ms, total 25ms
D/dalvikvm(  379): GC_EXPLICIT freed 113K, 22% free 17302K/22156K, paused 2ms+6ms, total 71ms
D/dalvikvm(  379): GC_EXPLICIT freed 113K, 22% free 17302K/22156K, paused 3ms+7ms, total 79ms
D/dalvikvm( 7248): GC_CONCURRENT freed 479K, 5% free 10483K/10996K, paused 2ms+5ms, total 25ms
D/dalvikvm(  379): GC_EXPLICIT freed 112K, 22% free 17302K/22156K, paused 2ms+6ms, total 72ms
D/dalvikvm(  379): GC_EXPLICIT freed 112K, 22% free 17302K/22156K, paused 2ms+6ms, total 75ms
D/dalvikvm( 7248): GC_CONCURRENT freed 484K, 5% free 10507K/11024K, paused 3ms+6ms, total 34ms
D/dalvikvm(  379): GC_EXPLICIT freed 113K, 22% free 17302K/22156K, paused 4ms+9ms, total 104ms
D/dalvikvm(  379): GC_EXPLICIT freed 112K, 22% free 17302K/22156K, paused 3ms+6ms, total 77ms
D/dalvikvm( 7248): GC_CONCURRENT freed 489K, 5% free 10533K/11056K, paused 3ms+6ms, total 30ms
D/dalvikvm(  379): GC_EXPLICIT freed 112K, 22% free 17303K/22156K, paused 3ms+6ms, total 76ms
D/dalvikvm(  379): GC_EXPLICIT freed 113K, 22% free 17302K/22156K, paused 3ms+7ms, total 85ms
D/dalvikvm( 7248): GC_CONCURRENT freed 502K, 5% free 10562K/11096K, paused 3ms+6ms, total 31ms
D/dalvikvm( 7248): WAIT_FOR_CONCURRENT_GC blocked 13ms
D/dalvikvm( 7248): GC_EXPLICIT freed 296K, 8% free 10265K/11096K, paused 3ms+4ms, total 36ms
D/dalvikvm(  379): GC_EXPLICIT freed 112K, 22% free 17303K/22156K, paused 4ms+6ms, total 85ms
D/dalvikvm( 7248): GC_CONCURRENT freed 177K, 6% free 10520K/11096K, paused 3ms+11ms, total 34ms
D/dalvikvm(  379): GC_EXPLICIT freed 112K, 22% free 17302K/22156K, paused 2ms+6ms, total 71ms
D/dalvikvm(  379): GC_EXPLICIT freed 112K, 22% free 17303K/22156K, paused 4ms+10ms, total 105ms
D/dalvikvm( 7248): GC_CONCURRENT freed 447K, 5% free 10600K/11096K, paused 2ms+5ms, total 30ms
D/dalvikvm(  379): GC_EXPLICIT freed 112K, 22% free 17302K/22156K, paused 2ms+6ms, total 76ms
D/dalvikvm(  379): GC_EXPLICIT freed 112K, 22% free 17303K/22156K, paused 2ms+8ms, total 86ms
D/dalvikvm( 7248): GC_EXPLICIT freed 507K, 5% free 10625K/11164K, paused 2ms+6ms, total 38ms
D/dalvikvm(  379): GC_EXPLICIT freed 112K, 22% free 17302K/22156K, paused 2ms+6ms, total 71ms
D/LightsService(  379): Excessive delay setting light: 67ms
D/UsbDebuggingManager(  379): Received public key: QAAAACHP0LIfi0AwaJd4f1ReYfMCgjyWyIC3CYaFYy2PxDGXIYuWv1yDlLbZYCajS/mmXQd/VuIxUBNIaiXGoo1WwMQFST4/oXuf/3eyZ5oevMghhyYp4159RY8fE/TQ4FsX3gyhT7oddga6mjYvE00bzyOHQ/pmp7C6AaojWb9WkdvsKGIoUKcRAMJTY8yrfEls0ASE0wCXRce+zUQS6PO34oQSOTCwjJM9/Y5GVQId/KIPkAUFiEeA9BQUghQvJDQtLUQofL+Gr+PG90zwkXVDLUmrrS78j8I2VINtgrsfoXYlkCcisZtL80COo85ZoGpxsZPPGB8dcE8yLqotGV3bhv/y1nTRlqHXSBmMkQzQXWsKDRsaFrHLmDVfOsByoLChH+mblGycYQOZ3nSGOkwoASh9obugoJ4erPpVJYYaaPiy44Tz67Axz7mvHKP80f6emJuLE/Nf/xEodzWrPiknTEjUd0id1OcpP1sEghBHIx7G4x16hiXnw9+UbwRTyID2hugyMO056kdHA/IqIL+T9smEabC2WZTaABBzmcJ6MUEyG6Pq92Nxfnh8L2JqSjkzu2Yp7Y/7/62c2u4g2uLMi0ctcx+rpV2U6aE/pdO0Sl46eoRtBEc5NCWTWVKuXgARR0SoB5yIZx32IUoFDLz0aibJK2pispYSsXxZyUWtzfYfr1ujKwEAAQA= lades01@lades01-G75VW
W/ContextImpl(  379): Calling a method in the system process without a qualified user: android.app.ContextImpl.startActivity:930 com.android.server.usb.UsbDebuggingManager.showConfirmationDialog:254 com.android.server.usb.UsbDebuggingManager.access$900:46 com.android.server.usb.UsbDebuggingManager$UsbDebuggingHandler.handleMessage:214 android.os.Handler.dispatchMessage:99 
W/ContextImpl(  379): Calling a method in the system process without a qualified user: android.app.ContextImpl.startActivity:942 android.app.ContextImpl.startActivity:931 com.android.server.usb.UsbDebuggingManager.showConfirmationDialog:254 com.android.server.usb.UsbDebuggingManager.access$900:46 com.android.server.usb.UsbDebuggingManager$UsbDebuggingHandler.handleMessage:214 
I/ActivityManager(  379): START u0 {flg=0x10000000 cmp=com.android.systemui/.usb.UsbDebuggingActivity (has extras)} from pid 379
I/ActivityManager(  379): Displayed com.android.systemui/.usb.UsbDebuggingActivity: +240ms
W/InputMethodManagerService(  379): Window already focused, ignoring focus gain of: com.android.internal.view.IInputMethodClient$Stub$Proxy@418cbaf0 attribute=null, token = android.os.BinderProxy@41e45a98
I/PowerManagerService(  379): Going to sleep by user request...
D/LightsService(  379): Excessive delay setting light: 59ms
D/SurfaceFlinger(  126): Screen released, type=0 flinger=0x4149d318
D/dalvikvm(  379): GC_FOR_ALLOC freed 538K, 19% free 18023K/22156K, paused 86ms, total 87ms
D/dalvikvm(  379): GC_FOR_ALLOC freed 8K, 18% free 18241K/22156K, paused 84ms, total 84ms
I/dalvikvm-heap(  379): Grow heap (frag case) to 18.206MB for 380496-byte allocation
D/dalvikvm(  379): GC_FOR_ALLOC freed 10K, 18% free 18602K/22528K, paused 83ms, total 83ms
D/PhoneStatusBar(  490): disable: < EXPAND* icons alerts TICKER* system_info back home RECENT* clock search >
V/TAG     (  379): bug 7643792: fitSystemWindows([0,50][0,0])
D/PhoneStatusBar(  490): disable: < EXPAND icons alerts TICKER system_info BACK* HOME* RECENT clock search >
D/dalvikvm( 1286): GC_FOR_ALLOC freed 346K, 8% free 9315K/10092K, paused 19ms, total 20ms
E/PlayEventLogger( 1286): Upload failed class java.net.UnknownHostException(Unable to resolve host "play.googleapis.com": No address associated with hostname)
W/Finsky  ( 1286): [1] LibraryUpdateListener.onErrorResponse: Library replication failed: com.android.volley.NoConnectionError: java.net.UnknownHostException: Unable to resolve host "android.clients.google.com": No address associated with hostname
W/Finsky  ( 1286): [1] LibraryUpdateListener.onErrorResponse: Library replication failed: com.android.volley.NoConnectionError: java.net.UnknownHostException: Unable to resolve host "android.clients.google.com": No address associated with hostname
D/Finsky  ( 1286): [1] CheckWifiAndAutoUpdate.cancelCheck: Cancelling auto-update wifi check.
D/dalvikvm( 1286): GC_CONCURRENT freed 200K, 6% free 9548K/10092K, paused 2ms+3ms, total 28ms
W/Finsky  ( 1286): [1] 2.onErrorResponse: Update check failed: com.android.volley.NoConnectionError: java.net.UnknownHostException: Unable to resolve host "android.clients.google.com": No address associated with hostname
D/Finsky  ( 1286): [1] DailyHygiene.flushEventLogsAndContinue: Flushing event logs for [NXc-S7wTgYh6NHr0HeW1L0cNTKc]
D/Finsky  ( 1286): [1] DailyHygiene.flushEventLogsAndContinue: Flushing event logs for [WEiJMfq6N1ycN70wWT5X0WvPgwI]
D/Finsky  ( 1286): [1] DailyHygiene.reschedule: Scheduling new run in 88 minutes (failures=3)
D/dalvikvm( 1286): GC_CONCURRENT freed 528K, 6% free 9531K/10092K, paused 4ms+3ms, total 33ms
D/dalvikvm( 1286): WAIT_FOR_CONCURRENT_GC blocked 16ms
D/Finsky  ( 1286): [1] 5.onFinished: Installation state replication succeeded.
D/dalvikvm( 1286): GC_FOR_ALLOC freed 453K, 8% free 9315K/10092K, paused 20ms, total 21ms
E/PlayEventLogger( 1286): Upload failed class java.net.UnknownHostException(Unable to resolve host "play.googleapis.com": No address associated with hostname)
W/ThrottleService(  379): unable to find stats for iface rmnet0
D/dalvikvm( 7381): GC_CONCURRENT freed 362K, 5% free 9042K/9492K, paused 8ms+3ms, total 32ms
I/ActivityManager(  379): Start proc com.android.providers.calendar for content provider com.android.providers.calendar/.CalendarProvider2: pid=7488 uid=10008 gids={50008, 3003, 1015, 1028}
I/CalendarProvider2( 7488): Sending notification intent: Intent { act=android.intent.action.PROVIDER_CHANGED dat=content://com.android.calendar }
W/ContentResolver( 7488): Failed to get type for: content://com.android.calendar (Unknown URL content://com.android.calendar)
I/ActivityManager(  379): Start proc com.google.android.calendar for broadcast com.google.android.calendar/com.android.calendar.alerts.AlertReceiver: pid=7503 uid=10007 gids={50007, 3003, 1028}
