D/LightsService(  379): Excessive delay setting light: 67ms
D/AndroidRuntime( 7989): 
D/AndroidRuntime( 7989): >>>>>> AndroidRuntime START com.android.internal.os.RuntimeInit <<<<<<
D/AndroidRuntime( 7989): CheckJNI is OFF
D/dalvikvm( 7989): Trying to load lib libjavacore.so 0x0
D/dalvikvm( 7989): Added shared lib libjavacore.so 0x0
D/dalvikvm( 7989): Trying to load lib libnativehelper.so 0x0
D/dalvikvm( 7989): Added shared lib libnativehelper.so 0x0
D/AndroidRuntime( 7989): Calling main entry com.android.commands.am.Am
D/dalvikvm( 7989): Note: class Landroid/app/ActivityManagerNative; has 157 unimplemented (abstract) methods
D/AndroidRuntime( 7989): Shutting down VM
I/ActivityManager(  379): START u0 {flg=0x10000000 cmp=com.package.name/com.SylinMino.ShapeSync} from pid 7989
D/dalvikvm( 7989): GC_CONCURRENT freed 92K, 17% free 492K/588K, paused 1ms+0ms, total 4ms
D/LightsService(  379): Excessive delay setting light: 68ms
D/AndroidRuntime( 8001): 
D/AndroidRuntime( 8001): >>>>>> AndroidRuntime START com.android.internal.os.RuntimeInit <<<<<<
D/AndroidRuntime( 8001): CheckJNI is OFF
D/dalvikvm( 8001): Trying to load lib libjavacore.so 0x0
D/dalvikvm( 8001): Added shared lib libjavacore.so 0x0
D/dalvikvm( 8001): Trying to load lib libnativehelper.so 0x0
D/dalvikvm( 8001): Added shared lib libnativehelper.so 0x0
D/AndroidRuntime( 8001): Calling main entry com.android.commands.am.Am
D/dalvikvm( 8001): Note: class Landroid/app/ActivityManagerNative; has 157 unimplemented (abstract) methods
D/AndroidRuntime( 8001): Shutting down VM
D/dalvikvm( 8001): GC_CONCURRENT freed 96K, 17% free 502K/604K, paused 0ms+0ms, total 3ms
E/PlayEventLogger( 1286): Upload failed class java.net.UnknownHostException(Unable to resolve host "play.googleapis.com": No address associated with hostname)
D/AndroidRuntime( 8015): 
D/AndroidRuntime( 8015): >>>>>> AndroidRuntime START com.android.internal.os.RuntimeInit <<<<<<
D/AndroidRuntime( 8015): CheckJNI is OFF
D/dalvikvm( 8015): Trying to load lib libjavacore.so 0x0
D/dalvikvm( 8015): Added shared lib libjavacore.so 0x0
D/dalvikvm( 8015): Trying to load lib libnativehelper.so 0x0
D/dalvikvm( 8015): Added shared lib libnativehelper.so 0x0
D/AndroidRuntime( 8015): Calling main entry com.android.commands.am.Am
D/dalvikvm( 8015): Note: class Landroid/app/ActivityManagerNative; has 157 unimplemented (abstract) methods
D/AndroidRuntime( 8015): Shutting down VM
D/dalvikvm( 8015): GC_CONCURRENT freed 96K, 17% free 502K/604K, paused 0ms+0ms, total 3ms
D/LightsService(  379): Excessive delay setting light: 67ms
D/AndroidRuntime( 8027): 
D/AndroidRuntime( 8027): >>>>>> AndroidRuntime START com.android.internal.os.RuntimeInit <<<<<<
D/AndroidRuntime( 8027): CheckJNI is OFF
D/dalvikvm( 8027): Trying to load lib libjavacore.so 0x0
D/dalvikvm( 8027): Added shared lib libjavacore.so 0x0
D/dalvikvm( 8027): Trying to load lib libnativehelper.so 0x0
D/dalvikvm( 8027): Added shared lib libnativehelper.so 0x0
D/AndroidRuntime( 8027): Calling main entry com.android.commands.am.Am
D/dalvikvm( 8027): Note: class Landroid/app/ActivityManagerNative; has 157 unimplemented (abstract) methods
D/AndroidRuntime( 8027): Shutting down VM
D/dalvikvm( 8027): GC_CONCURRENT freed 92K, 17% free 491K/588K, paused 0ms+0ms, total 3ms
I/ActivityManager(  379): START u0 {flg=0x10000000 cmp=com.SylinMino.ShapeSync/.MainActivity} from pid 8027
D/dalvikvm(  611): GC_FOR_ALLOC freed 5451K, 33% free 15192K/22344K, paused 34ms, total 34ms
D/LightsService(  379): Excessive delay setting light: 68ms
D/AndroidRuntime( 8039): 
D/AndroidRuntime( 8039): >>>>>> AndroidRuntime START com.android.internal.os.RuntimeInit <<<<<<
D/AndroidRuntime( 8039): CheckJNI is OFF
D/dalvikvm( 8039): Trying to load lib libjavacore.so 0x0
D/dalvikvm( 8039): Added shared lib libjavacore.so 0x0
D/dalvikvm( 8039): Trying to load lib libnativehelper.so 0x0
D/dalvikvm( 8039): Added shared lib libnativehelper.so 0x0
D/AndroidRuntime( 8039): Calling main entry com.android.commands.am.Am
D/dalvikvm( 8039): Note: class Landroid/app/ActivityManagerNative; has 157 unimplemented (abstract) methods
D/AndroidRuntime( 8039): Shutting down VM
D/dalvikvm( 8039): GC_CONCURRENT freed 92K, 17% free 492K/588K, paused 1ms+1ms, total 3ms
I/ActivityManager(  379): START u0 {flg=0x10000000 cmp=com.SylinMino.ShapeSync/.Unity} from pid 8039
D/AndroidRuntime( 8051): 
D/AndroidRuntime( 8051): >>>>>> AndroidRuntime START com.android.internal.os.RuntimeInit <<<<<<
D/AndroidRuntime( 8051): CheckJNI is OFF
D/dalvikvm( 8051): Trying to load lib libjavacore.so 0x0
D/dalvikvm( 8051): Added shared lib libjavacore.so 0x0
D/dalvikvm( 8051): Trying to load lib libnativehelper.so 0x0
D/dalvikvm( 8051): Added shared lib libnativehelper.so 0x0
D/AndroidRuntime( 8051): Calling main entry com.android.commands.am.Am
D/dalvikvm( 8051): Note: class Landroid/app/ActivityManagerNative; has 157 unimplemented (abstract) methods
D/AndroidRuntime( 8051): Shutting down VM
D/dalvikvm( 8051): GC_CONCURRENT freed 92K, 17% free 492K/588K, paused 0ms+0ms, total 3ms
I/ActivityManager(  379): START u0 {flg=0x10000000 cmp=com.SylinMino.ShapeSync/.MainActivity} from pid 8051
D/LightsService(  379): Excessive delay setting light: 67ms
D/LightsService(  379): Excessive delay setting light: 67ms
D/AndroidRuntime( 8063): 
D/AndroidRuntime( 8063): >>>>>> AndroidRuntime START com.android.internal.os.RuntimeInit <<<<<<
D/AndroidRuntime( 8063): CheckJNI is OFF
D/dalvikvm( 8063): Trying to load lib libjavacore.so 0x0
D/dalvikvm( 8063): Added shared lib libjavacore.so 0x0
D/dalvikvm( 8063): Trying to load lib libnativehelper.so 0x0
D/dalvikvm( 8063): Added shared lib libnativehelper.so 0x0
D/AndroidRuntime( 8063): Calling main entry com.android.commands.am.Am
D/dalvikvm( 8063): Note: class Landroid/app/ActivityManagerNative; has 157 unimplemented (abstract) methods
I/ActivityManager(  379): START u0 {flg=0x10000000 cmp=com.SylinMino.ShapeSync/.MainActivity} from pid 8063
D/AndroidRuntime( 8063): Shutting down VM
D/dalvikvm( 8063): GC_CONCURRENT freed 92K, 17% free 492K/588K, paused 1ms+1ms, total 4ms
D/AndroidRuntime( 8075): 
D/AndroidRuntime( 8075): >>>>>> AndroidRuntime START com.android.internal.os.RuntimeInit <<<<<<
D/AndroidRuntime( 8075): CheckJNI is OFF
D/dalvikvm( 8075): Trying to load lib libjavacore.so 0x0
D/dalvikvm( 8075): Added shared lib libjavacore.so 0x0
D/dalvikvm( 8075): Trying to load lib libnativehelper.so 0x0
D/dalvikvm( 8075): Added shared lib libnativehelper.so 0x0
D/AndroidRuntime( 8075): Calling main entry com.android.commands.am.Am
D/dalvikvm( 8075): Note: class Landroid/app/ActivityManagerNative; has 157 unimplemented (abstract) methods
D/AndroidRuntime( 8075): Shutting down VM
I/ActivityManager(  379): START u0 {flg=0x10000000 cmp=com.SylinMino.ShapeSync/.Unity} from pid 8075
D/dalvikvm( 8075): GC_CONCURRENT freed 92K, 17% free 492K/588K, paused 1ms+1ms, total 3ms
D/dalvikvm(  611): GC_FOR_ALLOC freed 1854K, 32% free 15391K/22344K, paused 31ms, total 31ms
D/dalvikvm(  611): GC_FOR_ALLOC freed 308K, 29% free 15874K/22344K, paused 29ms, total 29ms
D/dalvikvm(  611): GC_FOR_ALLOC freed 242K, 21% free 17714K/22344K, paused 19ms, total 19ms
D/dalvikvm(  611): GC_FOR_ALLOC freed 2840K, 24% free 17043K/22344K, paused 18ms, total 18ms
I/ActivityManager(  379): START u0 {act=android.intent.action.MAIN cat=[android.intent.category.HOME] flg=0x10200000 cmp=com.android.launcher/com.android.launcher2.Launcher} from pid 379
I/ActivityManager(  379): START u0 {act=com.android.systemui.recent.action.TOGGLE_RECENTS flg=0x10800000 cmp=com.android.systemui/.recent.RecentsActivity} from pid 490
I/ActivityManager(  379): Displayed com.android.systemui/.recent.RecentsActivity: +187ms
D/dalvikvm(  379): GC_FOR_ALLOC freed 2064K, 19% free 18604K/22892K, paused 97ms, total 97ms
I/ActivityManager(  379): START u0 {act=android.intent.action.MAIN cmp=com.android.settings/.SubSettings (has extras)} from pid 7651
D/dalvikvm(  379): GC_FOR_ALLOC freed 2058K, 21% free 18180K/22892K, paused 67ms, total 67ms
W/ContextImpl( 7651): Calling a method in the system process without a qualified user: android.app.ContextImpl.sendOrderedBroadcast:1078 android.content.ContextWrapper.sendOrderedBroadcast:357 com.android.settings.applications.InstalledAppDetails.checkForceStop:1235 com.android.settings.applications.InstalledAppDetails.refreshUi:813 com.android.settings.applications.InstalledAppDetails.onResume:568 
D/android.widget.GridLayout( 7651): vertical constraints: y1-y0>=53, y2-y1>=368, y2-y0<=96 are inconsistent; permanently removing: y2-y0<=96. 
D/android.widget.GridLayout( 7651): vertical constraints: y2-y0>=453, y2-y1<=38, y1-y0<=53 are inconsistent; permanently removing: y2-y1<=38, y2-y0<=96. 
I/ActivityManager(  379): Displayed com.android.settings/.SubSettings: +381ms
D/dalvikvm( 7672): GC_CONCURRENT freed 389K, 5% free 8654K/9072K, paused 2ms+2ms, total 16ms
I/ActivityManager(  379): START u0 {act=android.intent.action.MAIN cat=[android.intent.category.HOME] flg=0x10200000 cmp=com.android.launcher/com.android.launcher2.Launcher} from pid 379
D/dalvikvm(  379): GC_FOR_ALLOC freed 1400K, 21% free 18190K/22892K, paused 91ms, total 91ms
I/PowerManagerService(  379): Going to sleep by user request...
D/LightsService(  379): Excessive delay setting light: 60ms
D/SurfaceFlinger(  126): Screen released, type=0 flinger=0x4149d318
D/dalvikvm(  379): GC_FOR_ALLOC freed 432K, 19% free 18737K/22892K, paused 85ms, total 85ms
D/PhoneStatusBar(  490): disable: < EXPAND* icons alerts TICKER* system_info back home RECENT* clock search >
V/TAG     (  379): bug 7643792: fitSystemWindows([0,50][0,0])
D/PhoneStatusBar(  490): disable: < EXPAND icons alerts TICKER system_info BACK* HOME* RECENT clock search >
I/PowerManagerService(  379): Waking up from sleep...
I/WindowManager(  379): Lock screen displayed!
D/dalvikvm(  490): GC_CONCURRENT freed 8898K, 39% free 14475K/23396K, paused 4ms+12ms, total 81ms
D/PowerManagerService-JNI(  379): Excessive delay in autosuspend_disable() while turning screen on: 346ms
D/SurfaceFlinger(  126): Screen acquired, type=0 flinger=0x4149d318
D/LightsService(  379): Excessive delay setting light: 85ms
I/PowerManagerService(  379): Going to sleep by user request...
D/LightsService(  379): Excessive delay setting light: 61ms
D/SurfaceFlinger(  126): Screen released, type=0 flinger=0x4149d318
D/dalvikvm(  379): GC_FOR_ALLOC freed 763K, 14% free 19880K/22892K, paused 90ms, total 92ms
I/ActivityManager(  379): Start proc com.android.providers.calendar for content provider com.android.providers.calendar/.CalendarProvider2: pid=8103 uid=10008 gids={50008, 3003, 1015, 1028}
I/CalendarProvider2( 8103): Sending notification intent: Intent { act=android.intent.action.PROVIDER_CHANGED dat=content://com.android.calendar }
W/ContentResolver( 8103): Failed to get type for: content://com.android.calendar (Unknown URL content://com.android.calendar)
I/ActivityManager(  379): Start proc com.google.android.calendar for broadcast com.google.android.calendar/com.android.calendar.alerts.AlertReceiver: pid=8118 uid=10007 gids={50007, 3003, 1028}
D/AlertReceiver( 8118): onReceive: a=android.intent.action.PROVIDER_CHANGED Intent { act=android.intent.action.PROVIDER_CHANGED dat=content://com.android.calendar flg=0x10 cmp=com.google.android.calendar/com.android.calendar.alerts.AlertReceiver }
D/AlertService( 8118): 0 Action = android.intent.action.PROVIDER_CHANGED
I/EventLogService( 1637): Aggregate from 946690930534 (log), 946690930534 (data)
I/ServiceDumpSys( 1637): dumping service [account]
D/AlertService( 8118): Beginning updateAlertNotification
D/AlertService( 8118): No fired or scheduled alerts
D/AlertService( 8118): Scheduling next alarm with AlarmScheduler. sEventReminderReceived: null
I/dalvikvm( 8118): Could not find method android.app.AlarmManager.setExact, referenced from method com.android.calendar.alerts.AlertUtils$1.set
W/dalvikvm( 8118): VFY: unable to resolve virtual method 87: Landroid/app/AlarmManager;.setExact (IJLandroid/app/PendingIntent;)V
D/dalvikvm( 8118): VFY: replacing opcode 0x6e at 0x0008
D/AlarmScheduler( 8118): No events found starting within 1 week.
E/PlayEventLogger( 1286): Upload failed class java.net.UnknownHostException(Unable to resolve host "play.googleapis.com": No address associated with hostname)
I/ActivityManager(  379): No longer want com.samsung.syncservice (pid 7578): empty for 1823s
W/ThrottleService(  379): unable to find stats for iface rmnet0
W/ActivityManager(  379): Scheduling restart of crashed service com.samsung.syncservice/.SyncmlService in 5000ms
I/ActivityManager(  379): Start proc com.samsung.syncservice for service com.samsung.syncservice/.SyncmlService: pid=8145 uid=1000 gids={41000, 1015, 1028, 3002, 3001, 3003, 3007}
I/ActivityManager(  379): No longer want com.android.bip (pid 7594): empty for 1800s
W/ActivityManager(  379): Scheduling restart of crashed service com.android.bip/.BIPService in 5000ms
I/SyncmlService( 8145): onCreate 
W/ContextImpl( 8145): Calling a method in the system process without a qualified user: android.app.ContextImpl.startService:1352 android.content.ContextWrapper.startService:450 com.samsung.dmexthandler.SyncmlDMExtHandlerConnector.<init>:134 com.samsung.syncservice.SyncmlService.onCreate:160 android.app.ActivityThread.handleCreateService:2529 
I/        ( 8145): dm_register_ext_handler_connector
W/ContextImpl( 8145): Calling a method in the system process without a qualified user: android.app.ContextImpl.bindService:1406 android.content.ContextWrapper.bindService:473 com.samsung.dmexthandler.SyncmlDMExtHandlerConnector.<init>:135 com.samsung.syncservice.SyncmlService.onCreate:160 android.app.ActivityThread.handleCreateService:2529 
W/ContextImpl( 8145): Calling a method in the system process without a qualified user: android.app.ContextImpl.bindService:1406 android.content.ContextWrapper.bindService:473 com.samsung.syncservice.SyncmlService.onCreate:173 android.app.ActivityThread.handleCreateService:2529 android.app.ActivityThread.access$1600:141 
I/ActivityManager(  379): Start proc com.android.bip for service com.android.bip/.BIPService: pid=8160 uid=10001 gids={50001, 3003, 1028}
W/LocationOracleImpl(  911): Best location was null
I/Velvet.VelvetNetworkClient(  911): Network connection not availble
W/EntriesRefreshIntentService(  911): Error sending request to the server
E/PlayEventLogger( 1286): Upload failed class java.net.UnknownHostException(Unable to resolve host "play.googleapis.com": No address associated with hostname)
I/ActivityManager(  379): No longer want com.google.android.gms.drive (pid 7768): empty for 1804s
I/ActivityManager(  379): No longer want android.process.media (pid 7619): empty for 1804s
I/ActivityManager(  379): No longer want com.android.keychain (pid 7738): empty for 1805s
I/ActivityManager(  379): No longer want com.android.packageinstaller (pid 7691): empty for 1806s
W/ActivityManager(  379): Scheduling restart of crashed service com.android.providers.downloads/.DownloadService in 5000ms
W/ActivityManager(  379): Scheduling restart of crashed service com.android.providers.media/.MtpService in 15000ms
W/ActivityManager(  379): Scheduling restart of crashed service com.google.android.gms/.drive.api.ApiService in 24991ms
I/ActivityManager(  379): Start proc android.process.media for service com.android.providers.downloads/.DownloadService: pid=8185 uid=10015 gids={50015, 1015, 1023, 1024, 1028, 2001, 3003, 3007}
I/DownloadManager( 8185): in removeSpuriousFiles
D/MtpService( 8185): updating state; isCurrentUser=true, mMtpLocked=true
D/MtpService( 8185): updating state; isCurrentUser=true, mMtpLocked=true
D/MtpService( 8185): starting MTP server in MTP mode
D/dalvikvm( 8185): GC_CONCURRENT freed 218K, 3% free 8798K/9044K, paused 4ms+3ms, total 31ms
I/ActivityManager(  379): Start proc com.google.android.gms.drive for service com.google.android.gms/.drive.api.ApiService: pid=8203 uid=10011 gids={50011, 3003, 1007, 1028, 1015, 1006, 3002, 3001, 2001, 3006}
I/MultiDex( 8203): load(/data/app/com.google.android.gms-2.apk, forceReload=false)
D/dalvikvm( 8203): GC_CONCURRENT freed 173K, 3% free 8947K/9148K, paused 4ms+3ms, total 29ms
I/MultiDex( 8203): Need extracted file /data/data/com.google.android.gms/files/secondary-dexes/com.google.android.gms-2.apk.classes2.zip
I/MultiDex( 8203): No extraction needed for /data/data/com.google.android.gms/files/secondary-dexes/com.google.android.gms-2.apk.classes2.zip of size 1809539
D/GCM     ( 1622): GcmService start Intent { act=com.google.android.gms.INITIALIZE flg=0x10 pkg=com.google.android.gms cmp=com.google.android.gms/.gcm.GcmService } com.google.android.gms.INITIALIZE
D/dalvikvm( 8203): GC_CONCURRENT freed 255K, 4% free 9093K/9376K, paused 3ms+4ms, total 29ms
V/SubscriptionIntentCache( 8203): Loaded 0 cache items in 101 milliseconds
I/LegacyContentMigrator( 8203): Migrating any legacy content...
I/LegacyContentMigrator( 8203): Content migration complete.
I/PinnedContentDownloader( 8203): Started downloading pinned content.
I/PinnedContentDownloader( 8203): Stopped downloading pinned content because the device is offline.
I/ActivityManager(  379): No longer want com.google.android.apps.docs (pid 7842): empty for 1802s
I/ActivityManager(  379): No longer want com.google.android.apps.plus (pid 7817): empty for 1802s
I/ActivityManager(  379): No longer want com.google.android.talk (pid 7787): empty for 1802s
I/ActivityManager(  379): No longer want com.google.android.partnersetup (pid 7907): empty for 1802s
I/ActivityManager(  379): No longer want com.android.musicfx (pid 7752): empty for 1802s
I/ActivityManager(  379): No longer want com.google.android.gallery3d (pid 7723): empty for 1802s
I/ActivityManager(  379): No longer want android.process.acore (pid 7705): empty for 1802s
E/PlayEventLogger( 1286): Upload failed class java.net.UnknownHostException(Unable to resolve host "play.googleapis.com": No address associated with hostname)
D/dalvikvm( 1286): GC_CONCURRENT freed 360K, 8% free 9349K/10092K, paused 3ms+3ms, total 26ms
I/ActivityManager(  379): No longer want com.android.vending (pid 1286): empty for 1819s
W/ThrottleService(  379): unable to find stats for iface rmnet0
W/ThrottleService(  379): unable to find stats for iface rmnet0
I/Velvet.VelvetFactory(  911): refreshing search history.
W/GAV2    (  911): Thread[Thread-169,5,main]: dispatch call queued.  Need to call GAServiceManager.getInstance().initialize().
D/dalvikvm(  911): GC_CONCURRENT freed 512K, 6% free 9836K/10376K, paused 4ms+5ms, total 35ms
W/LocationOracleImpl(  911): Best location was null
I/ActivityManager(  379): Start proc com.google.android.partnersetup for content provider com.google.android.partnersetup/.RlzAppProvider: pid=8241 uid=10025 gids={50025, 3003, 1028}
D/dalvikvm( 1622): GC_EXPLICIT freed 236K, 6% free 9066K/9576K, paused 3ms+5ms, total 42ms
D/dalvikvm( 1344): GC_CONCURRENT freed 348K, 5% free 8794K/9168K, paused 4ms+3ms, total 30ms
I/GLSUser ( 1344): GLS error: NetworkError loua94@gmail.com mobilepersonalfeeds
W/Search.LoginHelper(  911): IO exception for scope: mobilepersonalfeeds
W/Search.LoginHelper(  911): java.io.IOException
W/Search.LoginHelper(  911): 	at android.accounts.AccountManager.convertErrorToException(AccountManager.java:1619)
W/Search.LoginHelper(  911): 	at android.accounts.AccountManager.access$400(AccountManager.java:141)
W/Search.LoginHelper(  911): 	at android.accounts.AccountManager$AmsTask$Response.onError(AccountManager.java:1480)
W/Search.LoginHelper(  911): 	at android.accounts.IAccountManagerResponse$Stub.onTransact(IAccountManagerResponse.java:69)
W/Search.LoginHelper(  911): 	at android.os.Binder.execTransact(Binder.java:351)
W/Search.LoginHelper(  911): 	at dalvik.system.NativeStart.run(Native Method)
I/GLSUser ( 1344): GLS error: NetworkError loua94@gmail.com mobilepersonalfeeds
W/Search.LoginHelper(  911): IO exception for scope: mobilepersonalfeeds
W/Search.LoginHelper(  911): java.io.IOException
W/Search.LoginHelper(  911): 	at android.accounts.AccountManager.convertErrorToException(AccountManager.java:1619)
W/Search.LoginHelper(  911): 	at android.accounts.AccountManager.access$400(AccountManager.java:141)
W/Search.LoginHelper(  911): 	at android.accounts.AccountManager$AmsTask$Response.onError(AccountManager.java:1480)
W/Search.LoginHelper(  911): 	at android.accounts.IAccountManagerResponse$Stub.onTransact(IAccountManagerResponse.java:69)
W/Search.LoginHelper(  911): 	at android.os.Binder.execTransact(Binder.java:351)
W/Search.LoginHelper(  911): 	at dalvik.system.NativeStart.run(Native Method)
D/dalvikvm(  911): GC_CONCURRENT freed 316K, 5% free 9906K/10376K, paused 2ms+3ms, total 27ms
I/ActivityManager(  379): No longer want com.android.providers.calendar (pid 8103): empty for 1800s
I/ActivityManager(  379): No longer want com.google.android.calendar (pid 8118): empty for 1800s
I/EventLogService( 1637): Aggregate from 946692730792 (log), 946692730792 (data)
D/dalvikvm( 1637): GC_CONCURRENT freed 361K, 5% free 9371K/9808K, paused 5ms+4ms, total 28ms
I/ServiceDumpSys( 1637): dumping service [account]
D/dalvikvm(  379): GC_EXPLICIT freed 3297K, 18% free 18985K/22892K, paused 4ms+14ms, total 123ms
W/ThrottleService(  379): unable to find stats for iface rmnet0
I/ActivityManager(  379): No longer want com.android.bip (pid 8160): empty for 1821s
I/ActivityManager(  379): No longer want com.samsung.syncservice (pid 8145): empty for 1826s
W/ActivityManager(  379): Scheduling restart of crashed service com.samsung.syncservice/.SyncmlService in 5000ms
W/ActivityManager(  379): Scheduling restart of crashed service com.android.bip/.BIPService in 14997ms
W/LocationOracleImpl(  911): Best location was null
I/Velvet.VelvetNetworkClient(  911): Network connection not availble
W/EntriesRefreshIntentService(  911): Error sending request to the server
I/ActivityManager(  379): Start proc com.samsung.syncservice for service com.samsung.syncservice/.SyncmlService: pid=8276 uid=1000 gids={41000, 1015, 1028, 3002, 3001, 3003, 3007}
I/SyncmlService( 8276): onCreate 
I/        ( 8276): dm_register_ext_handler_connector
W/ContextImpl( 8276): Calling a method in the system process without a qualified user: android.app.ContextImpl.startService:1352 android.content.ContextWrapper.startService:450 com.samsung.dmexthandler.SyncmlDMExtHandlerConnector.<init>:134 com.samsung.syncservice.SyncmlService.onCreate:160 android.app.ActivityThread.handleCreateService:2529 
W/ContextImpl( 8276): Calling a method in the system process without a qualified user: android.app.ContextImpl.bindService:1406 android.content.ContextWrapper.bindService:473 com.samsung.dmexthandler.SyncmlDMExtHandlerConnector.<init>:135 com.samsung.syncservice.SyncmlService.onCreate:160 android.app.ActivityThread.handleCreateService:2529 
W/ContextImpl( 8276): Calling a method in the system process without a qualified user: android.app.ContextImpl.bindService:1406 android.content.ContextWrapper.bindService:473 com.samsung.syncservice.SyncmlService.onCreate:173 android.app.ActivityThread.handleCreateService:2529 android.app.ActivityThread.access$1600:141 
I/ActivityManager(  379): Start proc com.android.bip for service com.android.bip/.BIPService: pid=8291 uid=10001 gids={50001, 3003, 1028}
I/ActivityManager(  379): Start proc com.android.vending for service com.android.vending/com.google.android.finsky.services.DailyHygiene: pid=8312 uid=10046 gids={50046, 3003, 1015, 1028}
I/ActivityManager(  379): No longer want com.google.android.gms.drive (pid 8203): empty for 1807s
D/dalvikvm(  127): GC_EXPLICIT freed 40K, 1% free 8625K/8692K, paused 6ms+5ms, total 36ms
I/ActivityManager(  379): No longer want android.process.media (pid 8185): empty for 1827s
W/ActivityManager(  379): Scheduling restart of crashed service com.google.android.gms/.drive.api.ApiService in 5000ms
D/dalvikvm(  127): GC_EXPLICIT freed <1K, 1% free 8625K/8692K, paused 3ms+3ms, total 27ms
W/ActivityManager(  379): Scheduling restart of crashed service com.android.providers.media/.MtpService in 14965ms
W/ActivityManager(  379): Scheduling restart of crashed service com.android.providers.downloads/.DownloadService in 24965ms
D/dalvikvm(  127): GC_EXPLICIT freed <1K, 1% free 8625K/8692K, paused 3ms+3ms, total 28ms
W/GooglePlayServicesUtil( 8312): Certificate is not yet valid.
W/GooglePlayServicesUtil( 8312): Google Play Store signature invalid.
E/Finsky  ( 8312): [274] AdvertisingIdClient.ensurePlayServicesAvailable: GooglePlayServices is not available.
D/Finsky  ( 8312): [274] 1.doInBackground: Wasn't able to fetch the adId: IOException
D/dalvikvm( 8312): GC_CONCURRENT freed 250K, 4% free 8822K/9100K, paused 4ms+3ms, total 42ms
D/Finsky  ( 8312): [1] FinskyApp.onCreate: Initializing network with DFE https://android.clients.google.com/fdfe/
D/Finsky  ( 8312): [1] DailyHygiene.goMakeHygieneIfDirty: No need to run daily hygiene.
I/dalvikvm( 8312): Could not find method android.os.StatFs.getAvailableBytes, referenced from method com.google.android.finsky.installer.InstallPolicies.isFreeSpaceSufficient
W/dalvikvm( 8312): VFY: unable to resolve virtual method 863: Landroid/os/StatFs;.getAvailableBytes ()J
D/dalvikvm( 8312): VFY: replacing opcode 0x6e at 0x000f
W/Settings( 8312): Setting download_manager_max_bytes_over_mobile has moved from android.provider.Settings.Secure to android.provider.Settings.Global.
W/Settings( 8312): Setting download_manager_recommended_max_bytes_over_mobile has moved from android.provider.Settings.Secure to android.provider.Settings.Global.
D/dalvikvm( 8312): GC_CONCURRENT freed 314K, 4% free 8985K/9336K, paused 4ms+5ms, total 31ms
D/Finsky  ( 8312): [1] 1.onPostExecute: AdId result returned null.
D/dalvikvm( 8312): GC_CONCURRENT freed 191K, 3% free 9222K/9440K, paused 4ms+4ms, total 27ms
E/PlayEventLogger( 8312): Upload failed class java.net.UnknownHostException(Unable to resolve host "play.googleapis.com": No address associated with hostname)
I/ActivityManager(  379): Start proc android.process.media for content provider com.android.providers.downloads/.DownloadProvider: pid=8349 uid=10015 gids={50015, 1015, 1023, 1024, 1028, 2001, 3003, 3007}
D/Finsky  ( 8312): [1] 2.run: Loaded library for account: [NXc-S7wTgYh6NHr0HeW1L0cNTKc]
I/DownloadManager( 8349): in removeSpuriousFiles
D/dalvikvm( 8312): GC_CONCURRENT freed 390K, 5% free 9229K/9648K, paused 3ms+22ms, total 46ms
D/Finsky  ( 8312): [1] 2.run: Loaded library for account: [WEiJMfq6N1ycN70wWT5X0WvPgwI]
D/Finsky  ( 8312): [1] 2.run: Finished loading 2 libraries.
D/MtpService( 8349): updating state; isCurrentUser=true, mMtpLocked=true
D/MtpService( 8349): updating state; isCurrentUser=true, mMtpLocked=true
D/MtpService( 8349): starting MTP server in MTP mode
D/Finsky  ( 8312): [1] GmsCoreHelper.cleanupNlp: result=false type=4
D/Finsky  ( 8312): [1] RestoreTracker.stopServiceIfDone: Restore complete with 0 success and 0 failed.
W/Finsky  ( 8312): [1] LibraryUpdateListener.onErrorResponse: Library replication failed: com.android.volley.NoConnectionError: java.net.UnknownHostException: Unable to resolve host "android.clients.google.com": No address associated with hostname
W/Finsky  ( 8312): [1] LibraryUpdateListener.onErrorResponse: Library replication failed: com.android.volley.NoConnectionError: java.net.UnknownHostException: Unable to resolve host "android.clients.google.com": No address associated with hostname
D/Finsky  ( 8312): [1] CheckWifiAndAutoUpdate.cancelCheck: Cancelling auto-update wifi check.
D/dalvikvm( 8312): GC_CONCURRENT freed 162K, 2% free 9499K/9692K, paused 3ms+5ms, total 29ms
D/dalvikvm( 8349): GC_CONCURRENT freed 209K, 3% free 8816K/9052K, paused 4ms+7ms, total 33ms
W/Finsky  ( 8312): [1] 2.onErrorResponse: Update check failed: com.android.volley.NoConnectionError: java.net.UnknownHostException: Unable to resolve host "android.clients.google.com": No address associated with hostname
D/Finsky  ( 8312): [1] DailyHygiene.flushEventLogsAndContinue: Flushing event logs for [NXc-S7wTgYh6NHr0HeW1L0cNTKc]
D/Finsky  ( 8312): [1] DailyHygiene.flushEventLogsAndContinue: Flushing event logs for [WEiJMfq6N1ycN70wWT5X0WvPgwI]
D/Finsky  ( 8312): [1] DailyHygiene.reschedule: Scheduling new run in 268 minutes (failures=4)
I/ActivityManager(  379): Start proc com.google.android.gms.drive for service com.google.android.gms/.drive.api.ApiService: pid=8373 uid=10011 gids={50011, 3003, 1007, 1028, 1015, 1006, 3002, 3001, 2001, 3006}
I/MultiDex( 8373): load(/data/app/com.google.android.gms-2.apk, forceReload=false)
D/dalvikvm( 8373): GC_CONCURRENT freed 160K, 3% free 8960K/9148K, paused 3ms+4ms, total 28ms
I/MultiDex( 8373): Need extracted file /data/data/com.google.android.gms/files/secondary-dexes/com.google.android.gms-2.apk.classes2.zip
I/MultiDex( 8373): No extraction needed for /data/data/com.google.android.gms/files/secondary-dexes/com.google.android.gms-2.apk.classes2.zip of size 1809539
D/GCM     ( 1622): GcmService start Intent { act=com.google.android.gms.INITIALIZE flg=0x10 pkg=com.google.android.gms cmp=com.google.android.gms/.gcm.GcmService } com.google.android.gms.INITIALIZE
D/dalvikvm( 8373): GC_CONCURRENT freed 255K, 4% free 9096K/9380K, paused 3ms+4ms, total 26ms
V/SubscriptionIntentCache( 8373): Loaded 0 cache items in 129 milliseconds
I/LegacyContentMigrator( 8373): Migrating any legacy content...
I/LegacyContentMigrator( 8373): Content migration complete.
I/PinnedContentDownloader( 8373): Started downloading pinned content.
I/PinnedContentDownloader( 8373): Stopped downloading pinned content because the device is offline.
D/dalvikvm( 8312): GC_CONCURRENT freed 574K, 6% free 9437K/10040K, paused 3ms+3ms, total 26ms
D/dalvikvm( 8312): WAIT_FOR_CONCURRENT_GC blocked 9ms
D/Finsky  ( 8312): [1] 5.onFinished: Installation state replication succeeded.
W/ThrottleService(  379): unable to find stats for iface rmnet0
E/PlayEventLogger( 8312): Upload failed class java.net.UnknownHostException(Unable to resolve host "play.googleapis.com": No address associated with hostname)
I/ActivityManager(  379): Start proc com.google.android.apps.genie.geniewidget for broadcast com.google.android.apps.genie.geniewidget/.miniwidget.UpdateReceiver: pid=8396 uid=10020 gids={50020, 3003, 1015, 1028}
I/System.out( 8396): [INFO:7]: LogSource: Logging disabled
W/Genie   ( 8396): Cache file not found: java.io.FileNotFoundException: /data/data/com.google.android.apps.genie.geniewidget/cache/genie_iconcache: open failed: ENOENT (No such file or directory)
I/Genie   ( 8396): waking up to refresh News & Weather
I/ActivityManager(  379): Start proc com.google.android.talk for broadcast com.google.android.talk/com.google.android.apps.babel.realtimechat.RealTimeChatService$AlarmReceiver: pid=8414 uid=10055 gids={50055, 3003, 1015, 1006, 3002, 1028}
D/dalvikvm( 8396): GC_CONCURRENT freed 226K, 3% free 8841K/9096K, paused 5ms+10ms, total 55ms
D/dalvikvm( 8414): GC_CONCURRENT freed 322K, 4% free 8786K/9136K, paused 4ms+4ms, total 33ms
W/Settings( 8414): Setting airplane_mode_on has moved from android.provider.Settings.System to android.provider.Settings.Global, returning read-only value.
D/dalvikvm( 8414): GC_CONCURRENT freed 342K, 5% free 8831K/9200K, paused 4ms+2ms, total 26ms
D/dalvikvm( 1622): GC_EXPLICIT freed 132K, 6% free 9051K/9576K, paused 3ms+5ms, total 33ms
D/dalvikvm(  379): GC_EXPLICIT freed 1262K, 18% free 18880K/22892K, paused 3ms+11ms, total 114ms
D/dalvikvm( 1720): GC_CONCURRENT freed 397K, 6% free 9746K/10352K, paused 4ms+4ms, total 30ms
D/dalvikvm( 8396): GC_CONCURRENT freed 243K, 3% free 9012K/9284K, paused 4ms+5ms, total 30ms
I/ActivityManager(  379): Start proc com.android.providers.calendar for content provider com.android.providers.calendar/.CalendarProvider2: pid=8444 uid=10008 gids={50008, 3003, 1015, 1028}
I/CalendarProvider2( 8444): Sending notification intent: Intent { act=android.intent.action.PROVIDER_CHANGED dat=content://com.android.calendar }
W/ContentResolver( 8444): Failed to get type for: content://com.android.calendar (Unknown URL content://com.android.calendar)
I/ActivityManager(  379): Start proc com.google.android.calendar for broadcast com.google.android.calendar/com.android.calendar.alerts.AlertReceiver: pid=8459 uid=10007 gids={50007, 3003, 1028}
D/AlertReceiver( 8459): onReceive: a=android.intent.action.PROVIDER_CHANGED Intent { act=android.intent.action.PROVIDER_CHANGED dat=content://com.android.calendar flg=0x10 cmp=com.google.android.calendar/com.android.calendar.alerts.AlertReceiver }
D/AlertService( 8459): 0 Action = android.intent.action.PROVIDER_CHANGED
D/AlertService( 8459): Beginning updateAlertNotification
D/AlertService( 8459): No fired or scheduled alerts
D/AlertService( 8459): Scheduling next alarm with AlarmScheduler. sEventReminderReceived: null
I/dalvikvm( 8459): Could not find method android.app.AlarmManager.setExact, referenced from method com.android.calendar.alerts.AlertUtils$1.set
W/dalvikvm( 8459): VFY: unable to resolve virtual method 87: Landroid/app/AlarmManager;.setExact (IJLandroid/app/PendingIntent;)V
D/dalvikvm( 8459): VFY: replacing opcode 0x6e at 0x0008
D/AlarmScheduler( 8459): No events found starting within 1 week.
D/dalvikvm( 1407): GC_CONCURRENT freed 338K, 5% free 8780K/9148K, paused 6ms+2ms, total 31ms
D/dalvikvm( 8312): GC_CONCURRENT freed 548K, 7% free 9346K/10040K, paused 6ms+4ms, total 48ms
E/PlayEventLogger( 8312): Upload failed class java.net.UnknownHostException(Unable to resolve host "play.googleapis.com": No address associated with hostname)
W/ThrottleService(  379): unable to find stats for iface rmnet0
E/PlayEventLogger( 8312): Upload failed class java.net.UnknownHostException(Unable to resolve host "play.googleapis.com": No address associated with hostname)
E/PlayEventLogger( 8312): Upload failed class java.net.UnknownHostException(Unable to resolve host "play.googleapis.com": No address associated with hostname)
I/ActivityManager(  379): No longer want com.google.android.partnersetup (pid 8241): empty for 1801s
I/EventLogService( 1637): Aggregate from 946694530950 (log), 946694530950 (data)
I/ServiceDumpSys( 1637): dumping service [account]
W/ThrottleService(  379): unable to find stats for iface rmnet0
W/SocketClient(  123): write error (Broken pipe)
W/LocationOracleImpl(  911): Best location was null
I/Velvet.VelvetNetworkClient(  911): Network connection not availble
W/EntriesRefreshIntentService(  911): Error sending request to the server
D/dalvikvm(  911): GC_CONCURRENT freed 365K, 5% free 9931K/10376K, paused 4ms+3ms, total 29ms
I/ActivityManager(  379): No longer want com.android.bip (pid 8291): empty for 1844s
I/ActivityManager(  379): No longer want com.samsung.syncservice (pid 8276): empty for 1854s
W/ActivityManager(  379): Scheduling restart of crashed service com.android.bip/.BIPService in 5000ms
W/ActivityManager(  379): Scheduling restart of crashed service com.samsung.syncservice/.SyncmlService in 14999ms
I/ActivityManager(  379): Start proc com.android.bip for service com.android.bip/.BIPService: pid=8500 uid=10001 gids={50001, 3003, 1028}
I/ActivityManager(  379): Start proc com.samsung.syncservice for service com.samsung.syncservice/.SyncmlService: pid=8517 uid=1000 gids={41000, 1015, 1028, 3002, 3001, 3003, 3007}
I/SyncmlService( 8517): onCreate 
I/        ( 8517): dm_register_ext_handler_connector
W/ContextImpl( 8517): Calling a method in the system process without a qualified user: android.app.ContextImpl.startService:1352 android.content.ContextWrapper.startService:450 com.samsung.dmexthandler.SyncmlDMExtHandlerConnector.<init>:134 com.samsung.syncservice.SyncmlService.onCreate:160 android.app.ActivityThread.handleCreateService:2529 
W/ContextImpl( 8517): Calling a method in the system process without a qualified user: android.app.ContextImpl.bindService:1406 android.content.ContextWrapper.bindService:473 com.samsung.dmexthandler.SyncmlDMExtHandlerConnector.<init>:135 com.samsung.syncservice.SyncmlService.onCreate:160 android.app.ActivityThread.handleCreateService:2529 
W/ContextImpl( 8517): Calling a method in the system process without a qualified user: android.app.ContextImpl.bindService:1406 android.content.ContextWrapper.bindService:473 com.samsung.syncservice.SyncmlService.onCreate:173 android.app.ActivityThread.handleCreateService:2529 android.app.ActivityThread.access$1600:141 
E/PlayEventLogger( 8312): Upload failed class java.net.UnknownHostException(Unable to resolve host "play.googleapis.com": No address associated with hostname)
I/ActivityManager(  379): No longer want android.process.media (pid 8349): empty for 1800s
W/ActivityManager(  379): Scheduling restart of crashed service com.android.providers.downloads/.DownloadService in 5000ms
W/ActivityManager(  379): Scheduling restart of crashed service com.android.providers.media/.MtpService in 15000ms
E/PlayEventLogger( 8312): Upload failed class java.net.UnknownHostException(Unable to resolve host "play.googleapis.com": No address associated with hostname)
I/ActivityManager(  379): Start proc android.process.media for service com.android.providers.downloads/.DownloadService: pid=8535 uid=10015 gids={50015, 1015, 1023, 1024, 1028, 2001, 3003, 3007}
I/ActivityManager(  379): No longer want com.google.android.gms.drive (pid 8373): empty for 1801s
W/ActivityManager(  379): Scheduling restart of crashed service com.google.android.gms/.drive.api.ApiService in 5000ms
I/DownloadManager( 8535): in removeSpuriousFiles
D/MtpService( 8535): updating state; isCurrentUser=true, mMtpLocked=true
D/MtpService( 8535): updating state; isCurrentUser=true, mMtpLocked=true
D/MtpService( 8535): starting MTP server in MTP mode
D/dalvikvm( 8535): GC_CONCURRENT freed 224K, 3% free 8787K/9040K, paused 4ms+3ms, total 24ms
I/ActivityManager(  379): Start proc com.google.android.gms.drive for service com.google.android.gms/.drive.api.ApiService: pid=8553 uid=10011 gids={50011, 3003, 1007, 1028, 1015, 1006, 3002, 3001, 2001, 3006}
I/MultiDex( 8553): load(/data/app/com.google.android.gms-2.apk, forceReload=false)
D/dalvikvm( 8553): GC_CONCURRENT freed 181K, 3% free 8953K/9160K, paused 4ms+9ms, total 48ms
I/MultiDex( 8553): Need extracted file /data/data/com.google.android.gms/files/secondary-dexes/com.google.android.gms-2.apk.classes2.zip
I/MultiDex( 8553): No extraction needed for /data/data/com.google.android.gms/files/secondary-dexes/com.google.android.gms-2.apk.classes2.zip of size 1809539
D/GCM     ( 1622): GcmService start Intent { act=com.google.android.gms.INITIALIZE flg=0x10 pkg=com.google.android.gms cmp=com.google.android.gms/.gcm.GcmService } com.google.android.gms.INITIALIZE
D/dalvikvm( 8553): GC_CONCURRENT freed 260K, 4% free 9091K/9384K, paused 2ms+6ms, total 22ms
V/SubscriptionIntentCache( 8553): Loaded 0 cache items in 121 milliseconds
I/LegacyContentMigrator( 8553): Migrating any legacy content...
I/LegacyContentMigrator( 8553): Content migration complete.
I/PinnedContentDownloader( 8553): Started downloading pinned content.
I/PinnedContentDownloader( 8553): Stopped downloading pinned content because the device is offline.
I/ActivityManager(  379): No longer want com.android.vending (pid 8312): empty for 1811s
W/ThrottleService(  379): unable to find stats for iface rmnet0
W/SocketClient(  123): write error (Broken pipe)
W/SocketClient(  123): write error (Broken pipe)
I/ActivityManager(  379): No longer want com.google.android.apps.genie.geniewidget (pid 8396): empty for 1803s
I/ActivityManager(  379): No longer want com.google.android.talk (pid 8414): empty for 1843s
I/ActivityManager(  379): No longer want com.android.providers.calendar (pid 8444): empty for 1849s
I/ActivityManager(  379): No longer want com.google.android.calendar (pid 8459): empty for 1849s
D/MDnsDS  (  123): MDnsSdListener::Monitor poll timed out
D/MDnsDS  (  123): Going to poll with pollCount 1
W/ThrottleService(  379): unable to find stats for iface rmnet0
D/dalvikvm(  379): GC_CONCURRENT freed 2374K, 18% free 18950K/22892K, paused 6ms+10ms, total 117ms
I/ActivityManager(  379): Start proc com.android.providers.calendar for content provider com.android.providers.calendar/.CalendarProvider2: pid=8587 uid=10008 gids={50008, 3003, 1015, 1028}
D/dalvikvm(  127): GC_EXPLICIT freed 40K, 1% free 8625K/8692K, paused 2ms+4ms, total 33ms
D/dalvikvm(  127): GC_EXPLICIT freed <1K, 1% free 8625K/8692K, paused 2ms+4ms, total 26ms
D/dalvikvm(  127): GC_EXPLICIT freed <1K, 1% free 8625K/8692K, paused 2ms+4ms, total 25ms
I/CalendarProvider2( 8587): Sending notification intent: Intent { act=android.intent.action.PROVIDER_CHANGED dat=content://com.android.calendar }
W/ContentResolver( 8587): Failed to get type for: content://com.android.calendar (Unknown URL content://com.android.calendar)
I/ActivityManager(  379): Start proc com.google.android.calendar for broadcast com.google.android.calendar/com.android.calendar.alerts.AlertReceiver: pid=8602 uid=10007 gids={50007, 3003, 1028}
D/AlertReceiver( 8602): onReceive: a=android.intent.action.PROVIDER_CHANGED Intent { act=android.intent.action.PROVIDER_CHANGED dat=content://com.android.calendar flg=0x10 cmp=com.google.android.calendar/com.android.calendar.alerts.AlertReceiver }
D/AlertService( 8602): 0 Action = android.intent.action.PROVIDER_CHANGED
I/EventLogService( 1637): Aggregate from 946696331080 (log), 946696331080 (data)
I/ServiceDumpSys( 1637): dumping service [account]
D/AlertService( 8602): Beginning updateAlertNotification
D/AlertService( 8602): No fired or scheduled alerts
D/AlertService( 8602): Scheduling next alarm with AlarmScheduler. sEventReminderReceived: null
I/dalvikvm( 8602): Could not find method android.app.AlarmManager.setExact, referenced from method com.android.calendar.alerts.AlertUtils$1.set
W/dalvikvm( 8602): VFY: unable to resolve virtual method 87: Landroid/app/AlarmManager;.setExact (IJLandroid/app/PendingIntent;)V
D/dalvikvm( 8602): VFY: replacing opcode 0x6e at 0x0008
D/AlarmScheduler( 8602): No events found starting within 1 week.
W/ThrottleService(  379): unable to find stats for iface rmnet0
W/LocationOracleImpl(  911): Best location was null
I/Velvet.VelvetNetworkClient(  911): Network connection not availble
W/EntriesRefreshIntentService(  911): Error sending request to the server
I/ActivityManager(  379): No longer want com.android.bip (pid 8500): empty for 1801s
W/ActivityManager(  379): Scheduling restart of crashed service com.android.bip/.BIPService in 5000ms
I/ActivityManager(  379): Start proc com.android.bip for service com.android.bip/.BIPService: pid=8631 uid=10001 gids={50001, 3003, 1028}
I/ActivityManager(  379): No longer want com.samsung.syncservice (pid 8517): empty for 1844s
W/ActivityManager(  379): Scheduling restart of crashed service com.samsung.syncservice/.SyncmlService in 5000ms
I/ActivityManager(  379): Start proc com.samsung.syncservice for service com.samsung.syncservice/.SyncmlService: pid=8648 uid=1000 gids={41000, 1015, 1028, 3002, 3001, 3003, 3007}
I/SyncmlService( 8648): onCreate 
W/ContextImpl( 8648): Calling a method in the system process without a qualified user: android.app.ContextImpl.startService:1352 android.content.ContextWrapper.startService:450 com.samsung.dmexthandler.SyncmlDMExtHandlerConnector.<init>:134 com.samsung.syncservice.SyncmlService.onCreate:160 android.app.ActivityThread.handleCreateService:2529 
W/ContextImpl( 8648): Calling a method in the system process without a qualified user: android.app.ContextImpl.bindService:1406 android.content.ContextWrapper.bindService:473 com.samsung.dmexthandler.SyncmlDMExtHandlerConnector.<init>:135 com.samsung.syncservice.SyncmlService.onCreate:160 android.app.ActivityThread.handleCreateService:2529 
I/        ( 8648): dm_register_ext_handler_connector
W/ContextImpl( 8648): Calling a method in the system process without a qualified user: android.app.ContextImpl.bindService:1406 android.content.ContextWrapper.bindService:473 com.samsung.syncservice.SyncmlService.onCreate:173 android.app.ActivityThread.handleCreateService:2529 android.app.ActivityThread.access$1600:141 
I/ActivityManager(  379): No longer want com.google.android.gms.drive (pid 8553): empty for 1815s
I/ActivityManager(  379): No longer want android.process.media (pid 8535): empty for 1820s
I/ActivityManager(  379): No longer want com.google.android.gsf.login (pid 1344): empty for 1826s
W/ActivityManager(  379): Scheduling restart of crashed service com.google.android.gms/.drive.api.ApiService in 5000ms
W/ActivityManager(  379): Scheduling restart of crashed service com.android.providers.media/.MtpService in 14997ms
W/ActivityManager(  379): Scheduling restart of crashed service com.android.providers.downloads/.DownloadService in 24997ms
I/ActivityManager(  379): Start proc com.google.android.gms.drive for service com.google.android.gms/.drive.api.ApiService: pid=8664 uid=10011 gids={50011, 3003, 1007, 1028, 1015, 1006, 3002, 3001, 2001, 3006}
I/MultiDex( 8664): load(/data/app/com.google.android.gms-2.apk, forceReload=false)
D/dalvikvm( 8664): GC_CONCURRENT freed 165K, 3% free 8955K/9148K, paused 3ms+3ms, total 26ms
I/MultiDex( 8664): Need extracted file /data/data/com.google.android.gms/files/secondary-dexes/com.google.android.gms-2.apk.classes2.zip
I/MultiDex( 8664): No extraction needed for /data/data/com.google.android.gms/files/secondary-dexes/com.google.android.gms-2.apk.classes2.zip of size 1809539
D/GCM     ( 1622): GcmService start Intent { act=com.google.android.gms.INITIALIZE flg=0x10 pkg=com.google.android.gms cmp=com.google.android.gms/.gcm.GcmService } com.google.android.gms.INITIALIZE
D/dalvikvm( 8664): GC_CONCURRENT freed 257K, 4% free 9095K/9380K, paused 3ms+6ms, total 24ms
V/SubscriptionIntentCache( 8664): Loaded 0 cache items in 114 milliseconds
I/LegacyContentMigrator( 8664): Migrating any legacy content...
I/LegacyContentMigrator( 8664): Content migration complete.
I/PinnedContentDownloader( 8664): Started downloading pinned content.
I/PinnedContentDownloader( 8664): Stopped downloading pinned content because the device is offline.
I/ActivityManager(  379): Start proc android.process.media for service com.android.providers.media/.MtpService: pid=8684 uid=10015 gids={50015, 1015, 1023, 1024, 1028, 2001, 3003, 3007}
I/DownloadManager( 8684): in removeSpuriousFiles
D/MtpService( 8684): updating state; isCurrentUser=true, mMtpLocked=true
D/MtpService( 8684): updating state; isCurrentUser=true, mMtpLocked=true
D/MtpService( 8684): starting MTP server in MTP mode
D/dalvikvm( 8684): GC_CONCURRENT freed 215K, 3% free 8798K/9044K, paused 4ms+4ms, total 27ms
W/ThrottleService(  379): unable to find stats for iface rmnet0
W/SocketClient(  123): write error (Broken pipe)
D/dalvikvm(  911): GC_CONCURRENT freed 489K, 5% free 9889K/10404K, paused 2ms+3ms, total 30ms
W/ThrottleService(  379): unable to find stats for iface rmnet0
I/ActivityManager(  379): Start proc com.google.android.talk for broadcast com.google.android.talk/com.google.android.apps.babel.realtimechat.RealTimeChatService$AlarmReceiver: pid=8714 uid=10055 gids={50055, 3003, 1015, 1006, 3002, 1028}
D/dalvikvm( 8714): GC_CONCURRENT freed 273K, 4% free 8775K/9076K, paused 5ms+4ms, total 31ms
W/Settings( 8714): Setting airplane_mode_on has moved from android.provider.Settings.System to android.provider.Settings.Global, returning read-only value.
D/dalvikvm( 8714): GC_CONCURRENT freed 364K, 5% free 8809K/9204K, paused 4ms+3ms, total 22ms
D/dalvikvm( 1622): null clazz in OP_INSTANCE_OF, single-stepping
D/dalvikvm( 1622): GC_EXPLICIT freed 111K, 6% free 9054K/9576K, paused 2ms+5ms, total 31ms
I/ActivityManager(  379): No longer want com.google.android.calendar (pid 8602): empty for 1800s
I/EventLogService( 1637): Aggregate from 946698131204 (log), 946698131204 (data)
I/ServiceDumpSys( 1637): dumping service [account]
I/ActivityManager(  379): No longer want com.android.providers.calendar (pid 8587): empty for 1801s
D/dalvikvm( 1637): GC_FOR_ALLOC freed 401K, 6% free 9353K/9900K, paused 23ms, total 23ms
W/ThrottleService(  379): unable to find stats for iface rmnet0
D/dalvikvm(  379): GC_EXPLICIT freed 2303K, 18% free 18959K/22892K, paused 3ms+13ms, total 121ms
W/LocationOracleImpl(  911): Best location was null
I/Velvet.VelvetNetworkClient(  911): Network connection not availble
W/EntriesRefreshIntentService(  911): Error sending request to the server
I/ActivityManager(  379): No longer want com.android.bip (pid 8631): empty for 1848s
W/ActivityManager(  379): Scheduling restart of crashed service com.android.bip/.BIPService in 5000ms
I/ActivityManager(  379): Start proc com.android.bip for service com.android.bip/.BIPService: pid=8751 uid=10001 gids={50001, 3003, 1028}
I/ActivityManager(  379): No longer want com.samsung.syncservice (pid 8648): empty for 1800s
W/ActivityManager(  379): Scheduling restart of crashed service com.samsung.syncservice/.SyncmlService in 5000ms
I/ActivityManager(  379): Start proc com.samsung.syncservice for service com.samsung.syncservice/.SyncmlService: pid=8768 uid=1000 gids={41000, 1015, 1028, 3002, 3001, 3003, 3007}
I/SyncmlService( 8768): onCreate 
I/        ( 8768): dm_register_ext_handler_connector
W/ContextImpl( 8768): Calling a method in the system process without a qualified user: android.app.ContextImpl.startService:1352 android.content.ContextWrapper.startService:450 com.samsung.dmexthandler.SyncmlDMExtHandlerConnector.<init>:134 com.samsung.syncservice.SyncmlService.onCreate:160 android.app.ActivityThread.handleCreateService:2529 
W/ContextImpl( 8768): Calling a method in the system process without a qualified user: android.app.ContextImpl.bindService:1406 android.content.ContextWrapper.bindService:473 com.samsung.dmexthandler.SyncmlDMExtHandlerConnector.<init>:135 com.samsung.syncservice.SyncmlService.onCreate:160 android.app.ActivityThread.handleCreateService:2529 
