[*] My Test Nexus: 
--------- beginning of /dev/log/system
I/Vold    (  119): Vold 2.1 (the revenge) firing up
E/Vold    (  119): Error reading configuration (No such file or directory)... continuing anyways
I/SystemServer(  379): Entered the Android system server!
I/SystemServer(  379): Waiting for installd to be ready.
I/Installer(  379): connecting...
I/SystemServer(  379): Entropy Mixer
I/SystemServer(  379): Power Manager
I/SystemServer(  379): Activity Manager
I/ActivityManager(  379): Memory class: 96
I/UsageStats(  379): Deleting usage file : usage-20000212
I/SystemServer(  379): Display Manager
I/SystemServer(  379): Telephony Registry
I/SystemServer(  379): Scheduling Policy
I/DisplayManagerService(  379): Display device added: DisplayDeviceInfo{"Built-in Screen": 720 x 1280, 58.981003 fps, density 320, 315.31033 x 318.7451 dpi, touch INTERNAL, FLAG_DEFAULT_DISPLAY, FLAG_ROTATES_WITH_CONTENT, FLAG_SECURE, FLAG_SUPPORTS_PROTECTED_BUFFERS, rotation 0, type BUILT_IN, address null}
I/SystemServer(  379): Package Manager
W/PackageParser(  379): No actions in intent filter at /system/app/Bluetooth.apk Binary XML file line #199
W/PackageParser(  379): No actions in intent filter at /system/app/Contacts.apk Binary XML file line #533
W/PackageParser(  379): Problem in package /system/app/Currents.apk:
W/PackageParser(  379): Unknown element under <activity>: item at /system/app/Currents.apk Binary XML file line #151
W/PackageParser(  379): Problem in package /system/app/Currents.apk:
W/PackageParser(  379): Unknown element under <activity>: item at /system/app/Currents.apk Binary XML file line #152
W/PackageParser(  379): Unknown element under <application>: permission at /system/app/GalleryGoogle.apk Binary XML file line #234
W/PackageParser(  379): Unknown element under <application>: permission at /system/app/GalleryGoogle.apk Binary XML file line #237
W/PackageParser(  379): Unknown element under <manifest>: supports-gl-texture at /system/app/GoogleEarth.apk Binary XML file line #19
I/PackageParser(  379): com.vzw.apnlib: compat added android.permission.WRITE_EXTERNAL_STORAGE android.permission.READ_PHONE_STATE
W/PackageManager(  379): Application package com.vzw.apnlib already installed.  Skipping duplicate.
I/PackageParser(  379): com.vzw.apnservice: compat added android.permission.WRITE_EXTERNAL_STORAGE android.permission.READ_PHONE_STATE
W/PackageManager(  379): Package com.google.android.gms desires unavailable shared library com.android.media.remotedisplay; ignoring!
W/PackageManager(  379): Package com.google.android.gms desires unavailable shared library com.google.android.ble; ignoring!
W/PackageParser(  379): Unknown element under <provider>: intent-filter at /data/app/com.google.android.apps.docs-1.apk Binary XML file line #3292
I/PackageParser(  379): com.google.android.opengles.spritetext: compat added android.permission.WRITE_EXTERNAL_STORAGE android.permission.READ_PHONE_STATE
W/PackageParser(  379): Unknown element under <manifest>: supports-gl-texture at /data/app/com.google.earth-2.apk Binary XML file line #19
I/PackageManager(  379): Time to scan packages: 13.214 seconds
W/PackageManager(  379): Not granting permission android.permission.SEND_DOWNLOAD_COMPLETED_INTENTS to package com.google.android.browser (protectionLevel=2 flags=0x9be45)
W/PackageManager(  379): Unknown permission android.permission.ADD_SYSTEM_SERVICE in package com.android.phone
W/PackageManager(  379): Unknown permission com.android.smspush.WAPPUSH_MANAGER_BIND in package com.android.phone
W/PackageManager(  379): Unknown permission com.android.vending.billing.IBillingAccountService.BIND2 in package com.google.android.gsf.login
W/PackageManager(  379): Unknown permission com.android.gallery3d.permission.GALLERY_PROVIDER in package com.android.bluetooth
W/PackageManager(  379): Not granting permission android.permission.BROADCAST_PACKAGE_REMOVED to package com.google.android.marvin.talkback (protectionLevel=2 flags=0x49bec5)
W/PackageManager(  379): Unknown permission android.permission.ACCESS_SUPERUSER in package com.rhmsoft.fm
W/PackageManager(  379): Not granting permission android.permission.DEVICE_POWER to package com.google.android.deskclock (protectionLevel=2 flags=0x8be45)
W/PackageManager(  379): Unknown permission android.permission.RECOVERY in package com.google.android.gms
W/PackageManager(  379): Not granting permission android.permission.READ_DREAM_STATE to package com.google.android.gms (protectionLevel=2 flags=0x483ec5)
W/PackageManager(  379): Unknown permission android.permission.LOCATION_HARDWARE in package com.google.android.gms
W/PackageManager(  379): Unknown permission android.permission.GET_APP_OPS_STATS in package com.google.android.gms
W/PackageManager(  379): Unknown permission android.permission.UPDATE_APP_OPS_STATS in package com.google.android.gms
W/PackageManager(  379): Unknown permission android.permission.CAPTURE_AUDIO_HOTWORD in package com.google.android.gms
W/PackageManager(  379): Unknown permission android.permission.ACCESS_NETWORK_CONDITIONS in package com.google.android.gms
W/PackageManager(  379): Unknown permission android.permission.MANAGE_DEVICE_ADMINS in package com.google.android.gms
W/PackageManager(  379): Not granting permission android.permission.MODIFY_PHONE_STATE to package com.google.android.gms (protectionLevel=18 flags=0x483ec5)
W/PackageManager(  379): Not granting permission android.permission.MANAGE_USB to package com.google.android.gms (protectionLevel=18 flags=0x483ec5)
W/PackageManager(  379): Not granting permission android.permission.CALL_PRIVILEGED to package com.google.android.gms (protectionLevel=18 flags=0x483ec5)
W/PackageManager(  379): Unknown permission android.permission.BLUETOOTH_PRIVILEGED in package com.google.android.gms
W/PackageManager(  379): Unknown permission android.permission.CAPTURE_AUDIO_OUTPUT in package com.google.android.gms
W/PackageManager(  379): Unknown permission android.permission.CAPTURE_VIDEO_OUTPUT in package com.google.android.gms
W/PackageManager(  379): Unknown permission android.permission.CAPTURE_SECURE_VIDEO_OUTPUT in package com.google.android.gms
W/PackageManager(  379): Not granting permission android.permission.READ_FRAME_BUFFER to package com.google.android.gms (protectionLevel=18 flags=0x483ec5)
W/PackageManager(  379): Unknown permission com.google.android.wearable.READ_SETTINGS in package com.google.android.gms
W/PackageManager(  379): Unknown permission android.permission.READ_OWNER_DATA in package com.google.android.setupwizard
W/PackageManager(  379): Unknown permission android.permission.WRITE_OWNER_DATA in package com.google.android.setupwizard
W/PackageManager(  379): Unknown permission com.amazon.permission.SET_FLAG_NOSOFTKEYS in package com.netflix.mediaclient
W/PackageManager(  379): Unknown permission com.google.android.voicesearch.SHORTCUTS_ACCESS in package com.google.android.googlequicksearchbox
W/PackageManager(  379): Unknown permission android.permission.MEDIA_CONTENT_CONTROL in package com.google.android.googlequicksearchbox
W/PackageManager(  379): Unknown permission com.google.android.apps.googlevoice.permission.AUTO_SEND in package com.google.android.googlequicksearchbox
W/PackageManager(  379): Unknown permission android.permission.CAPTURE_AUDIO_HOTWORD in package com.google.android.googlequicksearchbox
W/PackageManager(  379): Not granting permission android.permission.STOP_APP_SWITCHES to package com.google.android.googlequicksearchbox (protectionLevel=18 flags=0x5bbec5)
W/PackageManager(  379): Not granting permission android.permission.STATUS_BAR to package com.google.android.googlequicksearchbox (protectionLevel=18 flags=0x5bbec5)
W/PackageManager(  379): Unknown permission com.google.android.launcher.permission.CONTENT_REDIRECT in package com.google.android.googlequicksearchbox
W/PackageManager(  379): Not granting permission android.permission.BIND_APPWIDGET to package com.google.android.googlequicksearchbox (protectionLevel=18 flags=0x5bbec5)
W/PackageManager(  379): Unknown permission android.permission.WRITE_SYNC_STATS in package com.google.android.apps.docs
W/PackageManager(  379): Not granting permission android.permission.ACCESS_CHECKIN_PROPERTIES to package com.google.android.apps.googlevoice (protectionLevel=18 flags=0x8be44)
W/PackageManager(  379): Unknown permission com.google.android.apps.googlevoice.REMOTE_INTENT in package com.google.android.apps.googlevoice
W/PackageManager(  379): Unknown permission com.google.android.permission.RECEIVE_DATA_MESSAGE in package com.google.android.apps.googlevoice
W/PackageManager(  379): Unknown permission com.google.android.permission.SEND_DATA_MESSAGE in package com.google.android.apps.googlevoice
W/PackageManager(  379): Unknown permission com.android.providers.voicemail.permission.READ_WRITE_ALL_VOICEMAIL in package com.google.android.apps.googlevoice
W/PackageManager(  379): Unknown permission com.android.providers.voicemail.permission.READ_WRITE_OWN_VOICEMAIL in package com.google.android.apps.googlevoice
W/PackageManager(  379): Not granting permission android.permission.SEND_DOWNLOAD_COMPLETED_INTENTS to package com.android.vending (protectionLevel=2 flags=0xabec5)
W/PackageManager(  379): Not granting permission android.permission.MANAGE_USERS to package com.android.vending (protectionLevel=18 flags=0xabec5)
W/PackageManager(  379): Not granting permission android.permission.INTERACT_ACROSS_USERS to package com.android.vending (protectionLevel=50 flags=0xabec5)
W/PackageManager(  379): Not granting permission android.permission.WRITE_SECURE_SETTINGS to package com.android.vending (protectionLevel=50 flags=0xabec5)
W/PackageManager(  379): Not granting permission android.permission.FORCE_STOP_PACKAGES to package com.android.vending (protectionLevel=2 flags=0xabec5)
W/PackageManager(  379): Unknown permission android.permission.MANAGE_DOCUMENTS in package com.google.android.youtube
W/PackageManager(  379): Not granting permission android.permission.READ_DREAM_STATE to package com.google.android.gsf (protectionLevel=2 flags=0x83e45)
W/PackageManager(  379): Unknown permission com.chrome.permission.DEVICE_EXTRAS in package com.android.chrome
W/PackageManager(  379): Unknown permission com.sec.enterprise.knox.MDM_CONTENT_PROVIDER in package com.android.chrome
I/SystemServer(  379): User Service
I/SystemServer(  379): Account Manager
I/SystemServer(  379): Content Manager
I/SystemServer(  379): System Content Providers
I/SystemServer(  379): Lights Service
I/SystemServer(  379): Battery Service
I/SystemServer(  379): Vibrator Service
I/SystemServer(  379): Alarm Manager
I/SystemServer(  379): Init Watchdog
I/SystemServer(  379): Input Manager
I/InputManager(  379): Initializing input manager, mUseDevInputEventForAudioJack=false
I/SystemServer(  379): Window Manager
I/InputManager(  379): Starting input manager
I/SystemServer(  379): Bluetooth Manager Service
--------- beginning of /dev/log/main
D/EventHub(  379): No input device configuration file found for device 'lightsensor-level'.
I/SystemServer(  379): Input Method Service
W/InputMethodManagerService(  379): Couldn't create dir.: /data/system/inputmethod
D/EventHub(  379): No input device configuration file found for device 'proximity'.
D/EventHub(  379): No input device configuration file found for device 'tuna-gpio-keypad'.
I/EventHub(  379): New device: id=3, fd=103, path='/dev/input/event2', name='tuna-gpio-keypad', classes=0x1, configuration='', keyLayout='/system/usr/keylayout/tuna-gpio-keypad.kl', keyCharacterMap='/system/usr/keychars/tuna-gpio-keypad.kcm', builtinKeyboard=false, usingSuspendBlockIoctl=true, usingClockIoctl=false
D/EventHub(  379): No input device configuration file found for device 'barometer'.
I/SystemServer(  379): Accessibility Manager
D/EventHub(  379): No input device configuration file found for device 'Tuna Headset Jack'.
I/EventHub(  379): New device: id=5, fd=105, path='/dev/input/event5', name='Tuna Headset Jack', classes=0x80, configuration='', keyLayout='', keyCharacterMap='', builtinKeyboard=false, usingSuspendBlockIoctl=true, usingClockIoctl=false
I/EventHub(  379): New device: id=6, fd=106, path='/dev/input/event1', name='Melfas MMSxxx Touchscreen', classes=0x14, configuration='/system/usr/idc/Melfas_MMSxxx_Touchscreen.idc', keyLayout='', keyCharacterMap='', builtinKeyboard=false, usingSuspendBlockIoctl=true, usingClockIoctl=false
I/InputReader(  379): Device added: id=-1, name='Virtual', sources=0x00000301
I/InputReader(  379):   Touch device 'Melfas MMSxxx Touchscreen' could not query the properties of its associated display.  The device will be inoperable until the display size becomes available.
I/InputReader(  379): Device added: id=6, name='Melfas MMSxxx Touchscreen', sources=0x00001002
I/InputReader(  379): Device added: id=5, name='Tuna Headset Jack', sources=0x80000000
I/InputReader(  379): Device added: id=3, name='tuna-gpio-keypad', sources=0x00000101
I/InputReader(  379): Reconfiguring input devices.  changes=0x00000004
I/ActivityManager(  379): Config changes=15f8 {1.0 ?mcc?mnc en_US ldltr sw360dp w360dp h567dp 320dpi nrml port ?uimode ?night -touch -keyb/v/h -nav/h s.2}
I/InputReader(  379): Device reconfigured: id=6, name='Melfas MMSxxx Touchscreen', size 720x1280, orientation 0, mode 1, display id 0
I/SystemServer(  379): Mount Service
D/MountService(  379): got storage path: null description: Internal storage primary: false removable: false emulated: true mtpReserve: 100 allowMassStorage: false maxFileSize: 0
D/MountService(  379): addVolumeLocked() StorageVolume [mStorageId=65537 mPath=/storage/emulated/0 mDescriptionId=17040613 mPrimary=true mRemovable=false mEmulated=true mMtpReserveSpace=100 mAllowMassStorage=false mMaxFileSize=0 mOwner=UserHandle{0}]
I/SystemServer(  379): LockSettingsService
I/SystemServer(  379): Device Policy
I/SystemServer(  379): Status Bar
I/SystemServer(  379): Clipboard Service
I/SystemServer(  379): NetworkManagement Service
I/PackageManager(  379): No secure containers on sdcard
W/PackageManager(  379): Not granting permission android.permission.SEND_DOWNLOAD_COMPLETED_INTENTS to package com.google.android.browser (protectionLevel=2 flags=0x89be45)
W/PackageManager(  379): Unknown permission android.permission.ADD_SYSTEM_SERVICE in package com.android.phone
W/PackageManager(  379): Unknown permission com.android.smspush.WAPPUSH_MANAGER_BIND in package com.android.phone
W/PackageManager(  379): Unknown permission com.android.vending.billing.IBillingAccountService.BIND2 in package com.google.android.gsf.login
W/PackageManager(  379): Unknown permission com.android.gallery3d.permission.GALLERY_PROVIDER in package com.android.bluetooth
I/ActivityManager(  379): Config changes=1408 {1.0 ?mcc?mnc en_US ldltr sw360dp w360dp h567dp 320dpi nrml port ?uimode ?night finger -keyb/v/h -nav/h s.3}
I/SystemServer(  379): Text Service Manager Service
W/PackageManager(  379): Not granting permission android.permission.BROADCAST_PACKAGE_REMOVED to package com.google.android.marvin.talkback (protectionLevel=2 flags=0xc9bec5)
W/PackageManager(  379): Unknown permission android.permission.ACCESS_SUPERUSER in package com.rhmsoft.fm
W/PackageManager(  379): Not granting permission android.permission.DEVICE_POWER to package com.google.android.deskclock (protectionLevel=2 flags=0x88be45)
W/PackageManager(  379): Unknown permission android.permission.RECOVERY in package com.google.android.gms
W/PackageManager(  379): Not granting permission android.permission.READ_DREAM_STATE to package com.google.android.gms (protectionLevel=2 flags=0xc83ec5)
W/PackageManager(  379): Unknown permission android.permission.LOCATION_HARDWARE in package com.google.android.gms
W/PackageManager(  379): Unknown permission android.permission.GET_APP_OPS_STATS in package com.google.android.gms
W/PackageManager(  379): Unknown permission android.permission.UPDATE_APP_OPS_STATS in package com.google.android.gms
W/PackageManager(  379): Unknown permission android.permission.CAPTURE_AUDIO_HOTWORD in package com.google.android.gms
W/PackageManager(  379): Unknown permission android.permission.ACCESS_NETWORK_CONDITIONS in package com.google.android.gms
W/PackageManager(  379): Unknown permission android.permission.MANAGE_DEVICE_ADMINS in package com.google.android.gms
W/PackageManager(  379): Not granting permission android.permission.MODIFY_PHONE_STATE to package com.google.android.gms (protectionLevel=18 flags=0xc83ec5)
W/PackageManager(  379): Not granting permission android.permission.MANAGE_USB to package com.google.android.gms (protectionLevel=18 flags=0xc83ec5)
W/PackageManager(  379): Not granting permission android.permission.CALL_PRIVILEGED to package com.google.android.gms (protectionLevel=18 flags=0xc83ec5)
W/PackageManager(  379): Unknown permission android.permission.BLUETOOTH_PRIVILEGED in package com.google.android.gms
W/PackageManager(  379): Unknown permission android.permission.CAPTURE_AUDIO_OUTPUT in package com.google.android.gms
W/PackageManager(  379): Unknown permission android.permission.CAPTURE_VIDEO_OUTPUT in package com.google.android.gms
W/PackageManager(  379): Unknown permission android.permission.CAPTURE_SECURE_VIDEO_OUTPUT in package com.google.android.gms
W/PackageManager(  379): Not granting permission android.permission.READ_FRAME_BUFFER to package com.google.android.gms (protectionLevel=18 flags=0xc83ec5)
W/PackageManager(  379): Unknown permission com.google.android.wearable.READ_SETTINGS in package com.google.android.gms
W/PackageManager(  379): Unknown permission android.permission.READ_OWNER_DATA in package com.google.android.setupwizard
W/PackageManager(  379): Unknown permission android.permission.WRITE_OWNER_DATA in package com.google.android.setupwizard
W/PackageManager(  379): Unknown permission com.amazon.permission.SET_FLAG_NOSOFTKEYS in package com.netflix.mediaclient
W/PackageManager(  379): Unknown permission com.google.android.voicesearch.SHORTCUTS_ACCESS in package com.google.android.googlequicksearchbox
W/PackageManager(  379): Unknown permission android.permission.MEDIA_CONTENT_CONTROL in package com.google.android.googlequicksearchbox
W/PackageManager(  379): Unknown permission com.google.android.apps.googlevoice.permission.AUTO_SEND in package com.google.android.googlequicksearchbox
W/PackageManager(  379): Unknown permission android.permission.CAPTURE_AUDIO_HOTWORD in package com.google.android.googlequicksearchbox
W/PackageManager(  379): Not granting permission android.permission.STOP_APP_SWITCHES to package com.google.android.googlequicksearchbox (protectionLevel=18 flags=0xdbbec5)
W/PackageManager(  379): Not granting permission android.permission.STATUS_BAR to package com.google.android.googlequicksearchbox (protectionLevel=18 flags=0xdbbec5)
W/PackageManager(  379): Unknown permission com.google.android.launcher.permission.CONTENT_REDIRECT in package com.google.android.googlequicksearchbox
W/PackageManager(  379): Not granting permission android.permission.BIND_APPWIDGET to package com.google.android.googlequicksearchbox (protectionLevel=18 flags=0xdbbec5)
W/PackageManager(  379): Unknown permission android.permission.WRITE_SYNC_STATS in package com.google.android.apps.docs
W/PackageManager(  379): Not granting permission android.permission.ACCESS_CHECKIN_PROPERTIES to package com.google.android.apps.googlevoice (protectionLevel=18 flags=0x88be44)
W/PackageManager(  379): Unknown permission com.google.android.apps.googlevoice.REMOTE_INTENT in package com.google.android.apps.googlevoice
W/PackageManager(  379): Unknown permission com.google.android.permission.RECEIVE_DATA_MESSAGE in package com.google.android.apps.googlevoice
W/PackageManager(  379): Unknown permission com.google.android.permission.SEND_DATA_MESSAGE in package com.google.android.apps.googlevoice
W/PackageManager(  379): Unknown permission com.android.providers.voicemail.permission.READ_WRITE_ALL_VOICEMAIL in package com.google.android.apps.googlevoice
W/PackageManager(  379): Unknown permission com.android.providers.voicemail.permission.READ_WRITE_OWN_VOICEMAIL in package com.google.android.apps.googlevoice
W/PackageManager(  379): Not granting permission android.permission.SEND_DOWNLOAD_COMPLETED_INTENTS to package com.android.vending (protectionLevel=2 flags=0x8abec5)
W/PackageManager(  379): Not granting permission android.permission.MANAGE_USERS to package com.android.vending (protectionLevel=18 flags=0x8abec5)
W/PackageManager(  379): Not granting permission android.permission.INTERACT_ACROSS_USERS to package com.android.vending (protectionLevel=50 flags=0x8abec5)
W/PackageManager(  379): Not granting permission android.permission.WRITE_SECURE_SETTINGS to package com.android.vending (protectionLevel=50 flags=0x8abec5)
W/PackageManager(  379): Not granting permission android.permission.FORCE_STOP_PACKAGES to package com.android.vending (protectionLevel=2 flags=0x8abec5)
W/PackageManager(  379): Unknown permission android.permission.MANAGE_DOCUMENTS in package com.google.android.youtube
W/PackageManager(  379): Not granting permission android.permission.READ_DREAM_STATE to package com.google.android.gsf (protectionLevel=2 flags=0x883e45)
W/PackageManager(  379): Unknown permission com.chrome.permission.DEVICE_EXTRAS in package com.android.chrome
W/PackageManager(  379): Unknown permission com.sec.enterprise.knox.MDM_CONTENT_PROVIDER in package com.android.chrome
D/dalvikvm(  379): GC_CONCURRENT freed 724K, 6% free 13453K/14212K, paused 3ms+3ms, total 55ms
I/SystemServer(  379): NetworkStats Service
I/SystemServer(  379): NetworkPolicy Service
I/SystemServer(  379): Wi-Fi P2pService
I/SystemServer(  379): Wi-Fi Service
I/SystemServer(  379): Connectivity Service
D/ConnectivityService(  379): ConnectivityService starting up
D/BluetoothTethering(  379): startMonitoring: target: Handler (com.android.server.ConnectivityService$NetworkStateTrackerHandler) {418d9170}
D/BluetoothManagerService(  379): Message: 20
D/BluetoothManagerService(  379): Added callback: android.bluetooth.BluetoothAdapter$1@41982c00:true
D/BluetoothManagerService(  379): Message: 30
D/BluetoothPan(  379): BluetoothPan() call bindService
E/MobileDataStateTracker(  379): default: Ignoring feature request because could not acquire PhoneService
E/MobileDataStateTracker(  379): default: Could not enable APN type "default"
D/BluetoothPan(  379): BluetoothPan(), bindService called
W/ContextImpl(  379): Calling a method in the system process without a qualified user: android.app.ContextImpl.bindService:1406 android.bluetooth.BluetoothPan.<init>:141 android.bluetooth.BluetoothAdapter.getProfileProxy:1164 android.bluetooth.BluetoothTetheringDataTracker.startMonitoring:110 com.android.server.ConnectivityService.<init>:523 
I/WifiService(  379): WifiService starting up with Wi-Fi disabled
I/SystemServer(  379): Network Service Discovery Service
D/NsdService(  379): Network service discovery enabled true
I/SystemServer(  379): Throttle Service
I/SystemServer(  379): UpdateLock Service
I/SystemServer(  379): Notification Manager
I/SystemServer(  379): Device Storage Monitor
I/SystemServer(  379): Location Manager
I/SystemServer(  379): Country Detector
I/SystemServer(  379): Search Service
I/SystemServer(  379): DropBox Service
I/SystemServer(  379): Wallpaper Service
I/SystemServer(  379): Audio Service
I/AudioService(  379):   Remote Control   registerMediaButtonIntent() for PendingIntent{41646440: PendingIntentRecord{419c1f00 android broadcastIntent}}
I/SystemServer(  379): Dock Observer
I/SystemServer(  379): Wired Accessory Manager
I/SystemServer(  379): USB Service
I/SystemServer(  379): Serial Service
I/SystemServer(  379): Twilight Service
I/SystemServer(  379): UI Mode Manager Service
I/SystemServer(  379): Backup Service
D/dalvikvm(  379): GC_CONCURRENT freed 809K, 6% free 13829K/14676K, paused 4ms+6ms, total 92ms
I/BackupManagerService(  379): Found stale backup journal, scheduling
I/BackupManagerService(  379):   com.google.android.browser
I/BackupManagerService(  379):   com.google.android.talk
I/BackupManagerService(  379):   android
I/BackupManagerService(  379):   com.android.nfc
I/BackupManagerService(  379):   com.android.providers.userdictionary
I/BackupManagerService(  379):   com.android.sharedstoragebackup
I/BackupManagerService(  379):   com.android.providers.settings
I/BackupManagerService(  379):   com.google.android.googlequicksearchbox
I/BackupManagerService(  379):   com.google.android.calendar
I/BackupManagerService(  379):   com.android.vending
I/BackupManagerService(  379):   com.google.android.marvin.talkback
I/BackupManagerService(  379):   com.rhmsoft.fm
I/BackupManagerService(  379):   com.google.android.gm
I/BackupManagerService(  379):   com.google.android.inputmethod.latin
I/BackupManagerService(  379): Backup enabled => true
I/SystemServer(  379): AppWidget Service
I/SystemServer(  379): Recognition Service
I/SystemServer(  379): DiskStats Service
I/SystemServer(  379): SamplingProfiler Service
I/WindowManager(  379): SAFE MODE not enabled
D/dalvikvm(  379): JIT started for system_server
I/SystemServer(  379): NetworkTimeUpdateService
I/SystemServer(  379): CommonTimeManagementService
I/SystemServer(  379): CertBlacklister
I/SystemServer(  379): Dreams Service
I/Zygote  (  379): Process: zygote socket opened
I/ActivityManager(  379): Sending system update to ComponentInfo{com.google.android.googlequicksearchbox/com.google.android.googlequicksearchbox.GelStubAppWatcher} for user 0
I/ActivityManager(  379): Start proc com.google.android.googlequicksearchbox:search for broadcast com.google.android.googlequicksearchbox/.GelStubAppWatcher: pid=470 uid=10059 gids={50059, 3003, 1028, 3002, 1015}
D/LightsService(  379): Excessive delay setting light: 59ms
I/ActivityManager(  379): Launching preboot mode app: ProcessRecord{41a61458 470:com.google.android.googlequicksearchbox:search/u0a10059}
D/LightsService(  379): Excessive delay setting light: 68ms
I/ActivityManager(  379): Writing new set of last done pre-boot receivers...
I/ActivityManager(  379): Removing system update proc: ProcessRecord{41a61458 470:com.google.android.googlequicksearchbox:search/u0a10059}
I/ActivityManager(  379): Killing proc 470:com.google.android.googlequicksearchbox:search/u0a10059: system update done
I/ActivityManager(  379): System now ready
I/SystemServer(  379): Making services ready
I/ActivityManager(  379): Start proc com.android.systemui for service com.android.systemui/.SystemUIService: pid=490 uid=10053 gids={50053, 1028, 1015, 3002, 3001}
D/NetworkManagementService(  379): enabling bandwidth control
W/MountService(  379): Duplicate state transition (mounted -> mounted) for /storage/emulated/0
D/SystemUIService(  490): loading: class com.android.systemui.statusbar.phone.PhoneStatusBar
D/SystemUIService(  490): running: com.android.systemui.statusbar.phone.PhoneStatusBar@4148fd98
D/dalvikvm(  379): GC_CONCURRENT freed 491K, 4% free 14610K/15164K, paused 6ms+10ms, total 183ms
D/dalvikvm(  379): WAIT_FOR_CONCURRENT_GC blocked 137ms
I/StatusBarManagerService(  379): registerStatusBar bar=com.android.internal.statusbar.IStatusBar$Stub$Proxy@419160d0
I/keystore(  132): uid: 1000 action: e -> 7 state: 2 -> 2 retry: 4
D/dalvikvm(  490): GC_CONCURRENT freed 97K, 2% free 8928K/9044K, paused 3ms+5ms, total 26ms
W/AppWidgetServiceImpl(  379): No android.appwidget.provider meta-data for AppWidget provider 'ComponentInfo{com.vzw.hss.myverizonged/com.vzw.hss.datameter.receiver.DataMeterReceiver}'
D/dalvikvm(  490): GC_FOR_ALLOC freed 14K, 2% free 9291K/9424K, paused 21ms, total 21ms
I/keystore(  132): uid: 1000 action: e -> 7 state: 2 -> 2 retry: 4
D/dalvikvm(  490): GC_FOR_ALLOC freed 7K, 2% free 9660K/9796K, paused 11ms, total 12ms
I/ActivityManager(  379): Config changes=200 {1.0 ?mcc?mnc en_US ldltr sw360dp w360dp h567dp 320dpi nrml port finger -keyb/v/h -nav/h s.4}
D/BluetoothManagerService(  379): Message: 20
D/BluetoothManagerService(  379): Added callback: android.bluetooth.IBluetoothManagerCallback$Stub$Proxy@41544470:true
D/BluetoothAdapter(  490): 1095244232: getState() :  mService = null. Returning STATE_OFF
D/BluetoothAdapter(  490): 1095244232: getState() :  mService = null. Returning STATE_OFF
D/BluetoothAdapter(  490): 1095244232: getState() :  mService = null. Returning STATE_OFF
W/InputMethodManagerService(  379): Ignoring setImeWindowStatus of uid 1000 token: null
D/dalvikvm(  490): GC_CONCURRENT freed 61K, 1% free 10059K/10160K, paused 2ms+4ms, total 26ms
I/ActivityManager(  379): Start proc com.google.android.inputmethod.latin for service com.google.android.inputmethod.latin/com.android.inputmethod.latin.LatinIME: pid=551 uid=10031 gids={50031, 3003, 1015, 1028}
D/BluetoothAdapter(  490): 1095244232: getState() :  mService = null. Returning STATE_OFF
I/LocationBlacklist(  379): whitelist: []
I/LocationBlacklist(  379): blacklist: []
D/dalvikvm(  490): GC_CONCURRENT freed 233K, 3% free 10280K/10536K, paused 3ms+9ms, total 37ms
I/CommonTimeManagementService(  379): No common time service detected on this platform.  Common time services will be unavailable.
I/InputReader(  379): Reconfiguring input devices.  changes=0x00000020
I/InputReader(  379): Reconfiguring input devices.  changes=0x00000010
W/ThrottleService(  379): unable to find stats for iface rmnet0
D/dalvikvm(  379): GC_CONCURRENT freed 417K, 3% free 15695K/16144K, paused 2ms+5ms, total 97ms
D/dalvikvm(  379): WAIT_FOR_CONCURRENT_GC blocked 83ms
D/dalvikvm(  379): WAIT_FOR_CONCURRENT_GC blocked 35ms
D/dalvikvm(  379): WAIT_FOR_CONCURRENT_GC blocked 46ms
D/dalvikvm(  379): WAIT_FOR_CONCURRENT_GC blocked 41ms
D/dalvikvm(  379): WAIT_FOR_CONCURRENT_GC blocked 39ms
D/dalvikvm(  379): WAIT_FOR_CONCURRENT_GC blocked 20ms
I/ActivityManager(  379): Start proc com.android.phone for added application com.android.phone: pid=569 uid=1001 gids={41001, 3002, 3001, 3003, 1015, 1028}
I/ActivityManager(  379): Start proc com.sec.android.internal.ims for added application com.sec.android.internal.ims: pid=583 uid=10029 gids={50029, 3003, 1015, 1028}
I/ActivityManager(  379): Start proc com.android.nfc for added application com.android.nfc: pid=593 uid=1027 gids={41027, 3002, 3001, 1015, 1028}
I/ActivityManager(  379): START u0 {act=android.intent.action.MAIN cat=[android.intent.category.HOME] flg=0x10000000 cmp=com.android.launcher/com.android.launcher2.Launcher} from pid 0
I/ActivityManager(  379): Start proc com.android.launcher for activity com.android.launcher/com.android.launcher2.Launcher: pid=611 uid=10032 gids={50032, 1028}
I/ActivityManager(  379): Start proc android.process.media for broadcast com.android.providers.media/.MtpReceiver: pid=621 uid=10015 gids={50015, 1015, 1023, 1024, 1028, 2001, 3003, 3007}
D/dalvikvm(  551): Trying to load lib /data/app-lib/com.google.android.inputmethod.latin-2/libjni_unbundled_latinimegoogle.so 0x4148ea90
D/dalvikvm(  551): Added shared lib /data/app-lib/com.google.android.inputmethod.latin-2/libjni_unbundled_latinimegoogle.so 0x4148ea90
D/BluetoothManagerService(  379): Message: 300
D/BluetoothManagerService(  379): MESSAGE_USER_SWITCHED
I/LatinIME(  551): Hardware accelerated drawing: true
I/ActivityManager(  379): Start proc com.google.android.gsf.login for service com.google.android.gsf.login/com.google.android.gsf.loginservice.GoogleLoginService: pid=637 uid=10011 gids={50011, 3003, 1007, 1028, 1015, 1006, 3002, 3001, 2001, 3006}
D/dalvikvm(  127): GC_EXPLICIT freed 37K, 1% free 8625K/8688K, paused 2ms+3ms, total 37ms
D/dalvikvm(  127): GC_EXPLICIT freed <1K, 1% free 8625K/8688K, paused 2ms+3ms, total 21ms
D/dalvikvm(  127): GC_EXPLICIT freed <1K, 1% free 8625K/8688K, paused 1ms+2ms, total 18ms
D/dalvikvm(  379): GC_FOR_ALLOC freed 203K, 3% free 16056K/16488K, paused 69ms, total 69ms
I/dalvikvm-heap(  379): Grow heap (frag case) to 17.685MB for 2073616-byte allocation
D/dalvikvm(  379): GC_FOR_ALLOC freed 1K, 3% free 18079K/18516K, paused 59ms, total 59ms
D/dalvikvm(  379): GC_CONCURRENT freed 14K, 3% free 18084K/18516K, paused 3ms+5ms, total 79ms
I/AudioService(  379):   Remote Control   registerMediaButtonIntent() for PendingIntent{4154e228: PendingIntentRecord{419c1f00 android broadcastIntent}}
I/Choreographer(  379): Skipped 88 frames!  The application may be doing too much work on its main thread.
I/NfcService(  593): Starting NFC service
W/TelephonyProvider(  569): onCreate: confFile=/system/etc/apns-conf.xml oldCheckSum=424723469
D/TelephonyManager(  569): getLteOnCdmaMode=1 curVal=1 product_type='' lteOnCdmaProductType=''
I/ActivityManager(  379): Start proc com.google.process.location for service com.google.android.location/.NetworkLocationService: pid=657 uid=10011 gids={50011, 3003, 1007, 1028, 1015, 1006, 3002, 3001, 2001, 3006}
D/NFCJNI  (  593): NFC Service : loading JNI
D/BluetoothManagerService(  379): Message: 20
D/BluetoothManagerService(  379): Added callback: android.bluetooth.IBluetoothManagerCallback$Stub$Proxy@415a4568:true
V/TAG     (  379): bug 7643792: fitSystemWindows([0,0][0,0])
D/dalvikvm(  490): GC_FOR_ALLOC freed 23K, 2% free 10346K/10536K, paused 24ms, total 24ms
W/TelephonyProvider(  569): onCreate: newCheckSum=424723469
I/dalvikvm-heap(  490): Grow heap (frag case) to 12.102MB for 2073616-byte allocation
D/dalvikvm(  490): GC_CONCURRENT freed 1K, 2% free 12370K/12564K, paused 3ms+2ms, total 52ms
D/dalvikvm(  490): WAIT_FOR_CONCURRENT_GC blocked 22ms
I/ActivityManager(  379): Start proc com.android.nfc:handover for service com.android.nfc/.handover.HandoverService: pid=669 uid=1027 gids={41027, 3002, 3001, 1015, 1028}
V/TAG     (  379): bug 7643792: fitSystemWindows([0,0][0,0])
D/libEGL  (  379): loaded /vendor/lib/egl/libEGL_POWERVR_SGX540_120.so
D/libEGL  (  379): loaded /vendor/lib/egl/libGLESv1_CM_POWERVR_SGX540_120.so
D/libEGL  (  379): loaded /vendor/lib/egl/libGLESv2_POWERVR_SGX540_120.so
I/DownloadManager(  621): in removeSpuriousFiles
D/PhoneStatusBar(  490): disable: < expand icons alerts ticker system_info back home recent clock search >
I/ActivityManager(  379): Start proc com.android.location.fused for service com.android.location.fused/.FusedLocationService: pid=684 uid=10104 gids={50104, 1028}
D/TelephonyManager(  569): getLteOnCdmaMode=1 curVal=1 product_type='' lteOnCdmaProductType=''
D/BluetoothManagerService(  379): Message: 20
D/BluetoothManagerService(  379): Added callback: android.bluetooth.IBluetoothManagerCallback$Stub$Proxy@4148b1e8:true
I/ActivityManager(  379): Start proc android.process.acore for content provider com.android.providers.contacts/.ContactsProvider2: pid=695 uid=10000 gids={50000, 3003, 1015, 1028}
D/TelephonyManager(  569): getLteOnCdmaMode=1 curVal=1 product_type='' lteOnCdmaProductType=''
D/OpenGLRenderer(  379): Enabling debug mode 0
D/dalvikvm(  551): GC_CONCURRENT freed 240K, 3% free 8842K/9108K, paused 5ms+27ms, total 117ms
I/Choreographer(  379): Skipped 32 frames!  The application may be doing too much work on its main thread.
I/NfceeAccess(  593): read 1 signature(s) for NFCEE access
D/TelephonyManager(  569): getLteOnCdmaMode=1 curVal=1 product_type='' lteOnCdmaProductType=''
W/InputAttributes(  551): No editor info for this field. Bug?
W/Settings(  593): Setting airplane_mode_radios has moved from android.provider.Settings.System to android.provider.Settings.Global, returning read-only value.
I/ActivityManager(  379): Start proc com.google.process.gapps for content provider com.google.android.gsf/.settings.GoogleSettingsProvider: pid=724 uid=10011 gids={50011, 3003, 1007, 1028, 1015, 1006, 3002, 3001, 2001, 3006}
W/Settings(  593): Setting airplane_mode_toggleable_radios has moved from android.provider.Settings.System to android.provider.Settings.Global, returning read-only value.
I/ResourceUtils(  551): Find override value: resource=keypress_vibration_durations build=[HARDWARE=tuna MODEL=Galaxy Nexus BRAND=google MANUFACTURER=samsung] override=5
I/ResourceUtils(  551): Find override value: resource=keypress_volumes build=[HARDWARE=tuna MODEL=Galaxy Nexus BRAND=google MANUFACTURER=samsung] override=0.5f
D/dalvikvm(  593): GC_CONCURRENT freed 268K, 4% free 8745K/9036K, paused 2ms+2ms, total 78ms
D/MtpService(  621): updating state; isCurrentUser=true, mMtpLocked=true
W/Settings(  569): Setting airplane_mode_on has moved from android.provider.Settings.System to android.provider.Settings.Global, returning read-only value.
W/Settings(  569): Setting auto_time has moved from android.provider.Settings.System to android.provider.Settings.Global, returning read-only global URI.
W/Settings(  569): Setting auto_time_zone has moved from android.provider.Settings.System to android.provider.Settings.Global, returning read-only global URI.
W/CellInfoLte(  569): setCellSignalStrength: CellSignalStrengthLte: ss=2147483647 rsrp=2147483647 rsrq=2147483647 rssnr=2147483647 cqi=2147483647 ta=2147483647
W/CellInfoLte(  569): setCellIdentity: LteCellIdentitiy:android.telephony.CellIdentityLte@7fffff65 mMcc=2147483647 mMnc=2147483647 mCi=2147483647 mPci=2147483647 mTac=2147483647
D/MtpService(  621): updating state; isCurrentUser=true, mMtpLocked=true
W/ActivityManager(  379): Unable to start service Intent { act=com.android.internal.telephony.IWapPushManager } U=0: not found
D/MtpService(  621): starting MTP server in MTP mode
D/NfcService(  593): checking on firmware download
D/NfcService(  593): NFC is off.  Checking firmware version
D/NativeNfcManager(  593): prev modtime: 1363970096000
D/NativeNfcManager(  593): new modtime: 1363970096000
D/dalvikvm(  611): GC_CONCURRENT freed 195K, 3% free 8877K/9096K, paused 4ms+8ms, total 67ms
D/dalvikvm(  569): GC_CONCURRENT freed 219K, 3% free 8827K/9072K, paused 4ms+2ms, total 39ms
D/BluetoothAdapter(  490): 1095244232: getState() :  mService = null. Returning STATE_OFF
D/BluetoothAdapter(  490): 1095244232: getState() :  mService = null. Returning STATE_OFF
D/SystemUIService(  490): loading: class com.android.systemui.power.PowerUI
D/SystemUIService(  490): running: com.android.systemui.power.PowerUI@418af568
D/SystemUIService(  490): loading: class com.android.systemui.media.RingtonePlayer
D/SystemUIService(  490): running: com.android.systemui.media.RingtonePlayer@418b0198
I/Choreographer(  490): Skipped 105 frames!  The application may be doing too much work on its main thread.
I/LatinIME:LogUtils(  551): Dictionary info: dictionary = ? ; version = 17 ; date = 1340965726
E/BinaryDictionaryGetter(  551): Found a cached dictionary file but cannot read or use it
I/LatinIME:LogUtils(  551): Dictionary info: dictionary = main:en ; version = 44 ; date = 1393228245
I/GservicesProvider(  724): Gservices pushing to system: true; secure/global: true
I/ActivityManager(  379): Start proc com.google.android.apps.magazines for broadcast com.google.android.apps.magazines/com.google.apps.dots.android.newsstand.audio.MediaButtonIntentReceiver: pid=755 uid=10035 gids={50035, 3003, 1015, 1028}
D/libEGL  (  490): loaded /vendor/lib/egl/libEGL_POWERVR_SGX540_120.so
D/libEGL  (  490): loaded /vendor/lib/egl/libGLESv1_CM_POWERVR_SGX540_120.so
I/LatinIME:LogUtils(  551): Dictionary info: dictionary = userunigram.en_US ; version = 1395297543 ; date = 1395297543
I/LatinIME:LogUtils(  551): Dictionary info: dictionary = UserHistoryDictionary.en_US ; version = 1395297543 ; date = 949093548
D/libEGL  (  490): loaded /vendor/lib/egl/libGLESv2_POWERVR_SGX540_120.so
I/LatinIME:LogUtils(  551): Dictionary info: dictionary = contacts.en_US ; version = 1398708873 ; date = 1398708873
I/LatinIME:LogUtils(  551): Dictionary info: dictionary = PersonalizationDictionary.en_US ; version = 1408498811 ; date = 949093549
D/MccTable(  569): updateMccMncConfiguration: mcc=310, mnc=4
D/TelephonyManager(  569): getLteOnCdmaMode=1 curVal=1 product_type='' lteOnCdmaProductType=''
D/MccTable(  569): WIFI_COUNTRY_CODE set to us
I/WifiService(  379): WifiService trying to set country code to us with persist set to true
D/dalvikvm(  551): GC_CONCURRENT freed 198K, 3% free 9075K/9300K, paused 2ms+2ms, total 49ms
D/dalvikvm(  611): GC_CONCURRENT freed 57K, 1% free 9224K/9308K, paused 3ms+9ms, total 41ms
I/FusedLocation(  684): engine started (com.android.location.fused)
I/Choreographer(  379): Skipped 43 frames!  The application may be doing too much work on its main thread.
D/dalvikvm(  695): GC_CONCURRENT freed 202K, 3% free 8825K/9056K, paused 3ms+34ms, total 80ms
D/OpenGLRenderer(  490): Enabling debug mode 0
I/ActivityManager(  379): Config changes=1403 {1.0 310mcc4mnc en_US ldltr sw360dp w360dp h567dp 320dpi nrml port finger -keyb/v/h -nav/h s.5}
W/ActivityManager(  379): Unable to start service Intent { act=com.android.internal.telephony.IWapPushManager } U=0: not found
I/LatinIME:LogUtils(  551): Dictionary info: dictionary = userunigram.en_US ; version = 1395297543 ; date = 1395297543
I/LatinIME:LogUtils(  551): Dictionary info: dictionary = PersonalizationDictionary.en_US ; version = 1408498811 ; date = 946687320
D/TelephonyManager(  569): getLteOnCdmaMode=1 curVal=1 product_type='' lteOnCdmaProductType=''
D/CallManager(  569): registerPhone(CDMA Handler (com.android.internal.telephony.PhoneProxy) {414bd670})
I/LatinIME:LogUtils(  551): Dictionary info: dictionary = UserHistoryDictionary.en_US ; version = 1395297543 ; date = 946687320
I/dalvikvm(  755): Could not find method android.webkit.WebView.setWebContentsDebuggingEnabled, referenced from method com.google.apps.dots.android.newsstand.NSDepend.setupInternal
W/dalvikvm(  755): VFY: unable to resolve static method 6692: Landroid/webkit/WebView;.setWebContentsDebuggingEnabled (Z)V
D/dalvikvm(  755): VFY: replacing opcode 0x71 at 0x00a5
V/TAG     (  379): bug 7643792: fitSystemWindows([0,50][0,0])
I/LatinIME:LogUtils(  551): Dictionary info: dictionary = PersonalizationDictionary.en_US ; version = 1408498811 ; date = 946687320
D/BluetoothManagerService(  379): Message: 20
D/BluetoothManagerService(  379): Added callback: android.bluetooth.IBluetoothManagerCallback$Stub$Proxy@41ec9df8:true
D/dalvikvm(  611): GC_CONCURRENT freed 218K, 3% free 9513K/9760K, paused 3ms+4ms, total 117ms
D/dalvikvm(  611): WAIT_FOR_CONCURRENT_GC blocked 26ms
I/LatinIME:LogUtils(  551): Dictionary info: dictionary = ? ; version = 17 ; date = 1340965726
E/BinaryDictionaryGetter(  551): Found a cached dictionary file but cannot read or use it
W/AppWidgetServiceImpl(  379): No android.appwidget.provider meta-data for AppWidget provider 'ComponentInfo{com.vzw.hss.myverizonged/com.vzw.hss.datameter.receiver.DataMeterReceiver}'
I/LatinIME:LogUtils(  551): Dictionary info: dictionary = main:en ; version = 44 ; date = 1393228245
D/dalvikvm(  724): GC_CONCURRENT freed 165K, 3% free 8857K/9052K, paused 4ms+2ms, total 144ms
D/NetworkLocationClient(  657): binding to Intent { act=com.google.android.location.internal.ANDROID_NLP pkg=com.google.android.location }
D/BluetoothManagerService(  379): Message: 30
D/dalvikvm(  621): GC_CONCURRENT freed 222K, 3% free 8787K/9032K, paused 6ms+9ms, total 318ms
E/AmanattoDataUpdaterHelper(  551): Cannot connect to app data search client. errorCode: 12
I/dalvikvm(  755): Could not find method android.os.Trace.beginSection, referenced from method com.google.apps.dots.android.newsstand.instrumentation.TraceCompat.beginSection
W/dalvikvm(  755): VFY: unable to resolve static method 1346: Landroid/os/Trace;.beginSection (Ljava/lang/String;)V
D/dalvikvm(  755): VFY: replacing opcode 0x71 at 0x003a
I/dalvikvm(  755): Could not find method android.os.Trace.endSection, referenced from method com.google.apps.dots.android.newsstand.instrumentation.TraceCompat.endSection
W/dalvikvm(  755): VFY: unable to resolve static method 1347: Landroid/os/Trace;.endSection ()V
D/dalvikvm(  755): VFY: replacing opcode 0x71 at 0x000a
I/dalvikvm(  755): Could not find method android.os.Trace.endSection, referenced from method com.google.apps.dots.android.newsstand.instrumentation.TraceCompat.endSection
W/dalvikvm(  755): VFY: unable to resolve static method 1347: Landroid/os/Trace;.endSection ()V
D/dalvikvm(  755): VFY: replacing opcode 0x71 at 0x0017
E/AmanattoDataUpdaterHelper(  551): Cannot connect to app data search client. errorCode: 12
W/CellInfoLte(  569): setCellIdentity: LteCellIdentitiy:android.telephony.CellIdentityLte@7fffff65 mMcc=2147483647 mMnc=2147483647 mCi=2147483647 mPci=2147483647 mTac=2147483647
W/CellInfoLte(  569): writeToParcel(Parcel, int): CellInfoLte: mRegistered=NO mTimeStampType=unknown mTimeStamp=9223372036854775807ns, LteCellIdentitiy:android.telephony.CellIdentityLte@7fffff65 mMcc=2147483647 mMnc=2147483647 mCi=2147483647 mPci=2147483647 mTac=2147483647, CellSignalStrengthLte: ss=2147483647 rsrp=2147483647 rsrq=2147483647 rssnr=2147483647 cqi=2147483647 ta=2147483647
W/CellInfoLte(  379): CellInfoLte(Parcel): CellInfoLte: mRegistered=NO mTimeStampType=unknown mTimeStamp=9223372036854775807ns, LteCellIdentitiy:android.telephony.CellIdentityLte@7fffff65 mMcc=2147483647 mMnc=2147483647 mCi=2147483647 mPci=2147483647 mTac=2147483647, CellSignalStrengthLte: ss=2147483647 rsrp=2147483647 rsrq=2147483647 rssnr=2147483647 cqi=2147483647 ta=2147483647
I/Choreographer(  490): Skipped 60 frames!  The application may be doing too much work on its main thread.
I/MultiDex(  657): load(/data/app/com.google.android.gms-2.apk, forceReload=false)
D/dalvikvm(  611): GC_CONCURRENT freed 304K, 4% free 9682K/10024K, paused 2ms+2ms, total 65ms
D/dalvikvm(  611): WAIT_FOR_CONCURRENT_GC blocked 41ms
D/PhoneStatusBar(  490): disable: < EXPAND* icons alerts TICKER* system_info BACK* HOME* RECENT* clock search >
D/dalvikvm(  379): GC_EXPLICIT freed 3023K, 16% free 17142K/20184K, paused 10ms+22ms, total 338ms
D/dalvikvm(  657): GC_CONCURRENT freed 197K, 3% free 8941K/9164K, paused 3ms+11ms, total 86ms
D/dalvikvm(  657): WAIT_FOR_CONCURRENT_GC blocked 2ms
D/DebugService(  569): DebugService DebugService:
D/TelephonyDebugService(  569): TelephonyDebugService()
I/MultiDex(  657): Need extracted file /data/data/com.google.android.gms/files/secondary-dexes/com.google.android.gms-2.apk.classes2.zip
I/MultiDex(  657): No extraction needed for /data/data/com.google.android.gms/files/secondary-dexes/com.google.android.gms-2.apk.classes2.zip of size 1809539
D/BluetoothManagerService(  379): Message: 30
E/BluetoothPhoneService(  569): Could not get a handle on Connection object for the call
D/BluetoothPhoneService(  569): CDMA call state: IDLE prev state:IDLE
D/BluetoothPhoneService(  569): CDMA call state: IDLE prev state:IDLE
D/dalvikvm(  490): GC_FOR_ALLOC freed 206K, 2% free 13170K/13400K, paused 72ms, total 80ms
I/dalvikvm-heap(  490): Grow heap (frag case) to 18.996MB for 6410576-byte allocation
D/dalvikvm(  611): GC_CONCURRENT freed 237K, 3% free 9882K/10144K, paused 3ms+12ms, total 87ms
D/dalvikvm(  569): GC_CONCURRENT freed 309K, 4% free 8978K/9276K, paused 3ms+14ms, total 121ms
I/PhoneApp(  569): Headset phone created, binding local service.
D/dalvikvm(  490): GC_CONCURRENT freed 16K, 2% free 19414K/19664K, paused 3ms+10ms, total 99ms
I/gmmInternalNlpService(  657): internal NLP onStart(com.google.android.location.internal.ANDROID_NLP) com.google.android.location
W/GAV2    (  755): Thread[main,5,main]: Need to call initialize() and be in fallback mode to start dispatch.
D/NetworkLocationClient(  657): onServiceConnected to ComponentInfo{com.google.android.location/com.google.android.location.internal.server.NetworkLocationService}
D/dalvikvm(  755): GC_CONCURRENT freed 280K, 4% free 8767K/9076K, paused 8ms+11ms, total 44ms
W/GooglePlayServicesUtil(  755): Certificate is not yet valid.
W/GooglePlayServicesUtil(  755): Certificate is not yet valid.
W/GooglePlayServicesUtil(  755): Certificate is not yet valid.
I/dalvikvm(  755): Could not find method android.graphics.Bitmap.getAllocationByteCount, referenced from method com.google.apps.dots.android.newsstand.bitmap.CachingBitmapPool.isGoodForMutableBitmapRequest
W/dalvikvm(  755): VFY: unable to resolve virtual method 848: Landroid/graphics/Bitmap;.getAllocationByteCount ()I
D/dalvikvm(  755): VFY: replacing opcode 0x6e at 0x0018
I/dalvikvm(  755): Could not find method android.graphics.Bitmap.reconfigure, referenced from method com.google.apps.dots.android.newsstand.bitmap.CachingBitmapPool.reconfigureBitmap
W/dalvikvm(  755): VFY: unable to resolve virtual method 858: Landroid/graphics/Bitmap;.reconfigure (IILandroid/graphics/Bitmap$Config;)V
D/dalvikvm(  755): VFY: replacing opcode 0x6e at 0x0008
I/NSApplication(  755): Starting up...
D/Launcher.Model(  611): Reload apps on config change. curr_mcc:310 prevmcc:0
I/Choreographer(  611): Skipped 36 frames!  The application may be doing too much work on its main thread.
D/dalvikvm(  657): GC_CONCURRENT freed 214K, 3% free 9150K/9392K, paused 3ms+115ms, total 156ms
I/ActivityManager(  379): Start proc com.android.settings for broadcast com.android.settings/.widget.SettingsAppWidgetProvider: pid=820 uid=1000 gids={41000, 1015, 1028, 3002, 3001, 3003, 3007}
D/dalvikvm(  611): GC_CONCURRENT freed 673K, 7% free 9659K/10360K, paused 3ms+4ms, total 42ms
I/AudioService(  379):  AudioFocus  abandonAudioFocus() from android.media.AudioManager@414f3598com.google.apps.dots.android.newsstand.audio.AudioPlayerService$3@414f3eb8
I/AudioService(  379):   Remote Control   unregisterMediaButtonIntent() for PendingIntent{41e8d520: PendingIntentRecord{41e8d480 com.google.android.apps.magazines broadcastIntent}}
D/libEGL  (  611): loaded /vendor/lib/egl/libEGL_POWERVR_SGX540_120.so
D/libEGL  (  611): loaded /vendor/lib/egl/libGLESv1_CM_POWERVR_SGX540_120.so
D/libEGL  (  611): loaded /vendor/lib/egl/libGLESv2_POWERVR_SGX540_120.so
D/BluetoothManagerService(  379): Message: 20
D/BluetoothManagerService(  379): Added callback: android.bluetooth.IBluetoothManagerCallback$Stub$Proxy@41e75990:true
D/BluetoothAdapter(  820): 1095343960: getState() :  mService = null. Returning STATE_OFF
