I/GCoreUlr(  657): WorldUpdater received intent Intent { act=com.google.android.location.reporting.ACTION_UPDATE_WORLD cmp=com.google.android.gms/com.google.android.location.reporting.service.DispatchingService (has extras) } with receiverAction android.intent.action.BOOT_COMPLETED
D/GCoreUlr(  657): Throttling analytics event: db, clear_old:attempt, 1
D/GCoreUlr(  657): Throttling analytics event: db, clear_old:attempt, 1
D/GCoreUlr(  657): Throttling analytics event: db, clear_old:attempt, 1
E/GCoreUlr(  657): Error deleting /data/data/com.google.android.gms/files/flog
E/GCoreUlr(  657): Error deleting /data/data/com.google.android.gms/files/flog
W/GooglePlayServicesUtil( 1286): Certificate is not yet valid.
W/GooglePlayServicesUtil( 1286): Google Play Store signature invalid.
D/dalvikvm(  835): Trying to load lib /data/app-lib/com.google.android.gms-2/libAppDataSearch.so 0x41495ce0
D/dalvikvm(  835): Added shared lib /data/app-lib/com.google.android.gms-2/libAppDataSearch.so 0x41495ce0
D/dalvikvm(  835): No JNI_OnLoad found in /data/app-lib/com.google.android.gms-2/libAppDataSearch.so 0x41495ce0, skipping init
D/dalvikvm(  835): GC_CONCURRENT freed 299K, 5% free 9102K/9540K, paused 130ms+6ms, total 177ms
E/Finsky  ( 1286): [118] AdvertisingIdClient.ensurePlayServicesAvailable: GooglePlayServices is not available.
D/Finsky  ( 1286): [118] 1.doInBackground: Wasn't able to fetch the adId: IOException
D/dalvikvm( 1286): GC_CONCURRENT freed 223K, 3% free 8819K/9068K, paused 2ms+1ms, total 23ms
D/dalvikvm(  621): GC_CONCURRENT freed 386K, 5% free 9014K/9424K, paused 6ms+30ms, total 68ms
D/Finsky  ( 1286): [1] FinskyApp.onCreate: Initializing network with DFE https://android.clients.google.com/fdfe/
D/GCoreUlr(  657): Throttling analytics event: db, restrict_to:attempt, 1
I/SystemUpdateService(  835): cancelUpdate (empty URL)
I/SystemUpdateService(  835): releasing wakelock
D/GCoreUlr(  657): Throttling analytics event: db, restrict_to:attempt, 1
D/Finsky  ( 1286): [1] DailyHygiene.goMakeHygieneIfDirty: No need to run daily hygiene.
D/GCoreUlr(  657): Throttling analytics event: db, restrict_to:attempt, 1
I/GCoreUlr(  657): Ensuring that reporting is stopped because of reasons: {account#-7#=[InactiveReason{mVersionCode=0, mIdentifier=6, mName='ReportingNotSelected'}], account#11#=[InactiveReason{mVersionCode=0, mIdentifier=6, mName='ReportingNotSelected'}]}
D/GCoreFlp(  657): Unknown pending intent to remove.
I/dalvikvm( 1286): Could not find method android.os.StatFs.getAvailableBytes, referenced from method com.google.android.finsky.installer.InstallPolicies.isFreeSpaceSufficient
W/dalvikvm( 1286): VFY: unable to resolve virtual method 863: Landroid/os/StatFs;.getAvailableBytes ()J
D/dalvikvm( 1286): VFY: replacing opcode 0x6e at 0x000f
W/Settings( 1286): Setting download_manager_max_bytes_over_mobile has moved from android.provider.Settings.Secure to android.provider.Settings.Global.
W/Settings( 1286): Setting download_manager_recommended_max_bytes_over_mobile has moved from android.provider.Settings.Secure to android.provider.Settings.Global.
I/GCoreUlr(  657): Unbound from all location providers
D/dalvikvm( 1286): GC_CONCURRENT freed 258K, 4% free 8964K/9252K, paused 3ms+4ms, total 18ms
D/Volley  ( 1286): [122] DiskBasedCache.clear: Cache cleared.
D/Finsky  ( 1286): [1] 1.onPostExecute: AdId result returned null.
D/Volley  ( 1286): [126] DiskBasedCache.clear: Cache cleared.
I/ActivityManager(  379): Start proc com.google.android.gm for broadcast com.google.android.gm/.GoogleMailDeviceStartupReceiver: pid=1327 uid=10021 gids={50021, 3003, 1015, 1028}
I/ActivityManager(  379): No longer want com.google.android.apps.magazines (pid 755): empty #17
D/dalvikvm(  621): GC_EXPLICIT freed 113K, 6% free 8923K/9424K, paused 9ms+4ms, total 82ms
D/dalvikvm(  835): GC_CONCURRENT freed 423K, 5% free 9131K/9584K, paused 2ms+64ms, total 117ms
I/dalvikvm( 1327): Could not find method android.os.Trace.endSection, referenced from method com.android.mail.utils.R.AU
W/dalvikvm( 1327): VFY: unable to resolve static method 1172: Landroid/os/Trace;.endSection ()V
D/dalvikvm( 1327): VFY: replacing opcode 0x71 at 0x0006
I/dalvikvm( 1327): Could not find method android.app.ActivityManager.isLowRamDevice, referenced from method com.android.mail.utils.R.aQ
W/dalvikvm( 1327): VFY: unable to resolve virtual method 131: Landroid/app/ActivityManager;.isLowRamDevice ()Z
D/dalvikvm( 1327): VFY: replacing opcode 0x6e at 0x000e
I/dalvikvm( 1327): Could not find method android.os.Trace.beginSection, referenced from method com.android.mail.utils.R.eC
W/dalvikvm( 1327): VFY: unable to resolve static method 1171: Landroid/os/Trace;.beginSection (Ljava/lang/String;)V
D/dalvikvm( 1327): VFY: replacing opcode 0x71 at 0x0006
D/dalvikvm( 1286): GC_CONCURRENT freed 229K, 3% free 9128K/9384K, paused 2ms+4ms, total 27ms
D/Finsky  ( 1286): [1] GmsCoreHelper.cleanupNlp: result=false type=4
D/ActivityThread( 1327): Loading provider com.android.gmail.ui: com.google.android.gm.provider.GmailProvider
D/dalvikvm( 1327): GC_CONCURRENT freed 274K, 4% free 8754K/9056K, paused 3ms+2ms, total 19ms
I/AuthZen (  835): Fetching signing key...
E/Gmail   ( 1327): Google play services not available: 12
I/dalvikvm( 1327): Could not find method com.android.mail.browse.j.getNotificationUri, referenced from method com.android.mail.browse.k.getNotificationUri
W/dalvikvm( 1327): VFY: unable to resolve virtual method 7053: Lcom/android/mail/browse/j;.getNotificationUri ()Landroid/net/Uri;
D/dalvikvm( 1327): VFY: replacing opcode 0x6e at 0x0008
I/ActivityManager(  379): Start proc com.google.android.gsf.login for service com.google.android.gsf.login/com.google.android.gsf.loginservice.GoogleLoginService: pid=1344 uid=10011 gids={50011, 3003, 1007, 1028, 1015, 1006, 3002, 3001, 2001, 3006}
D/Finsky  ( 1286): [1] 2.run: Loaded library for account: [NXc-S7wTgYh6NHr0HeW1L0cNTKc]
W/GAV2    ( 1327): Thread[main,5,main]: Need to call initialize() and be in fallback mode to start dispatch.
D/dalvikvm(  835): GC_CONCURRENT freed 452K, 6% free 9090K/9584K, paused 1ms+25ms, total 101ms
D/dalvikvm( 1327): GC_CONCURRENT freed 316K, 4% free 8900K/9248K, paused 3ms+2ms, total 24ms
I/AuthZen (  835): Signing key fetched successfuly!
I/ActivityManager(  379): Start proc com.google.android.calendar for broadcast com.google.android.calendar/com.android.calendar.alerts.AlertReceiver: pid=1364 uid=10007 gids={50007, 3003, 1028}
D/dalvikvm(  379): GC_EXPLICIT freed 321K, 19% free 18108K/22196K, paused 5ms+10ms, total 103ms
D/Finsky  ( 1286): [1] 2.run: Loaded library for account: [WEiJMfq6N1ycN70wWT5X0WvPgwI]
D/Finsky  ( 1286): [1] 2.run: Finished loading 2 libraries.
D/dalvikvm(  695): GC_CONCURRENT freed 384K, 6% free 9045K/9528K, paused 3ms+2ms, total 36ms
D/AlertReceiver( 1364): onReceive: a=android.intent.action.BOOT_COMPLETED Intent { act=android.intent.action.BOOT_COMPLETED flg=0x10 cmp=com.google.android.calendar/com.android.calendar.alerts.AlertReceiver (has extras) }
D/Finsky  ( 1286): [1] RestoreTracker.stopServiceIfDone: Restore complete with 0 success and 0 failed.
D/AlertService( 1364): 0 Action = android.intent.action.BOOT_COMPLETED
I/ActivityManager(  379): Start proc com.google.android.talk for broadcast com.google.android.talk/com.google.android.apps.babel.service.BootReceiver: pid=1383 uid=10055 gids={50055, 3003, 1015, 1006, 3002, 1028}
D/dalvikvm( 1286): GC_CONCURRENT freed 301K, 4% free 9214K/9544K, paused 3ms+16ms, total 40ms
I/ActivityManager(  379): No longer want com.android.settings (pid 820): empty #17
D/AlertService( 1364): Scheduling next alarm with AlarmScheduler. sEventReminderReceived: null
I/dalvikvm( 1364): Could not find method android.app.AlarmManager.setExact, referenced from method com.android.calendar.alerts.AlertUtils$1.set
W/dalvikvm( 1364): VFY: unable to resolve virtual method 87: Landroid/app/AlarmManager;.setExact (IJLandroid/app/PendingIntent;)V
D/dalvikvm( 1364): VFY: replacing opcode 0x6e at 0x0008
D/AlarmScheduler( 1364): No events found starting within 1 week.
D/dalvikvm( 1327): GC_CONCURRENT freed 368K, 5% free 9046K/9440K, paused 4ms+13ms, total 43ms
D/dalvikvm( 1327): WAIT_FOR_CONCURRENT_GC blocked 13ms
I/Gmail   ( 1327): calculateUnknownSyncRationalesAndPurgeInBackground: queueing
I/Gmail   ( 1327): calculateUnknownSyncRationalesAndPurgeInBackground: queueing
D/dalvikvm( 1383): GC_CONCURRENT freed 263K, 4% free 8792K/9084K, paused 3ms+2ms, total 38ms
I/Gmail   ( 1327): calculateUnknownSyncRationalesAndPurgeInBackground: running
I/Gmail   ( 1327): calculateUnknownSyncRationalesAndPurgeInBackground: running
W/Settings( 1383): Setting airplane_mode_on has moved from android.provider.Settings.System to android.provider.Settings.Global, returning read-only value.
D/dalvikvm(  379): GC_EXPLICIT freed 178K, 19% free 18100K/22196K, paused 2ms+6ms, total 87ms
I/ActivityManager(  379): Start proc com.google.android.apps.unveil for broadcast com.google.android.apps.unveil/.service.LaunchReceiver: pid=1407 uid=10089 gids={50089, 1006, 3003, 1015, 1028}
I/ActivityManager(  379): No longer want com.android.contacts (pid 995): empty #17
D/dalvikvm( 1383): GC_CONCURRENT freed 385K, 5% free 8825K/9236K, paused 5ms+18ms, total 40ms
D/dalvikvm( 1327): GC_CONCURRENT freed 399K, 5% free 9111K/9540K, paused 17ms+8ms, total 110ms
I/Gmail   ( 1327): calculateUnknownSyncRationalesAndPurgeInBackground: queueing
I/Gmail   ( 1327): Sending provider changed intent: Intent { act=android.intent.action.PROVIDER_CHANGED dat=content://gmail-ls/unread/^sq_ig_i_personal (has extras) }
I/Gmail   ( 1327): Sending provider changed intent: Intent { act=android.intent.action.PROVIDER_CHANGED dat=content://gmail-ls/unread/^sq_ig_i_promo (has extras) }
I/Gmail   ( 1327): calculateUnknownSyncRationalesAndPurgeInBackground: queueing
I/Gmail   ( 1327): Sending provider changed intent: Intent { act=android.intent.action.PROVIDER_CHANGED dat=content://gmail-ls/unread/^sq_ig_i_social (has extras) }
D/dalvikvm( 1407): GC_CONCURRENT freed 340K, 5% free 8734K/9100K, paused 3ms+1ms, total 20ms
I/Gmail   ( 1327): Sending provider changed intent: Intent { act=android.intent.action.PROVIDER_CHANGED dat=content://gmail-ls/unread/^i (has extras) }
I/goggles ( 1407): BaseApplication: Frontend URL: http://www.google.com
I/Gmail   ( 1327): Sending provider changed intent: Intent { act=android.intent.action.PROVIDER_CHANGED dat=content://gmail-ls/unread/^iim (has extras) }
I/ActivityManager(  379): No longer want com.android.providers.calendar (pid 981): empty #17
I/Gmail   ( 1327): calculateUnknownSyncRationalesAndPurgeInBackground: running
I/ActivityManager(  379): Start proc com.google.android.apps.googlevoice for broadcast com.google.android.apps.googlevoice/.BootUpReceiver: pid=1426 uid=10108 gids={50108, 3003, 1015, 1028}
D/dalvikvm( 1161): GC_CONCURRENT freed 245K, 4% free 9452K/9760K, paused 4ms+48ms, total 79ms
D/dalvikvm( 1327): GC_CONCURRENT freed 310K, 4% free 9254K/9604K, paused 3ms+13ms, total 68ms
D/dalvikvm(  724): GC_EXPLICIT freed 114K, 7% free 9008K/9680K, paused 2ms+4ms, total 38ms
I/Gmail   ( 1327): calculateUnknownSyncRationalesAndPurgeInBackground: running
I/ActivityManager(  379): Start proc com.android.settings for broadcast com.android.settings/.widget.SettingsAppWidgetProvider: pid=1442 uid=1000 gids={41000, 1015, 1028, 3002, 3001, 3003, 3007}
D/BluetoothManagerService(  379): Message: 20
D/BluetoothManagerService(  379): Added callback: android.bluetooth.IBluetoothManagerCallback$Stub$Proxy@41a47dc8:true
D/BluetoothAdapter( 1442): 1095359784: getState() :  mService = null. Returning STATE_OFF
D/BluetoothManagerService(  379): Message: 30
D/BluetoothManagerService(  379): Message: 30
D/BluetoothPan( 1442): BluetoothPan() call bindService
W/ContextImpl( 1442): Calling a method in the system process without a qualified user: android.app.ContextImpl.bindService:1406 android.content.ContextWrapper.bindService:473 android.bluetooth.BluetoothInputDevice.<init>:240 android.bluetooth.BluetoothAdapter.getProfileProxy:1161 com.android.settings.bluetooth.LocalBluetoothAdapter.getProfileProxy:94 
W/ContextImpl( 1442): Calling a method in the system process without a qualified user: android.app.ContextImpl.bindService:1406 android.content.ContextWrapper.bindService:473 android.bluetooth.BluetoothPan.<init>:141 android.bluetooth.BluetoothAdapter.getProfileProxy:1164 com.android.settings.bluetooth.PanProfile.<init>:73 
D/BluetoothPan( 1442): BluetoothPan(), bindService called
D/BluetoothManagerService(  379): Message: 30
D/LocalBluetoothProfileManager( 1442): LocalBluetoothProfileManager construction complete
D/BluetoothAdapter( 1442): 1095359784: getState() :  mService = null. Returning STATE_OFF
D/BluetoothAdapter( 1442): 1095359784: getState() :  mService = null. Returning STATE_OFF
W/ContextImpl( 1442): Calling a method in the system process without a qualified user: android.app.ContextImpl.bindService:1406 android.content.ContextWrapper.bindService:473 android.bluetooth.BluetoothPbap.<init>:161 com.android.settings.bluetooth.PbapServerProfile.<init>:68 com.android.settings.bluetooth.LocalBluetoothProfileManager.<init>:124 
I/ActivityManager(  379): No longer want com.android.cellbroadcastreceiver (pid 1041): empty #17
I/GCoreUlr(  657): Starting service, intent=Intent { act=com.google.android.location.reporting.ACTION_UPDATE_WORLD cmp=com.google.android.gms/com.google.android.location.reporting.service.DispatchingService (has extras) }, extras=Bundle[{receiverAction=com.google.android.location.internal.server.ACTION_RESTARTED}]
I/dalvikvm(  911): Could not find method android.os.UserManager.getUserRestrictions, referenced from method dor.e
W/dalvikvm(  911): VFY: unable to resolve virtual method 3347: Landroid/os/UserManager;.getUserRestrictions ()Landroid/os/Bundle;
D/dalvikvm(  911): VFY: replacing opcode 0x6e at 0x006d
I/GCoreUlr(  657): WorldUpdater received intent Intent { act=com.google.android.location.reporting.ACTION_UPDATE_WORLD cmp=com.google.android.gms/com.google.android.location.reporting.service.DispatchingService (has extras) } with receiverAction com.google.android.location.internal.server.ACTION_RESTARTED
D/GCoreUlr(  657): Throttling analytics event: db, clear_old:attempt, 1
D/GCoreUlr(  657): Throttling analytics event: db, clear_old:attempt, 1
D/dalvikvm(  379): GC_EXPLICIT freed 284K, 19% free 18120K/22196K, paused 4ms+9ms, total 113ms
D/GCoreUlr(  657): Throttling analytics event: db, clear_old:attempt, 1
I/GCoreUlr(  657): Starting service, intent=Intent { act=com.google.android.location.reporting.ACTION_UPDATE_WORLD cmp=com.google.android.gms/com.google.android.location.reporting.service.DispatchingService (has extras) }, extras=Bundle[{receiverAction=com.google.android.location.internal.server.ACTION_RESTARTED}]
D/GCM     (  724): GcmService start Intent { act=com.google.android.gms.INITIALIZE flg=0x10 pkg=com.google.android.gms cmp=com.google.android.gms/.gcm.GcmService } com.google.android.gms.INITIALIZE
D/AlertReceiver( 1364): onReceive: a=android.intent.action.PROVIDER_CHANGED Intent { act=android.intent.action.PROVIDER_CHANGED dat=content://com.android.calendar flg=0x10 cmp=com.google.android.calendar/com.android.calendar.alerts.AlertReceiver }
E/GCoreUlr(  657): Error deleting /data/data/com.google.android.gms/files/flog
E/GCoreUlr(  657): Error deleting /data/data/com.google.android.gms/files/flog
D/AlertService( 1364): 0 Action = android.intent.action.PROVIDER_CHANGED
I/ActivityManager(  379): Start proc com.google.android.music:main for broadcast com.google.android.music/.store.MediaStoreImportService$Receiver: pid=1461 uid=10039 gids={50039, 3003, 1015, 1028}
D/dalvikvm(  127): GC_EXPLICIT freed 40K, 1% free 8625K/8692K, paused 2ms+3ms, total 27ms
D/dalvikvm(  127): GC_EXPLICIT freed <1K, 1% free 8625K/8692K, paused 1ms+2ms, total 19ms
D/dalvikvm(  127): GC_EXPLICIT freed <1K, 1% free 8625K/8692K, paused 1ms+2ms, total 18ms
I/ActivityManager(  379): Start proc com.android.providers.calendar for content provider com.android.providers.calendar/.CalendarProvider2: pid=1473 uid=10008 gids={50008, 3003, 1015, 1028}
D/dalvikvm(  621): GC_CONCURRENT freed 203K, 4% free 9106K/9424K, paused 2ms+20ms, total 55ms
D/dalvikvm(  724): null clazz in OP_INSTANCE_OF, single-stepping
D/dalvikvm(  695): GC_CONCURRENT freed 396K, 6% free 9042K/9528K, paused 3ms+5ms, total 28ms
I/MusicStore( 1461): Database version: 90
D/GCoreUlr(  657): Throttling analytics event: db, restrict_to:attempt, 1
D/GCoreUlr(  657): Throttling analytics event: db, restrict_to:attempt, 1
D/GCoreUlr(  657): Throttling analytics event: db, restrict_to:attempt, 1
I/GCoreUlr(  657): Ensuring that reporting is stopped because of reasons: {account#-7#=[InactiveReason{mVersionCode=0, mIdentifier=6, mName='ReportingNotSelected'}], account#11#=[InactiveReason{mVersionCode=0, mIdentifier=6, mName='ReportingNotSelected'}]}
D/GCoreFlp(  657): Unknown pending intent to remove.
I/GCoreUlr(  657): Unbound from all location providers
I/GCoreUlr(  657): WorldUpdater received intent Intent { act=com.google.android.location.reporting.ACTION_UPDATE_WORLD cmp=com.google.android.gms/com.google.android.location.reporting.service.DispatchingService (has extras) } with receiverAction com.google.android.location.internal.server.ACTION_RESTARTED
D/GCoreUlr(  657): Throttling analytics event: db, clear_old:attempt, 1
D/GCoreUlr(  657): Throttling analytics event: db, clear_old:attempt, 1
D/dalvikvm( 1461): GC_CONCURRENT freed 253K, 4% free 8818K/9100K, paused 3ms+2ms, total 43ms
D/dalvikvm(  379): GC_EXPLICIT freed 348K, 19% free 18143K/22196K, paused 2ms+7ms, total 102ms
D/dalvikvm(  657): GC_CONCURRENT freed 309K, 7% free 9785K/10488K, paused 3ms+12ms, total 55ms
D/GCoreUlr(  657): Throttling analytics event: db, clear_old:attempt, 1
E/GCoreUlr(  657): Error deleting /data/data/com.google.android.gms/files/flog
E/GCoreUlr(  657): Error deleting /data/data/com.google.android.gms/files/flog
I/dalvikvm( 1461): Could not find method android.content.Context.getExternalFilesDirs, referenced from method com.google.android.music.download.cache.CacheLocationManager.deviceHasExternalStorage
W/dalvikvm( 1461): VFY: unable to resolve virtual method 511: Landroid/content/Context;.getExternalFilesDirs (Ljava/lang/String;)[Ljava/io/File;
D/dalvikvm( 1461): VFY: replacing opcode 0x6e at 0x008f
I/dalvikvm( 1461): Could not find method android.content.Context.getExternalFilesDirs, referenced from method com.google.android.music.download.cache.StorageProbeUtils.getLocationsWithKitKatApis
W/dalvikvm( 1461): VFY: unable to resolve virtual method 511: Landroid/content/Context;.getExternalFilesDirs (Ljava/lang/String;)[Ljava/io/File;
D/dalvikvm( 1461): VFY: replacing opcode 0x6e at 0x0015
D/dalvikvm( 1461): GC_CONCURRENT freed 238K, 3% free 8988K/9252K, paused 2ms+7ms, total 24ms
I/MediaRouter( 1461): Found default route: MediaRouter.RouteInfo{ uniqueId=android/.support.v7.media.SystemMediaRouteProvider:DEFAULT_ROUTE, name=Phone, description=null, enabled=true, connecting=false, playbackType=0, playbackStream=3, volumeHandling=1, volume=15, volumeMax=15, presentationDisplayId=-1, extras=null, providerPackageName=android }
D/GCoreUlr(  657): Throttling analytics event: db, restrict_to:attempt, 1
D/GCoreUlr(  657): Throttling analytics event: db, restrict_to:attempt, 1
D/GCoreUlr(  657): Throttling analytics event: db, restrict_to:attempt, 1
I/CastUtils( 1461): Removing provider: MediaRouter.RouteProviderInfo{ packageName=com.google.android.gms }
I/GCoreUlr(  657): Ensuring that reporting is stopped because of reasons: {account#-7#=[InactiveReason{mVersionCode=0, mIdentifier=6, mName='ReportingNotSelected'}], account#11#=[InactiveReason{mVersionCode=0, mIdentifier=6, mName='ReportingNotSelected'}]}
I/ActivityManager(  379): No longer want com.google.android.configupdater (pid 1129): empty #17
D/GCoreFlp(  657): Unknown pending intent to remove.
D/dalvikvm( 1161): GC_CONCURRENT freed 354K, 4% free 9487K/9872K, paused 7ms+4ms, total 40ms
I/GCoreUlr(  657): Unbound from all location providers
W/OneTimePlayLogger(  835): logger connection failed
D/dalvikvm(  835): GC_FOR_ALLOC freed 179K, 6% free 9059K/9624K, paused 14ms, total 14ms
I/dalvikvm-heap(  835): Grow heap (frag case) to 8.886MB for 16400-byte allocation
D/dalvikvm(  835): GC_FOR_ALLOC freed <1K, 6% free 9075K/9644K, paused 14ms, total 14ms
D/dalvikvm(  835): GC_FOR_ALLOC freed 68K, 7% free 9026K/9644K, paused 36ms, total 37ms
D/dalvikvm(  911): GC_CONCURRENT freed 609K, 9% free 9681K/10572K, paused 4ms+3ms, total 49ms
I/NotifUtils( 1327): Validating Notification, mapSize: 0 getAttention: true ignoreUnobtrusive: false
D/dalvikvm(  379): GC_EXPLICIT freed 384K, 19% free 18145K/22196K, paused 2ms+6ms, total 82ms
I/NotifUtils( 1327): validateNotifications - cancelling account 1743263771 / folder -317575340
D/dalvikvm(  695): GC_CONCURRENT freed 381K, 5% free 9053K/9528K, paused 3ms+3ms, total 21ms
I/CalendarProvider2( 1473): Sending notification intent: Intent { act=android.intent.action.PROVIDER_CHANGED dat=content://com.android.calendar }
W/ContentResolver( 1473): Failed to get type for: content://com.android.calendar (Unknown URL content://com.android.calendar)
D/AlertReceiver( 1364): onReceive: a=android.intent.action.PROVIDER_CHANGED Intent { act=android.intent.action.PROVIDER_CHANGED dat=content://com.android.calendar flg=0x10 cmp=com.google.android.calendar/com.android.calendar.alerts.AlertReceiver }
D/dalvikvm( 1327): GC_CONCURRENT freed 421K, 5% free 9259K/9708K, paused 3ms+3ms, total 43ms
I/NotifUtils( 1327): Validating Notification, mapSize: 0 getAttention: true ignoreUnobtrusive: false
I/NotifUtils( 1327): validateNotifications - cancelling account -1492356367 / folder 3019
I/ActivityManager(  379): No longer want com.google.android.exchange (pid 1081): empty #17
D/dalvikvm(  621): GC_CONCURRENT freed 401K, 5% free 9093K/9524K, paused 3ms+4ms, total 23ms
D/dalvikvm(  379): GC_EXPLICIT freed 178K, 19% free 18123K/22196K, paused 4ms+6ms, total 79ms
D/dalvikvm( 1161): GC_CONCURRENT freed 377K, 5% free 9511K/9924K, paused 1ms+6ms, total 25ms
D/dalvikvm(  695): GC_CONCURRENT freed 391K, 6% free 9048K/9528K, paused 4ms+4ms, total 25ms
D/dalvikvm(  379): GC_EXPLICIT freed 163K, 19% free 18124K/22196K, paused 2ms+6ms, total 85ms
D/dalvikvm(  621): GC_CONCURRENT freed 383K, 5% free 9095K/9524K, paused 3ms+3ms, total 22ms
D/dalvikvm( 1161): GC_CONCURRENT freed 385K, 5% free 9519K/9940K, paused 3ms+6ms, total 28ms
D/dalvikvm(  379): GC_EXPLICIT freed 129K, 19% free 18119K/22196K, paused 2ms+6ms, total 78ms
D/dalvikvm(  695): GC_CONCURRENT freed 387K, 6% free 9050K/9528K, paused 4ms+2ms, total 27ms
D/dalvikvm( 1161): GC_CONCURRENT freed 381K, 5% free 9525K/9940K, paused 3ms+5ms, total 27ms
D/dalvikvm(  379): GC_EXPLICIT freed 146K, 19% free 18121K/22196K, paused 3ms+6ms, total 83ms
D/dalvikvm(  621): GC_CONCURRENT freed 374K, 5% free 9114K/9524K, paused 2ms+4ms, total 22ms
D/dalvikvm(  695): GC_CONCURRENT freed 388K, 6% free 9048K/9528K, paused 3ms+2ms, total 20ms
D/dalvikvm(  379): GC_EXPLICIT freed 123K, 19% free 18120K/22196K, paused 3ms+6ms, total 81ms
D/dalvikvm( 1161): GC_CONCURRENT freed 376K, 5% free 9544K/9956K, paused 2ms+5ms, total 28ms
I/GAV2    ( 1327): Thread[GAThread,5,main]: No campaign data found.
D/dalvikvm(  379): GC_EXPLICIT freed 127K, 19% free 18121K/22196K, paused 2ms+6ms, total 81ms
D/dalvikvm(  621): GC_CONCURRENT freed 395K, 5% free 9112K/9536K, paused 1ms+5ms, total 24ms
D/dalvikvm(  695): GC_CONCURRENT freed 398K, 5% free 9056K/9528K, paused 4ms+4ms, total 26ms
D/dalvikvm( 1161): GC_CONCURRENT freed 366K, 5% free 9576K/9976K, paused 3ms+5ms, total 27ms
D/dalvikvm(  379): GC_EXPLICIT freed 126K, 19% free 18121K/22196K, paused 2ms+6ms, total 78ms
D/dalvikvm(  379): GC_EXPLICIT freed 125K, 19% free 18121K/22196K, paused 2ms+6ms, total 73ms
D/dalvikvm(  695): GC_CONCURRENT freed 397K, 5% free 9054K/9528K, paused 2ms+2ms, total 20ms
D/dalvikvm( 1161): GC_CONCURRENT freed 384K, 5% free 9595K/10016K, paused 1ms+6ms, total 28ms
D/dalvikvm(  621): GC_CONCURRENT freed 385K, 5% free 9124K/9540K, paused 2ms+4ms, total 24ms
D/dalvikvm(  379): GC_EXPLICIT freed 129K, 19% free 18123K/22196K, paused 2ms+6ms, total 76ms
D/dalvikvm(  621): null clazz in OP_INSTANCE_OF, single-stepping
D/dalvikvm( 1161): GC_CONCURRENT freed 392K, 5% free 9595K/10024K, paused 4ms+5ms, total 29ms
I/ActivityManager(  379): No longer want com.google.android.apps.genie.geniewidget (pid 1101): empty #17
D/dalvikvm(  695): GC_CONCURRENT freed 398K, 5% free 9052K/9528K, paused 2ms+9ms, total 24ms
D/dalvikvm(  379): GC_EXPLICIT freed 136K, 19% free 18119K/22196K, paused 2ms+6ms, total 80ms
D/AlertService( 1364): Beginning updateAlertNotification
D/dalvikvm( 1364): GC_CONCURRENT freed 299K, 4% free 8716K/9044K, paused 4ms+2ms, total 30ms
D/AlertService( 1364): No fired or scheduled alerts
D/AlertService( 1364): Scheduling next alarm with AlarmScheduler. sEventReminderReceived: null
D/AlarmScheduler( 1364): No events found starting within 1 week.
D/AlertService( 1364): 0 Action = android.intent.action.PROVIDER_CHANGED
D/dalvikvm( 1161): GC_CONCURRENT freed 382K, 5% free 9607K/10024K, paused 3ms+6ms, total 30ms
D/dalvikvm(  695): GC_CONCURRENT freed 398K, 6% free 9046K/9528K, paused 3ms+2ms, total 21ms
E/MetadataRetrieverClient(  129): failed to extract an album art
D/dalvikvm(  621): GC_CONCURRENT freed 406K, 5% free 9103K/9540K, paused 3ms+5ms, total 25ms
D/dalvikvm( 1461): GC_CONCURRENT freed 154K, 2% free 9247K/9428K, paused 3ms+2ms, total 22ms
D/YouTube ( 1226): apps.youtube.common.d.j.e:170 Scheduling task com.google.android.apps.youtube.datalib.offline.o with ScheduledExecutorService for repeating execution.
D/YouTube ( 1226): apps.youtube.common.d.j.e:170 Scheduling task com.google.android.apps.youtube.datalib.offline.q with ScheduledExecutorService for repeating execution.
D/dalvikvm( 1161): GC_CONCURRENT freed 383K, 5% free 9624K/10044K, paused 4ms+5ms, total 28ms
D/dalvikvm(  379): GC_EXPLICIT freed 167K, 19% free 18120K/22196K, paused 3ms+6ms, total 82ms
D/CacheService( 1461): onCreate
D/CacheService( 1461): onBind
D/dalvikvm(  695): GC_CONCURRENT freed 389K, 5% free 9052K/9528K, paused 5ms+3ms, total 26ms
D/dalvikvm( 1161): GC_CONCURRENT freed 383K, 5% free 9642K/10060K, paused 3ms+5ms, total 25ms
D/dalvikvm(  695): GC_CONCURRENT freed 405K, 5% free 9052K/9528K, paused 3ms+2ms, total 21ms
D/dalvikvm( 1161): GC_CONCURRENT freed 380K, 5% free 9649K/10068K, paused 2ms+4ms, total 25ms
D/dalvikvm(  695): GC_CONCURRENT freed 398K, 6% free 9051K/9528K, paused 2ms+2ms, total 17ms
I/dalvikvm( 1461): Could not find method android.app.ActivityManager.isLowRamDevice, referenced from method com.google.android.music.utils.SystemUtils.isLowMemory
W/dalvikvm( 1461): VFY: unable to resolve virtual method 274: Landroid/app/ActivityManager;.isLowRamDevice ()Z
D/dalvikvm( 1461): VFY: replacing opcode 0x6e at 0x000e
I/MusicLeanback( 1461): Conditions not met for autocaching.
I/MusicLeanback( 1461): Stop autocaching.
D/CacheService( 1461): onDestroy
D/dalvikvm( 1461): GC_CONCURRENT freed 305K, 4% free 9347K/9680K, paused 3ms+4ms, total 32ms
I/MediaStoreImporter( 1461): Update: incremental Added music: 0 Updated music: 38 Deleted music: 0 Created playlists: 0 Updated playlists: 0 Deleted playlists: 0 Inserted playlist items: 0 Deleted playlist items: 0 Removed orphaned playlist items: 0
D/AlertService( 1364): Beginning updateAlertNotification
D/AlertService( 1364): No fired or scheduled alerts
D/AlertService( 1364): Scheduling next alarm with AlarmScheduler. sEventReminderReceived: null
D/AlarmScheduler( 1364): No events found starting within 1 week.
D/LightsService(  379): Excessive delay setting light: 67ms
I/ActivityManager(  379): Start proc com.google.android.gallery3d for broadcast com.google.android.gallery3d/com.google.android.picasasync.BatteryReceiver: pid=1536 uid=10019 gids={50019, 1006, 3003, 1015, 1028}
D/CacheService( 1461): onCreate
D/CacheService( 1461): onBind
I/MusicLeanback( 1461): Conditions not met for autocaching.
I/MusicLeanback( 1461): Stop autocaching.
D/CacheService( 1461): onDestroy
D/LightsService(  379): Excessive delay setting light: 68ms
D/dalvikvm( 1536): GC_CONCURRENT freed 401K, 5% free 8700K/9128K, paused 3ms+3ms, total 28ms
D/dalvikvm(  379): GC_EXPLICIT freed 304K, 19% free 18134K/22196K, paused 4ms+6ms, total 105ms
D/dalvikvm( 1536): GC_CONCURRENT freed 430K, 5% free 8770K/9228K, paused 3ms+7ms, total 38ms
D/LightsService(  379): Excessive delay setting light: 67ms
I/ActivityManager(  379): Start proc com.google.android.apps.uploader for broadcast com.google.android.apps.uploader/com.google.android.picasasync.BatteryReceiver: pid=1554 uid=10037 gids={50037, 3003, 1015, 1028}
I/ActivityManager(  379): No longer want com.google.android.email (pid 1063): empty #17
D/UploadsManager( 1536):    wifiOnlyVideo changed to true
D/UploadsManager( 1536):    syncOnBattery changed to true
D/PicasaSync( 1536): sync account database
D/PicasaSync( 1536): accounts in DB=2
D/PicasaSyncManager( 1536): background data: true
D/dalvikvm( 1536): GC_CONCURRENT freed 312K, 5% free 8852K/9228K, paused 2ms+2ms, total 18ms
D/PicasaSyncManager( 1536): reject PrefetchAlbumCover (***************************) because master auto sync is off
D/PicasaSyncManager( 1536): reject PrefetchAlbumCover (***************************) because master auto sync is off
D/PicasaSyncManager( 1536): reject PrefetchScreenNail (***************************) because master auto sync is off
D/PicasaSyncManager( 1536): reject PrefetchScreenNail (***************************) because master auto sync is off
D/PicasaSyncManager( 1536): battery info: false
D/dalvikvm( 1554): GC_CONCURRENT freed 470K, 6% free 8667K/9164K, paused 2ms+2ms, total 23ms
D/dalvikvm( 1554): WAIT_FOR_CONCURRENT_GC blocked 7ms
I/ActivityManager(  379): No longer want com.google.android.partnersetup (pid 881): empty #17
I/ActivityManager(  379): Start proc com.google.android.apps.plus for broadcast com.google.android.apps.plus/.iu.InstantUploadEnvironment$BatteryReceiver: pid=1570 uid=10047 gids={50047, 3003, 3002, 1015, 1006, 1028}
D/PicasaUploader( 1554):    wifiOnlyPhoto changed to true
D/PicasaUploader( 1554):    wifiOnlyVideo changed to true
D/PicasaUploader( 1554):    syncOnBattery changed to true
D/PicasaUploaderSync( 1554): sync account database
D/PicasaUploaderSync( 1554): accounts in DB=2
D/PicasaUploaderSyncManager( 1554): background data: true
D/PicasaUploaderSyncManager( 1554): battery info: false
D/dalvikvm( 1570): Trying to load lib /data/app-lib/com.google.android.apps.plus-2/libcrashreporter.so 0x414929a8
D/dalvikvm( 1570): Added shared lib /data/app-lib/com.google.android.apps.plus-2/libcrashreporter.so 0x414929a8
D/dalvikvm( 1570): GC_CONCURRENT freed 282K, 4% free 8818K/9128K, paused 4ms+9ms, total 50ms
I/iu.Environment( 1570): update battery state; isPlugged? false
I/iu.Environment( 1570): update connectivity state; isNetworkMetered? false, isRoaming? false, isBackgroundDataAllowed? false
I/iu.Environment( 1570): update battery state; isPlugged? false
D/dalvikvm( 1570): GC_CONCURRENT freed 265K, 4% free 8953K/9284K, paused 4ms+5ms, total 36ms
I/ActivityManager(  379): Start proc com.android.chrome for broadcast com.android.chrome/com.google.android.apps.chrome.precache.PrecacheServiceLauncher: pid=1593 uid=10096 gids={50096, 1006, 3003, 1015, 1028}
I/ActivityManager(  379): No longer want com.android.mms (pid 1161): empty #17
I/iu.UploadsManager( 1570): #reloadSettings(); account: loua94@gmail.com; pageID: none; IU: enabled; IS: disabled; photoWiFi: false; videoWiFi: true; roam: false; battery: true; size: FULL; maxMobile: 157286400
D/CountryDetector(  379): No listener is left
I/iu.UploadsManager( 1570): storage changed; old: -1, new: -1
I/ActivityManager(  379): No longer want com.google.android.onetimeinitializer (pid 1188): empty #17
I/iu.UploadsManager( 1570): End new media; added: 0, uploading: 0, time: 47 ms
I/iu.FingerprintManager( 1570): Start processing all media
I/iu.FingerprintManager( 1570): Start processing media store URI: content://media/external/images/media
D/dalvikvm( 1570): GC_CONCURRENT freed 346K, 4% free 9040K/9416K, paused 2ms+2ms, total 26ms
I/iu.FingerprintManager( 1570): Start processing media store URI: content://media/external/video/media
I/iu.FingerprintManager( 1570): Start processing media store URI: content://media/phoneStorage/images/media
I/iu.FingerprintManager( 1570): Start processing media store URI: content://media/phoneStorage/video/media
I/iu.FingerprintManager( 1570): Finished generating fingerprints; 0.101 seconds
I/iu.FingerprintManager( 1570):   numSeen=258 numGenerated=0 numDeleted=0 numFailed=0
W/PowerUI (  490): unknown intent: Intent { act=android.intent.action.ACTION_POWER_CONNECTED flg=0x8000010 }
D/PicasaSyncManager( 1536): battery info: true
D/PicasaUploaderSyncManager( 1554): battery info: true
D/CacheService( 1461): onCreate
D/CacheService( 1461): onBind
I/iu.Environment( 1570): update battery state; isPlugged? true*
I/iu.SyncManager( 1570): SYNC; picasa accounts
D/dalvikvm( 1201): GC_CONCURRENT freed 285K, 4% free 8727K/9040K, paused 9ms+2ms, total 94ms
I/MusicLeanback( 1461): Conditions not met for autocaching.
I/MusicLeanback( 1461): Stop autocaching.
I/ActivityManager(  379): Force stopping package com.google.android.gms appid=10011 user=0
I/ActivityManager(  379): Killing proc 724:com.google.process.gapps/u0a10011: force stop com.google.android.gms
W/ActivityManager(  379): Scheduling restart of crashed service com.google.android.gms/.gcm.GcmService in 5000ms
I/ActivityManager(  379): Kill com.google.process.location (pid 657): provider com.google.android.gsf.settings.GoogleSettingsProvider in dying process com.google.process.gapps
I/ActivityManager(  379): Killing proc 657:com.google.process.location/u0a10011: force stop com.google.android.gms
W/ActivityManager(  379): Scheduling restart of crashed service com.google.android.gms/com.google.android.location.internal.GoogleLocationManagerService in 5000ms
W/ActivityManager(  379): Scheduling restart of crashed service com.google.android.location/.NetworkLocationService in 15000ms
W/ActivityManager(  379): Scheduling restart of crashed service com.google.android.gms/com.google.android.location.reporting.service.DispatchingService in 24999ms
W/ActivityManager(  379): Scheduling restart of crashed service com.google.android.gms/com.google.android.location.fused.NlpLocationReceiverService in 34999ms
W/ActivityManager(  379): Scheduling restart of crashed service com.google.android.location/.internal.server.NetworkLocationService in 44999ms
W/ActivityManager(  379): Scheduling restart of crashed service com.google.android.gms/com.google.android.location.geocode.GeocodeService in 54999ms
W/ActivityManager(  379): Scheduling restart of crashed service com.google.android.gms/com.google.android.location.internal.server.GoogleLocationService in 64999ms
I/ActivityManager(  379): Killing proc 835:com.google.android.gms/u0a10011: force stop com.google.android.gms
W/ActivityManager(  379): Scheduling restart of crashed service com.google.android.gms/.icing.service.IndexWorkerService in 74998ms
W/ActivityManager(  379): Scheduling restart of crashed service com.google.android.gms/.analytics.service.AnalyticsService in 84998ms
D/PicasaSyncManager( 1536): reject PrefetchAlbumCover (***************************) because master auto sync is off
D/PicasaSyncManager( 1536): reject PrefetchAlbumCover (***************************) because master auto sync is off
I/ActivityManager(  379):   Force stopping service ServiceRecord{41e78200 u0 com.google.android.gms/com.google.android.location.internal.GoogleLocationManagerService}
I/ActivityManager(  379):   Force stopping service ServiceRecord{41e85130 u0 com.google.android.gms/com.google.android.location.fused.NlpLocationReceiverService}
I/ActivityManager(  379):   Force stopping service ServiceRecord{41d9bee0 u0 com.google.android.gms/.icing.service.IndexWorkerService}
I/ActivityManager(  379):   Force stopping service ServiceRecord{41e80178 u0 com.google.android.gms/.analytics.service.AnalyticsService}
I/ActivityManager(  379):   Force stopping service ServiceRecord{41e32720 u0 com.google.android.gms/com.google.android.location.geocode.GeocodeService}
I/ActivityManager(  379):   Force stopping service ServiceRecord{41bcc668 u0 com.google.android.gms/com.google.android.location.internal.server.GoogleLocationService}
I/ActivityManager(  379):   Force stopping service ServiceRecord{41ca79f0 u0 com.google.android.gms/com.google.android.location.reporting.service.DispatchingService}
I/InputReader(  379): Reconfiguring input devices.  changes=0x00000010
I/iu.UploadsManager( 1570): num queued entries: 0
I/iu.UploadsManager( 1570): num updated entries: 0
I/iu.SyncManager( 1570): NEXT; no task
D/CacheService( 1461): onDestroy
D/PicasaSyncManager( 1536): reject PrefetchScreenNail (***************************) because master auto sync is off
D/PicasaSyncManager( 1536): reject PrefetchScreenNail (***************************) because master auto sync is off
I/iu.FingerprintManager( 1570): Start processing all media
I/InternalIcingCorporaPro(  911): Updating corpora: APPS=com.google.android.gms, CONTACTS=MAYBE
I/ActivityManager(  379): Start proc com.google.process.gapps for broadcast com.google.android.gms/.app.receiver.SystemBroadcastReceiver: pid=1622 uid=10011 gids={50011, 3003, 1007, 1028, 1015, 1006, 3002, 3001, 2001, 3006}
E/.AppDataSearchProvider(  911): Could not connect to AppDataSearchClient for registerCorpora, error 12
W/InternalIcingCorporaPro(  911): Corpora registration failed
I/iu.FingerprintManager( 1570): Start processing media store URI: content://media/external/images/media
I/MultiDex( 1622): load(/data/app/com.google.android.gms-2.apk, forceReload=false)
D/dalvikvm( 1622): GC_CONCURRENT freed 170K, 3% free 8958K/9156K, paused 2ms+2ms, total 18ms
I/MultiDex( 1622): Need extracted file /data/data/com.google.android.gms/files/secondary-dexes/com.google.android.gms-2.apk.classes2.zip
I/MultiDex( 1622): No extraction needed for /data/data/com.google.android.gms/files/secondary-dexes/com.google.android.gms-2.apk.classes2.zip of size 1809539
I/iu.FingerprintManager( 1570): Start processing media store URI: content://media/external/video/media
D/dalvikvm( 1570): GC_CONCURRENT freed 429K, 5% free 9012K/9468K, paused 3ms+1ms, total 25ms
I/iu.FingerprintManager( 1570): Start processing media store URI: content://media/phoneStorage/images/media
I/iu.FingerprintManager( 1570): Start processing media store URI: content://media/phoneStorage/video/media
I/iu.FingerprintManager( 1570): Finished generating fingerprints; 0.220 seconds
I/iu.FingerprintManager( 1570):   numSeen=258 numGenerated=0 numDeleted=0 numFailed=0
I/GservicesProvider( 1622): Gservices pushing to system: true; secure/global: true
I/InternalIcingCorporaPro(  911): UpdateCorporaTask done [took 205 ms] updated apps [took 205 ms] 
D/dalvikvm(  611): GC_CONCURRENT freed 1697K, 11% free 14721K/16444K, paused 2ms+3ms, total 27ms
D/dalvikvm( 1622): GC_CONCURRENT freed 196K, 3% free 9202K/9428K, paused 3ms+7ms, total 23ms
I/ActivityManager(  379): Start proc com.google.android.gms for service com.google.android.gms/.app.service.PackageBroadcastService: pid=1637 uid=10011 gids={50011, 3003, 1007, 1028, 1015, 1006, 3002, 3001, 2001, 3006}
I/MultiDex( 1637): load(/data/app/com.google.android.gms-2.apk, forceReload=false)
D/dalvikvm( 1637): GC_CONCURRENT freed 161K, 3% free 8943K/9132K, paused 3ms+2ms, total 32ms
I/MultiDex( 1637): Need extracted file /data/data/com.google.android.gms/files/secondary-dexes/com.google.android.gms-2.apk.classes2.zip
I/MultiDex( 1637): No extraction needed for /data/data/com.google.android.gms/files/secondary-dexes/com.google.android.gms-2.apk.classes2.zip of size 1809539
I/GCM     ( 1622): GCM config loaded
D/GCM     ( 1622): GcmService start Intent { act=com.google.android.gms.INITIALIZE flg=0x10 pkg=com.google.android.gms cmp=com.google.android.gms/.gcm.GcmService } com.google.android.gms.INITIALIZE
D/PackageBroadcastService( 1637): Received broadcast action=android.intent.action.PACKAGE_CHANGED and uri=com.google.android.gms
E/dalvikvm( 1637): Could not find class 'android.app.AppOpsManager', referenced from method buw.a
W/dalvikvm( 1637): VFY: unable to resolve check-cast 301 (Landroid/app/AppOpsManager;) in Lbuw;
D/dalvikvm( 1637): VFY: replacing opcode 0x1f at 0x000e
I/PackageBroadcastService( 1637): Null package name or gms related package.  Ignoreing.
I/dalvikvm( 1637): Could not find method android.app.admin.DevicePolicyManager.isDeviceOwnerApp, referenced from method com.google.android.gms.init.InitializeIntentService.onHandleIntent
W/dalvikvm( 1637): VFY: unable to resolve virtual method 1451: Landroid/app/admin/DevicePolicyManager;.isDeviceOwnerApp (Ljava/lang/String;)Z
D/dalvikvm( 1637): VFY: replacing opcode 0x6e at 0x00df
D/GCM     ( 1622): GcmService start Intent { act=com.google.android.gms.INITIALIZE flg=0x10 pkg=com.google.android.gms cmp=com.google.android.gms/.gcm.GcmService } com.google.android.gms.INITIALIZE
D/dalvikvm( 1637): GC_CONCURRENT freed 225K, 3% free 9142K/9400K, paused 6ms+5ms, total 26ms
D/dalvikvm( 1637): Trying to load lib /data/app-lib/com.google.android.gms-2/libAppDataSearch.so 0x41494e88
D/dalvikvm( 1637): Added shared lib /data/app-lib/com.google.android.gms-2/libAppDataSearch.so 0x41494e88
D/dalvikvm( 1637): No JNI_OnLoad found in /data/app-lib/com.google.android.gms-2/libAppDataSearch.so 0x41494e88, skipping init
I/Icing   ( 1637): Storage manager: low false usage 6.74MB avail 7.33GB capacity 23.93GB
I/PowerManagerService(  379): Going to sleep by user request...
D/PermissionCache(  126): checking android.permission.READ_FRAME_BUFFER for uid=1000 => granted (213 us)
D/dalvikvm( 1637): GC_CONCURRENT freed 644K, 8% free 8901K/9572K, paused 6ms+8ms, total 37ms
W/GooglePlayServicesUtil( 1637): Certificate is not yet valid.
W/GooglePlayServicesUtil( 1637): Certificate is not yet valid.
W/GooglePlayServicesUtil( 1637): Certificate is not yet valid.
W/GooglePlayServicesUtil( 1637): Certificate is not yet valid.
W/GooglePlayServicesUtil( 1637): Certificate is not yet valid.
W/GooglePlayServicesUtil( 1637): Certificate is not yet valid.
W/GooglePlayServicesUtil( 1637): Certificate is not yet valid.
W/GooglePlayServicesUtil( 1637): Certificate is not yet valid.
W/GooglePlayServicesUtil( 1637): Certificate is not yet valid.
D/dalvikvm( 1637): GC_CONCURRENT freed 363K, 7% free 8958K/9572K, paused 3ms+2ms, total 21ms
I/Icing   ( 1637): Internal init done: storage state 0
E/Icing   ( 1637): Logging connection failed
I/Icing   ( 1637): Post-init done
W/GooglePlayServicesUtil( 1637): Certificate is not yet valid.
W/GooglePlayServicesUtil( 1637): Certificate is not yet valid.
I/ActivityManager(  379): No longer want com.google.android.youtube (pid 1226): empty #17
I/WindowManager(  379): Lock screen displayed!
D/LightsService(  379): Excessive delay setting light: 95ms
D/SurfaceFlinger(  126): Screen released, type=0 flinger=0x4149d318
D/dalvikvm(  379): GC_CONCURRENT freed 981K, 13% free 19499K/22196K, paused 4ms+10ms, total 99ms
D/dalvikvm(  379): WAIT_FOR_CONCURRENT_GC blocked 92ms
I/GAV2    ( 1570): Thread[GAThread,5,main]: No campaign data found.
W/SocketClient(  123): write error (Broken pipe)
E/PlayEventLogger( 1286): Upload failed class java.net.UnknownHostException(Unable to resolve host "play.googleapis.com": No address associated with hostname)
W/Finsky  ( 1286): [1] LibraryUpdateListener.onErrorResponse: Library replication failed: com.android.volley.NoConnectionError: java.net.UnknownHostException: Unable to resolve host "android.clients.google.com": No address associated with hostname
W/Finsky  ( 1286): [1] LibraryUpdateListener.onErrorResponse: Library replication failed: com.android.volley.NoConnectionError: java.net.UnknownHostException: Unable to resolve host "android.clients.google.com": No address associated with hostname
D/Finsky  ( 1286): [1] CheckWifiAndAutoUpdate.cancelCheck: Cancelling auto-update wifi check.
D/dalvikvm( 1286): GC_CONCURRENT freed 302K, 4% free 9331K/9660K, paused 4ms+4ms, total 28ms
W/Finsky  ( 1286): [1] 2.onErrorResponse: Update check failed: com.android.volley.NoConnectionError: java.net.UnknownHostException: Unable to resolve host "android.clients.google.com": No address associated with hostname
D/Finsky  ( 1286): [1] DailyHygiene.flushEventLogsAndContinue: Flushing event logs for [NXc-S7wTgYh6NHr0HeW1L0cNTKc]
D/Finsky  ( 1286): [1] DailyHygiene.flushEventLogsAndContinue: Flushing event logs for [WEiJMfq6N1ycN70wWT5X0WvPgwI]
D/dalvikvm( 1286): GC_CONCURRENT freed 479K, 6% free 9320K/9828K, paused 4ms+6ms, total 53ms
D/Finsky  ( 1286): [1] DailyHygiene.reschedule: Scheduling new run in 9 minutes (failures=1)
D/InitAlarmsService( 1364): Clearing and rescheduling alarms.
I/ActivityManager(  379): Start proc com.google.process.location for service com.google.android.location/.NetworkLocationService: pid=1720 uid=10011 gids={50011, 3003, 1007, 1028, 1015, 1006, 3002, 3001, 2001, 3006}
D/NetworkLocationClient( 1720): binding to Intent { act=com.google.android.location.internal.ANDROID_NLP pkg=com.google.android.location }
I/gmmInternalNlpService( 1720): internal NLP onStart(com.google.android.location.internal.ANDROID_NLP) com.google.android.location
D/NetworkLocationClient( 1720): onServiceConnected to ComponentInfo{com.google.android.location/com.google.android.location.internal.server.NetworkLocationService}
D/dalvikvm( 1720): GC_CONCURRENT freed 214K, 3% free 8834K/9072K, paused 4ms+4ms, total 29ms
D/dalvikvm( 1720): GC_CONCURRENT freed 132K, 2% free 9177K/9340K, paused 2ms+4ms, total 25ms
D/dalvikvm( 1720): GC_CONCURRENT freed 644K, 8% free 8945K/9620K, paused 3ms+21ms, total 73ms
I/MultiDex( 1720): load(/data/app/com.google.android.gms-2.apk, forceReload=false)
W/Settings( 1720): Setting airplane_mode_on has moved from android.provider.Settings.System to android.provider.Settings.Global, returning read-only value.
D/dalvikvm( 1720): GC_CONCURRENT freed 192K, 5% free 9206K/9620K, paused 4ms+4ms, total 24ms
I/MultiDex( 1720): Need extracted file /data/data/com.google.android.gms/files/secondary-dexes/com.google.android.gms-2.apk.classes2.zip
I/MultiDex( 1720): No extraction needed for /data/data/com.google.android.gms/files/secondary-dexes/com.google.android.gms-2.apk.classes2.zip of size 1809539
I/GCoreUlr( 1720): Starting service, intent=Intent { act=com.google.android.location.reporting.ACTION_UPDATE_WORLD cmp=com.google.android.gms/com.google.android.location.reporting.service.DispatchingService (has extras) }, extras=Bundle[{receiverAction=com.google.android.location.internal.server.ACTION_RESTARTED}]
D/GCM     ( 1622): GcmService start Intent { act=com.google.android.gms.INITIALIZE flg=0x10 pkg=com.google.android.gms cmp=com.google.android.gms/.gcm.GcmService } com.google.android.gms.INITIALIZE
E/GCoreUlr( 1720): Error deleting /data/data/com.google.android.gms/files/flog
E/GCoreUlr( 1720): Error deleting /data/data/com.google.android.gms/files/flog
I/GCoreUlr( 1720): DispatchingService.onCreate()
D/dalvikvm( 1720): GC_CONCURRENT freed 201K, 3% free 9407K/9640K, paused 2ms+6ms, total 22ms
E/GCoreUlr( 1720): Error deleting /data/data/com.google.android.gms/files/flog
E/GCoreUlr( 1720): Error deleting /data/data/com.google.android.gms/files/flog
E/GCoreUlr( 1720): Error deleting /data/data/com.google.android.gms/files/flog
E/GCoreUlr( 1720): Error deleting /data/data/com.google.android.gms/files/flog
E/GCoreUlr( 1720): Error deleting /data/data/com.google.android.gms/files/flog
E/GCoreUlr( 1720): Error deleting /data/data/com.google.android.gms/files/flog
D/dalvikvm( 1720): GC_CONCURRENT freed 669K, 8% free 9162K/9860K, paused 3ms+4ms, total 28ms
I/dalvikvm( 1720): Could not find method android.app.AlarmManager.setExact, referenced from method jbe.a
W/dalvikvm( 1720): VFY: unable to resolve virtual method 615: Landroid/app/AlarmManager;.setExact (IJLandroid/app/PendingIntent;)V
D/dalvikvm( 1720): VFY: replacing opcode 0x6e at 0x0043
E/GCoreUlr( 1720): Error deleting /data/data/com.google.android.gms/files/flog
E/GCoreUlr( 1720): Error deleting /data/data/com.google.android.gms/files/flog
E/GCoreUlr( 1720): Error deleting /data/data/com.google.android.gms/files/flog
E/GCoreUlr( 1720): Error deleting /data/data/com.google.android.gms/files/flog
E/GCoreUlr( 1720): Error deleting /data/data/com.google.android.gms/files/flog
E/GCoreUlr( 1720): Error deleting /data/data/com.google.android.gms/files/flog
E/GCoreUlr( 1720): Error deleting /data/data/com.google.android.gms/files/flog
E/GCoreUlr( 1720): Error deleting /data/data/com.google.android.gms/files/flog
E/GCoreUlr( 1720): Error deleting /data/data/com.google.android.gms/files/flog
E/GCoreUlr( 1720): Error deleting /data/data/com.google.android.gms/files/flog
E/GCoreUlr( 1720): Error deleting /data/data/com.google.android.gms/files/flog
E/GCoreUlr( 1720): Error deleting /data/data/com.google.android.gms/files/flog
E/GCoreUlr( 1720): Error deleting /data/data/com.google.android.gms/files/flog
E/GCoreUlr( 1720): Error deleting /data/data/com.google.android.gms/files/flog
E/GCoreUlr( 1720): Error deleting /data/data/com.google.android.gms/files/flog
E/GCoreUlr( 1720): Error deleting /data/data/com.google.android.gms/files/flog
E/GCoreUlr( 1720): Error deleting /data/data/com.google.android.gms/files/flog
E/GCoreUlr( 1720): Error deleting /data/data/com.google.android.gms/files/flog
